<html>
<body>
<pre>
<h1>�Vision Build Log</h1>
<h2>Tool Versions:</h2>
IDE-Version: ��Vision V5.14.0.0
Copyright (C) 2015 ARM Ltd and ARM Germany GmbH. All rights reserved.
License Information: eqweqwe qeqeqwe, qeqeqe, LIC=CRMWF-6H4HQ-068QU-S7058-Z1PVD-3LPK8
 
Tool Versions:
Toolchain:       MDK-ARM Professional  Version: 5.14.0.0
Toolchain Path:  D:\Keil_v5\ARM\ARMCC\Bin
C Compiler:      Armcc.exe V5.05 update 1 (build 106)
Assembler:       Armasm.exe V5.05 update 1 (build 106)
Linker/Locator:  ArmLink.exe V5.05 update 1 (build 106)
Library Manager: ArmAr.exe V5.05 update 1 (build 106)
Hex Converter:   FromElf.exe V5.05 update 1 (build 106)
CPU DLL:         SARMCM3.DLL V5.14.0.0
Dialog DLL:      DCM.DLL V1.13.1.0
Target DLL:      CMSIS_AGDI.dll V1.21.0.0
Dialog DLL:      TCM.DLL V1.14.4.0
 
<h2>Project:</h2>
D:\ARM\demo\Template\Project.uvprojx
Project File Date:  03/16/2023

<h2>Output:</h2>
Rebuild target 'Target 1'
compiling core_cm3.c...
compiling system_stm32f10x.c...
assembling startup_stm32f10x_md.s...
compiling misc.c...
compiling stm32f10x_adc.c...
compiling stm32f10x_bkp.c...
compiling stm32f10x_can.c...
compiling stm32f10x_cec.c...
compiling stm32f10x_crc.c...
compiling stm32f10x_dac.c...
compiling stm32f10x_dbgmcu.c...
compiling stm32f10x_dma.c...
compiling stm32f10x_exti.c...
compiling stm32f10x_flash.c...
compiling stm32f10x_fsmc.c...
compiling stm32f10x_gpio.c...
compiling stm32f10x_i2c.c...
compiling stm32f10x_iwdg.c...
compiling stm32f10x_pwr.c...
compiling stm32f10x_rcc.c...
compiling stm32f10x_rtc.c...
compiling stm32f10x_sdio.c...
compiling stm32f10x_spi.c...
compiling stm32f10x_tim.c...
compiling stm32f10x_usart.c...
compiling stm32f10x_wwdg.c...
compiling Delay.c...
compiling sys.c...
compiling Key.c...
compiling LED.c...
compiling Dht11.c...
compiling Serial2.c...
compiling esp8266.c...
compiling Ring_queue.c...
compiling Serial3.c...
compiling Serial.c...
compiling sgp30.c...
compiling MqttKit.c...
compiling onenet.c...
Hardware\onenet.c(92): warning:  #940-D: missing return statement at end of non-void function "OneNet_DevLink"
  }
Hardware\onenet.c: 1 warning, 0 errors
compiling cJSON.c...
Hardware\cJSON.c(55): warning:  #1293-D: assignment in condition
        if (!(copy = (char*)cJSON_malloc(len))) return 0;
Hardware\cJSON.c(278): warning:  #1293-D: assignment in condition
        ptr=str;while ((token=*ptr) && ++len) {if (strchr("\"\\\b\f\n\r\t",token)) len++; else if (token<32) len+=5;ptr++;}
Hardware\cJSON.c(352): warning:  #111-D: statement is unreachable
        return p.buffer;
Hardware\cJSON.c(423): warning:  #1293-D: assignment in condition
                if (!(new_item=cJSON_New_Item())) return 0;     /* memory fail */
Hardware\cJSON.c(535): warning:  #1293-D: assignment in condition
                if (!(new_item=cJSON_New_Item()))       return 0; /* memory fail */
Hardware\cJSON.c: 5 warnings, 0 errors
compiling gui.c...
compiling oled.c...
compiling SPI.c...
compiling main.c...
User\main.c(50): warning:  #550-D: variable "ret" was set but never used
        uint8_t ret;       //用于读取温湿度数�?                ^
User\main.c: 1 warning, 0 errors
compiling stm32f10x_it.c...
linking...
Program Size: Code=22354 RO-data=4646 RW-data=84 ZI-data=3476  
FromELF: creating hex file...
".\OBJ\Project.axf" - 0 Error(s), 7 Warning(s).

<h2>Collection of Component include folders:</h2>
  D:\ARM\demo\Template\RTE
  D:\Keil_v5\ARM\PACK\Keil\STM32F1xx_DFP\2.2.0

<h2>Collection of Component Files used:</h2>
</pre>
</body>
</html>
