<html>
<body>
<pre>
<h1>µVision Build Log</h1>
<h2>Tool Versions:</h2>
IDE-Version: ¦ÌVision V5.14.0.0
Copyright (C) 2015 ARM Ltd and ARM Germany GmbH. All rights reserved.
License Information: eqweqwe qeqeqwe, qeqeqe, LIC=CRMWF-6H4HQ-068QU-S7058-Z1PVD-3LPK8
 
Tool Versions:
Toolchain:       MDK-ARM Professional  Version: 5.14.0.0
Toolchain Path:  D:\Keil_v5\ARM\ARMCC\Bin
C Compiler:      Armcc.exe V5.05 update 1 (build 106)
Assembler:       Armasm.exe V5.05 update 1 (build 106)
Linker/Locator:  ArmLink.exe V5.05 update 1 (build 106)
Library Manager: ArmAr.exe V5.05 update 1 (build 106)
Hex Converter:   FromElf.exe V5.05 update 1 (build 106)
CPU DLL:         SARMCM3.DLL V5.14.0.0
Dialog DLL:      DCM.DLL V1.13.1.0
Target DLL:      CMSIS_AGDI.dll V1.21.0.0
Dialog DLL:      TCM.DLL V1.14.4.0
 
<h2>Project:</h2>
D:\ØíÃ«\×ÀÃæ\±ÏÉè\´úÂë\×îÖÕ°æ\Template\Project.uvprojx
Project File Date:  05/21/2023

<h2>Output:</h2>
Build target 'Target 1'
compiling main.c...
User\main.c(55): warning:  #550-D: variable "ret" was set but never used
        uint8_t ret;       //ç”¨äºè¯»å–æ¸©æ¹¿åº¦æ•°æ?                ^
User\main.c: 1 warning, 0 errors
linking...
Program Size: Code=23874 RO-data=4646 RW-data=92 ZI-data=3476  
FromELF: creating hex file...
".\OBJ\Project.axf" - 0 Error(s), 1 Warning(s).

<h2>Collection of Component include folders:</h2>
  D:\ØíÃ«\×ÀÃæ\±ÏÉè\´úÂë\×îÖÕ°æ\Template\RTE
  D:\Keil_v5\ARM\PACK\Keil\STM32F1xx_DFP\2.2.0

<h2>Collection of Component Files used:</h2>
</pre>
</body>
</html>
