Component: ARM Compiler 5.05 update 1 (build 106) Tool: armlink [4d0efa]

==============================================================================

Section Cross References

    system_stm32f10x.o(i.SetSysClock) refers to system_stm32f10x.o(i.SetSysClockTo72) for SetSysClockTo72
    system_stm32f10x.o(i.SystemCoreClockUpdate) refers to system_stm32f10x.o(.data) for SystemCoreClock
    system_stm32f10x.o(i.SystemInit) refers to system_stm32f10x.o(i.SetSysClock) for SetSysClock
    startup_stm32f10x_md.o(RESET) refers to startup_stm32f10x_md.o(STACK) for __initial_sp
    startup_stm32f10x_md.o(RESET) refers to startup_stm32f10x_md.o(.text) for Reset_Handler
    startup_stm32f10x_md.o(RESET) refers to stm32f10x_it.o(i.NMI_Handler) for NMI_Handler
    startup_stm32f10x_md.o(RESET) refers to stm32f10x_it.o(i.HardFault_Handler) for HardFault_Handler
    startup_stm32f10x_md.o(RESET) refers to stm32f10x_it.o(i.MemManage_Handler) for MemManage_Handler
    startup_stm32f10x_md.o(RESET) refers to stm32f10x_it.o(i.BusFault_Handler) for BusFault_Handler
    startup_stm32f10x_md.o(RESET) refers to stm32f10x_it.o(i.UsageFault_Handler) for UsageFault_Handler
    startup_stm32f10x_md.o(RESET) refers to stm32f10x_it.o(i.SVC_Handler) for SVC_Handler
    startup_stm32f10x_md.o(RESET) refers to stm32f10x_it.o(i.DebugMon_Handler) for DebugMon_Handler
    startup_stm32f10x_md.o(RESET) refers to stm32f10x_it.o(i.PendSV_Handler) for PendSV_Handler
    startup_stm32f10x_md.o(RESET) refers to stm32f10x_it.o(i.SysTick_Handler) for SysTick_Handler
    startup_stm32f10x_md.o(RESET) refers to key.o(i.EXTI4_IRQHandler) for EXTI4_IRQHandler
    startup_stm32f10x_md.o(RESET) refers to key.o(i.EXTI9_5_IRQHandler) for EXTI9_5_IRQHandler
    startup_stm32f10x_md.o(RESET) refers to serial.o(i.USART1_IRQHandler) for USART1_IRQHandler
    startup_stm32f10x_md.o(RESET) refers to serial2.o(i.USART2_IRQHandler) for USART2_IRQHandler
    startup_stm32f10x_md.o(RESET) refers to esp8266.o(i.USART3_IRQHandler) for USART3_IRQHandler
    startup_stm32f10x_md.o(RESET) refers to key.o(i.EXTI15_10_IRQHandler) for EXTI15_10_IRQHandler
    startup_stm32f10x_md.o(.text) refers to system_stm32f10x.o(i.SystemInit) for SystemInit
    startup_stm32f10x_md.o(.text) refers to entry.o(.ARM.Collect$$$$00000000) for __main
    stm32f10x_adc.o(i.ADC_DeInit) refers to stm32f10x_rcc.o(i.RCC_APB2PeriphResetCmd) for RCC_APB2PeriphResetCmd
    stm32f10x_bkp.o(i.BKP_DeInit) refers to stm32f10x_rcc.o(i.RCC_BackupResetCmd) for RCC_BackupResetCmd
    stm32f10x_can.o(i.CAN_DeInit) refers to stm32f10x_rcc.o(i.RCC_APB1PeriphResetCmd) for RCC_APB1PeriphResetCmd
    stm32f10x_can.o(i.CAN_GetITStatus) refers to stm32f10x_can.o(i.CheckITStatus) for CheckITStatus
    stm32f10x_cec.o(i.CEC_DeInit) refers to stm32f10x_rcc.o(i.RCC_APB1PeriphResetCmd) for RCC_APB1PeriphResetCmd
    stm32f10x_dac.o(i.DAC_DeInit) refers to stm32f10x_rcc.o(i.RCC_APB1PeriphResetCmd) for RCC_APB1PeriphResetCmd
    stm32f10x_flash.o(i.FLASH_EnableWriteProtection) refers to stm32f10x_flash.o(i.FLASH_WaitForLastOperation) for FLASH_WaitForLastOperation
    stm32f10x_flash.o(i.FLASH_EraseAllBank1Pages) refers to stm32f10x_flash.o(i.FLASH_WaitForLastBank1Operation) for FLASH_WaitForLastBank1Operation
    stm32f10x_flash.o(i.FLASH_EraseAllPages) refers to stm32f10x_flash.o(i.FLASH_WaitForLastOperation) for FLASH_WaitForLastOperation
    stm32f10x_flash.o(i.FLASH_EraseOptionBytes) refers to stm32f10x_flash.o(i.FLASH_GetReadOutProtectionStatus) for FLASH_GetReadOutProtectionStatus
    stm32f10x_flash.o(i.FLASH_EraseOptionBytes) refers to stm32f10x_flash.o(i.FLASH_WaitForLastOperation) for FLASH_WaitForLastOperation
    stm32f10x_flash.o(i.FLASH_ErasePage) refers to stm32f10x_flash.o(i.FLASH_WaitForLastOperation) for FLASH_WaitForLastOperation
    stm32f10x_flash.o(i.FLASH_ProgramHalfWord) refers to stm32f10x_flash.o(i.FLASH_WaitForLastOperation) for FLASH_WaitForLastOperation
    stm32f10x_flash.o(i.FLASH_ProgramOptionByteData) refers to stm32f10x_flash.o(i.FLASH_WaitForLastOperation) for FLASH_WaitForLastOperation
    stm32f10x_flash.o(i.FLASH_ProgramWord) refers to stm32f10x_flash.o(i.FLASH_WaitForLastOperation) for FLASH_WaitForLastOperation
    stm32f10x_flash.o(i.FLASH_ReadOutProtection) refers to stm32f10x_flash.o(i.FLASH_WaitForLastOperation) for FLASH_WaitForLastOperation
    stm32f10x_flash.o(i.FLASH_UserOptionByteConfig) refers to stm32f10x_flash.o(i.FLASH_WaitForLastOperation) for FLASH_WaitForLastOperation
    stm32f10x_flash.o(i.FLASH_WaitForLastBank1Operation) refers to stm32f10x_flash.o(i.FLASH_GetBank1Status) for FLASH_GetBank1Status
    stm32f10x_flash.o(i.FLASH_WaitForLastOperation) refers to stm32f10x_flash.o(i.FLASH_GetBank1Status) for FLASH_GetBank1Status
    stm32f10x_gpio.o(i.GPIO_AFIODeInit) refers to stm32f10x_rcc.o(i.RCC_APB2PeriphResetCmd) for RCC_APB2PeriphResetCmd
[...]
    .text                                    0x080005ae   Section        0  llshl.o(.text)
    .text                                    0x080005cc   Section        0  llushr.o(.text)
    .text                                    0x080005ec   Section        0  llsshr.o(.text)
    .text                                    0x08000610   Section        0  strtol.o(.text)
    .text                                    0x08000680   Section        0  depilogue.o(.text)
    .text                                    0x08000680   Section        0  iusefp.o(.text)
    .text                                    0x0800073a   Section        0  ddiv.o(.text)
    .text                                    0x08000818   Section        0  dscalb.o(.text)
    .text                                    0x08000846   Section        0  dfixul.o(.text)
    .text                                    0x08000878   Section       36  init.o(.text)
    .text                                    0x0800089c   Section        0  ctype_o.o(.text)
    .text                                    0x080008a4   Section        0  _strtoul.o(.text)
    .text                                    0x08000942   Section        0  dsqrt.o(.text)
    .text                                    0x080009e4   Section        0  _chval.o(.text)
    i.BusFault_Handler                       0x08000a00   Section        0  stm32f10x_it.o(i.BusFault_Handler)
    i.DHT11_Check                            0x08000a04   Section        0  dht11.o(i.DHT11_Check)
    i.DHT11_Init                             0x08000a60   Section        0  dht11.o(i.DHT11_Init)
    i.DHT11_Pin_Mode                         0x08000a8c   Section        0  dht11.o(i.DHT11_Pin_Mode)
    i.DHT11_RecBit                           0x08000ab0   Section        0  dht11.o(i.DHT11_RecBit)
    i.DHT11_RecByte                          0x08000b08   Section        0  dht11.o(i.DHT11_RecByte)
    i.DHT11_RecData                          0x08000b26   Section        0  dht11.o(i.DHT11_RecData)
    i.DHT11_Start                            0x08000b94   Section        0  dht11.o(i.DHT11_Start)
    i.DebugMon_Handler                       0x08000bc0   Section        0  stm32f10x_it.o(i.DebugMon_Handler)
    i.ESP8266_Clear                          0x08000bc4   Section        0  esp8266.o(i.ESP8266_Clear)
    i.ESP8266_GetIPD                         0x08000be0   Section        0  esp8266.o(i.ESP8266_GetIPD)
    i.ESP8266_Init                           0x08000c70   Section        0  esp8266.o(i.ESP8266_Init)
    i.ESP8266_SendCmd                        0x08000e54   Section        0  esp8266.o(i.ESP8266_SendCmd)
    i.ESP8266_SendData                       0x08000e94   Section        0  esp8266.o(i.ESP8266_SendData)
    i.ESP8266_WaitRecive                     0x08000ed4   Section        0  esp8266.o(i.ESP8266_WaitRecive)
    i.EXTI15_10_IRQHandler                   0x08000f08   Section        0  key.o(i.EXTI15_10_IRQHandler)
    i.EXTI4_IRQHandler                       0x08000f6c   Section        0  key.o(i.EXTI4_IRQHandler)
    i.EXTI9_5_IRQHandler                     0x08000fa4   Section        0  key.o(i.EXTI9_5_IRQHandler)
    i.EXTI_ClearITPendingBit                 0x08000ffc   Section        0  stm32f10x_exti.o(i.EXTI_ClearITPendingBit)
    i.EXTI_GetITStatus                       0x08001008   Section        0  stm32f10x_exti.o(i.EXTI_GetITStatus)
    i.EXTI_Init                              0x08001030   Section        0  stm32f10x_exti.o(i.EXTI_Init)
    i.EXTIx_Init                             0x080010c4   Section        0  key.o(i.EXTIx_Init)
    i.Fan_Init                               0x080011b4   Section        0  fan.o(i.Fan_Init)
    i.GPIO_EXTILineConfig                    0x080011e8   Section        0  stm32f10x_gpio.o(i.GPIO_EXTILineConfig)
    i.GPIO_Init                              0x08001228   Section        0  stm32f10x_gpio.o(i.GPIO_Init)
    i.GPIO_PinRemapConfig                    0x08001340   Section        0  stm32f10x_gpio.o(i.GPIO_PinRemapConfig)
    i.GPIO_ReadInputDataBit                  0x080013d0   Section        0  stm32f10x_gpio.o(i.GPIO_ReadInputDataBit)
    i.GPIO_ResetBits                         0x080013e2   Section        0  stm32f10x_gpio.o(i.GPIO_ResetBits)
    i.GPIO_SetBits                           0x080013e6   Section        0  stm32f10x_gpio.o(i.GPIO_SetBits)
    i.GUI_ShowChar                           0x080013ec   Section        0  gui.o(i.GUI_ShowChar)
    i.GUI_ShowNum                            0x080014fc   Section        0  gui.o(i.GUI_ShowNum)
    i.GUI_ShowString                         0x080015a6   Section        0  gui.o(i.GUI_ShowString)
    i.HardFault_Handler                      0x08001614   Section        0  stm32f10x_it.o(i.HardFault_Handler)
    i.Key_Init                               0x08001618   Section        0  key.o(i.Key_Init)
    i.LED2_OFF                               0x08001680   Section        0  led.o(i.LED2_OFF)
    i.LED2_ON                                0x08001694   Section        0  led.o(i.LED2_ON)
    i.LED_Init                               0x080016a8   Section        0  led.o(i.LED_Init)
    i.MQTT_DeleteBuffer                      0x080016d4   Section        0  mqttkit.o(i.MQTT_DeleteBuffer)
    i.MQTT_DumpLength                        0x080016f0   Section        0  mqttkit.o(i.MQTT_DumpLength)
    i.MQTT_NewBuffer                         0x0800171e   Section        0  mqttkit.o(i.MQTT_NewBuffer)
    i.MQTT_PacketCmdResp                     0x08001778   Section        0  mqttkit.o(i.MQTT_PacketCmdResp)
    i.MQTT_PacketConnect                     0x08001804   Section        0  mqttkit.o(i.MQTT_PacketConnect)
    i.MQTT_PacketPublish                     0x08001aa4   Section        0  mqttkit.o(i.MQTT_PacketPublish)
    i.MQTT_PacketPublishComp                 0x08001c5c   Section        0  mqttkit.o(i.MQTT_PacketPublishComp)
    i.MQTT_PacketPublishRel                  0x08001ca4   Section        0  mqttkit.o(i.MQTT_PacketPublishRel)
    i.MQTT_PacketSubscribe                   0x08001cec   Section        0  mqttkit.o(i.MQTT_PacketSubscribe)
    i.MQTT_ReadLength                        0x08001dea   Section        0  mqttkit.o(i.MQTT_ReadLength)
    i.MQTT_UnPacketCmd                       0x08001e30   Section        0  mqttkit.o(i.MQTT_UnPacketCmd)
    i.MQTT_UnPacketConnectAck                0x08001ebc   Section        0  mqttkit.o(i.MQTT_UnPacketConnectAck)
    i.MQTT_UnPacketPublish                   0x08001edc   Section        0  mqttkit.o(i.MQTT_UnPacketPublish)
    i.MQTT_UnPacketPublishAck                0x0800209c   Section        0  mqttkit.o(i.MQTT_UnPacketPublishAck)
    i.MQTT_UnPacketPublishComp               0x080020ba   Section        0  mqttkit.o(i.MQTT_UnPacketPublishComp)
    i.MQTT_UnPacketPublishRec                0x080020d8   Section        0  mqttkit.o(i.MQTT_UnPacketPublishRec)
    i.MQTT_UnPacketPublishRel                0x080020f6   Section        0  mqttkit.o(i.MQTT_UnPacketPublishRel)
    i.MQTT_UnPacketRecv                      0x0800211c   Section        0  mqttkit.o(i.MQTT_UnPacketRecv)
    i.MQTT_UnPacketSubscribe                 0x08002190   Section        0  mqttkit.o(i.MQTT_UnPacketSubscribe)
    i.MQTT_UnPacketUnSubscribe               0x080021c4   Section        0  mqttkit.o(i.MQTT_UnPacketUnSubscribe)
    i.MemManage_Handler                      0x080021d6   Section        0  stm32f10x_it.o(i.MemManage_Handler)
    i.NMI_Handler                            0x080021da   Section        0  stm32f10x_it.o(i.NMI_Handler)
    i.NVIC_Init                              0x080021dc   Section        0  misc.o(i.NVIC_Init)
    i.NVIC_PriorityGroupConfig               0x0800224c   Section        0  misc.o(i.NVIC_PriorityGroupConfig)
    i.OLED_Clear                             0x08002260   Section        0  oled.o(i.OLED_Clear)
    i.OLED_Display                           0x08002288   Section        0  oled.o(i.OLED_Display)
    i.OLED_Init                              0x080022d0   Section        0  oled.o(i.OLED_Init)
    i.OLED_Init_GPIO                         0x080023ac   Section        0  oled.o(i.OLED_Init_GPIO)
    i.OLED_Set_Pixel                         0x08002404   Section        0  oled.o(i.OLED_Set_Pixel)
    i.OLED_WR_Byte                           0x08002484   Section        0  oled.o(i.OLED_WR_Byte)
    i.OneNet_DevLink                         0x080024c4   Section        0  onenet.o(i.OneNet_DevLink)
    i.OneNet_Publish                         0x080026fc   Section        0  onenet.o(i.OneNet_Publish)
    i.OneNet_RevPro                          0x08002778   Section        0  onenet.o(i.OneNet_RevPro)
    i.OneNet_Subscribe                       0x08002c34   Section        0  onenet.o(i.OneNet_Subscribe)
    i.PendSV_Handler                         0x08002ca0   Section        0  stm32f10x_it.o(i.PendSV_Handler)
    i.Queue_IfFull                           0x08002ca2   Section        0  ring_queue.o(i.Queue_IfFull)
    i.Queue_Init                             0x08002cb4   Section        0  ring_queue.o(i.Queue_Init)
    i.Queue_Put                              0x08002cd6   Section        0  ring_queue.o(i.Queue_Put)
    i.RCC_APB1PeriphClockCmd                 0x08002d0c   Section        0  stm32f10x_rcc.o(i.RCC_APB1PeriphClockCmd)
    i.RCC_APB1PeriphResetCmd                 0x08002d2c   Section        0  stm32f10x_rcc.o(i.RCC_APB1PeriphResetCmd)
    i.RCC_APB2PeriphClockCmd                 0x08002d4c   Section        0  stm32f10x_rcc.o(i.RCC_APB2PeriphClockCmd)
    i.RCC_APB2PeriphResetCmd                 0x08002d6c   Section        0  stm32f10x_rcc.o(i.RCC_APB2PeriphResetCmd)
    i.RCC_GetClocksFreq                      0x08002d8c   Section        0  stm32f10x_rcc.o(i.RCC_GetClocksFreq)
    i.SDA_IN                                 0x08002e60   Section        0  sgp30.o(i.SDA_IN)
    i.SDA_OUT                                0x08002e84   Section        0  sgp30.o(i.SDA_OUT)
    i.SGP30_GPIO_Init                        0x08002ea8   Section        0  sgp30.o(i.SGP30_GPIO_Init)
    i.SGP30_IIC_Ack                          0x08002ee0   Section        0  sgp30.o(i.SGP30_IIC_Ack)
    i.SGP30_IIC_NAck                         0x08002f18   Section        0  sgp30.o(i.SGP30_IIC_NAck)
    i.SGP30_IIC_Read_Byte                    0x08002f50   Section        0  sgp30.o(i.SGP30_IIC_Read_Byte)
    i.SGP30_IIC_Send_Byte                    0x08002fb4   Section        0  sgp30.o(i.SGP30_IIC_Send_Byte)
    i.SGP30_IIC_Start                        0x08003018   Section        0  sgp30.o(i.SGP30_IIC_Start)
    i.SGP30_IIC_Stop                         0x08003050   Section        0  sgp30.o(i.SGP30_IIC_Stop)
    i.SGP30_IIC_Wait_Ack                     0x08003084   Section        0  sgp30.o(i.SGP30_IIC_Wait_Ack)
    i.SGP30_Init                             0x080030dc   Section        0  sgp30.o(i.SGP30_Init)
    i.SGP30_Read                             0x080030ec   Section        0  sgp30.o(i.SGP30_Read)
    i.SGP30_Write                            0x08003134   Section        0  sgp30.o(i.SGP30_Write)
    i.SPI1_Init                              0x08003168   Section        0  spi.o(i.SPI1_Init)
    i.SPI_Cmd                                0x080031ec   Section        0  stm32f10x_spi.o(i.SPI_Cmd)
    i.SPI_Init                               0x08003204   Section        0  stm32f10x_spi.o(i.SPI_Init)
    i.SPI_WriteByte                          0x08003240   Section        0  spi.o(i.SPI_WriteByte)
    i.SVC_Handler                            0x08003262   Section        0  stm32f10x_it.o(i.SVC_Handler)
    i.Serial2_Init                           0x08003264   Section        0  serial2.o(i.Serial2_Init)
    i.Serial3_Init                           0x0800332c   Section        0  serial3.o(i.Serial3_Init)
    i.Serial3_SendByte                       0x080033f4   Section        0  serial3.o(i.Serial3_SendByte)
    i.Serial3_SendString                     0x08003414   Section        0  serial3.o(i.Serial3_SendString)
    i.Serial_Init                            0x08003430   Section        0  serial.o(i.Serial_Init)
    i.SetSysClock                            0x080034fc   Section        0  system_stm32f10x.o(i.SetSysClock)
    SetSysClock                              0x080034fd   Thumb Code     8  system_stm32f10x.o(i.SetSysClock)
    i.SetSysClockTo72                        0x08003504   Section        0  system_stm32f10x.o(i.SetSysClockTo72)
    SetSysClockTo72                          0x08003505   Thumb Code   214  system_stm32f10x.o(i.SetSysClockTo72)
    i.SysTick_CLKSourceConfig                0x080035e4   Section        0  misc.o(i.SysTick_CLKSourceConfig)
    i.SysTick_Handler                        0x0800360c   Section        0  stm32f10x_it.o(i.SysTick_Handler)
    i.SystemInit                             0x08003610   Section        0  system_stm32f10x.o(i.SystemInit)
    i.TIM4_PWM_Init                          0x08003670   Section        0  sg90.o(i.TIM4_PWM_Init)
    i.TIM_Cmd                                0x08003704   Section        0  stm32f10x_tim.o(i.TIM_Cmd)
    i.TIM_OC4Init                            0x0800371c   Section        0  stm32f10x_tim.o(i.TIM_OC4Init)
    i.TIM_OC4PreloadConfig                   0x08003798   Section        0  stm32f10x_tim.o(i.TIM_OC4PreloadConfig)
    i.TIM_SetCompare4                        0x080037b2   Section        0  stm32f10x_tim.o(i.TIM_SetCompare4)
    i.TIM_TimeBaseInit                       0x080037b8   Section        0  stm32f10x_tim.o(i.TIM_TimeBaseInit)
    i.USART1_IRQHandler                      0x0800385c   Section        0  serial.o(i.USART1_IRQHandler)
    i.USART2_IRQHandler                      0x080038a4   Section        0  serial2.o(i.USART2_IRQHandler)
    i.USART3_IRQHandler                      0x080038ec   Section        0  esp8266.o(i.USART3_IRQHandler)
    i.USART_ClearFlag                        0x08003938   Section        0  stm32f10x_usart.o(i.USART_ClearFlag)
    i.USART_ClearITPendingBit                0x0800394a   Section        0  stm32f10x_usart.o(i.USART_ClearITPendingBit)
    i.USART_Cmd                              0x08003968   Section        0  stm32f10x_usart.o(i.USART_Cmd)
    i.USART_DeInit                           0x08003980   Section        0  stm32f10x_usart.o(i.USART_DeInit)
    i.USART_GetFlagStatus                    0x08003a1c   Section        0  stm32f10x_usart.o(i.USART_GetFlagStatus)
    i.USART_GetITStatus                      0x08003a36   Section        0  stm32f10x_usart.o(i.USART_GetITStatus)
    i.USART_ITConfig                         0x08003a8a   Section        0  stm32f10x_usart.o(i.USART_ITConfig)
    i.USART_Init                             0x08003ad4   Section        0  stm32f10x_usart.o(i.USART_Init)
    i.USART_ReceiveData                      0x08003bac   Section        0  stm32f10x_usart.o(i.USART_ReceiveData)
    i.USART_SendData                         0x08003bb6   Section        0  stm32f10x_usart.o(i.USART_SendData)
    i.UsageFault_Handler                     0x08003bbe   Section        0  stm32f10x_it.o(i.UsageFault_Handler)
    i.Usart3_SendString                      0x08003bc4   Section        0  serial3.o(i.Usart3_SendString)
    i.UsartPrintf                            0x08003bf4   Section        0  serial2.o(i.UsartPrintf)
    i.__0printf                              0x08003c3c   Section        0  printfa.o(i.__0printf)
    i.__0sprintf                             0x08003c5c   Section        0  printfa.o(i.__0sprintf)
    i.__0vsnprintf                           0x08003c84   Section        0  printfa.o(i.__0vsnprintf)
    i.__ARM_fpclassify                       0x08003ca8   Section        0  fpclassify.o(i.__ARM_fpclassify)
    i.__aeabi_errno_addr                     0x08003cd0   Section        0  errno.o(i.__aeabi_errno_addr)
    i.__kernel_poly                          0x08003cd8   Section        0  poly.o(i.__kernel_poly)
    i.__mathlib_dbl_divzero                  0x08003d84   Section        0  dunder.o(i.__mathlib_dbl_divzero)
    i.__mathlib_dbl_infnan2                  0x08003d94   Section        0  dunder.o(i.__mathlib_dbl_infnan2)
    i.__mathlib_dbl_invalid                  0x08003d98   Section        0  dunder.o(i.__mathlib_dbl_invalid)
    i.__mathlib_dbl_overflow                 0x08003da4   Section        0  dunder.o(i.__mathlib_dbl_overflow)
    i.__mathlib_dbl_underflow                0x08003db4   Section        0  dunder.o(i.__mathlib_dbl_underflow)
    i.__scatterload_copy                     0x08003dc4   Section       14  handlers.o(i.__scatterload_copy)
    i.__scatterload_null                     0x08003dd2   Section        2  handlers.o(i.__scatterload_null)
    i.__scatterload_zeroinit                 0x08003dd4   Section       14  handlers.o(i.__scatterload_zeroinit)
    i.__set_errno                            0x08003de4   Section        0  errno.o(i.__set_errno)
    i._fp_digits                             0x08003df0   Section        0  printfa.o(i._fp_digits)
    _fp_digits                               0x08003df1   Thumb Code   334  printfa.o(i._fp_digits)
    i._printf_core                           0x08003f54   Section        0  printfa.o(i._printf_core)
    _printf_core                             0x08003f55   Thumb Code  1744  printfa.o(i._printf_core)
    i._printf_post_padding                   0x08004630   Section        0  printfa.o(i._printf_post_padding)
    _printf_post_padding                     0x08004631   Thumb Code    36  printfa.o(i._printf_post_padding)
    i._printf_pre_padding                    0x08004654   Section        0  printfa.o(i._printf_pre_padding)
    _printf_pre_padding                      0x08004655   Thumb Code    46  printfa.o(i._printf_pre_padding)
    i._snputc                                0x08004682   Section        0  printfa.o(i._snputc)
    _snputc                                  0x08004683   Thumb Code    22  printfa.o(i._snputc)
    i._sputc                                 0x08004698   Section        0  printfa.o(i._sputc)
    _sputc                                   0x08004699   Thumb Code    10  printfa.o(i._sputc)
    i.cJSON_Delete                           0x080046a4   Section        0  cjson.o(i.cJSON_Delete)
    i.cJSON_GetErrorPtr                      0x080046fc   Section        0  cjson.o(i.cJSON_GetErrorPtr)
    i.cJSON_GetObjectItem                    0x08004708   Section        0  cjson.o(i.cJSON_GetObjectItem)
    i.cJSON_New_Item                         0x08004728   Section        0  cjson.o(i.cJSON_New_Item)
    cJSON_New_Item                           0x08004729   Thumb Code    26  cjson.o(i.cJSON_New_Item)
    i.cJSON_Parse                            0x08004748   Section        0  cjson.o(i.cJSON_Parse)
    i.cJSON_ParseWithOpts                    0x08004758   Section        0  cjson.o(i.cJSON_ParseWithOpts)
    i.cJSON_strcasecmp                       0x080047bc   Section        0  cjson.o(i.cJSON_strcasecmp)
    cJSON_strcasecmp                         0x080047bd   Thumb Code    76  cjson.o(i.cJSON_strcasecmp)
    i.delay_init                             0x08004808   Section        0  delay.o(i.delay_init)
    i.delay_ms                               0x0800484c   Section        0  delay.o(i.delay_ms)
    i.delay_us                               0x08004898   Section        0  delay.o(i.delay_us)
    i.fputc                                  0x080048e4   Section        0  serial2.o(i.fputc)
    i.free                                   0x08004900   Section        0  malloc.o(i.free)
    i.main                                   0x08004950   Section        0  main.o(i.main)
    i.malloc                                 0x08004c7c   Section        0  malloc.o(i.malloc)
    i.mypow                                  0x08004ce8   Section        0  gui.o(i.mypow)
    mypow                                    0x08004ce9   Thumb Code    22  gui.o(i.mypow)
    i.parse_array                            0x08004d00   Section        0  cjson.o(i.parse_array)
    parse_array                              0x08004d01   Thumb Code   166  cjson.o(i.parse_array)
    i.parse_hex4                             0x08004dac   Section        0  cjson.o(i.parse_hex4)
    parse_hex4                               0x08004dad   Thumb Code   276  cjson.o(i.parse_hex4)
    i.parse_number                           0x08004ec0   Section        0  cjson.o(i.parse_number)
    parse_number                             0x08004ec1   Thumb Code   432  cjson.o(i.parse_number)
    i.parse_object                           0x0800507c   Section        0  cjson.o(i.parse_object)
    parse_object                             0x0800507d   Thumb Code   270  cjson.o(i.parse_object)
    i.parse_string                           0x08005190   Section        0  cjson.o(i.parse_string)
    parse_string                             0x08005191   Thumb Code   448  cjson.o(i.parse_string)
    i.parse_value                            0x0800535c   Section        0  cjson.o(i.parse_value)
    parse_value                              0x0800535d   Thumb Code   158  cjson.o(i.parse_value)
    i.pow                                    0x08005418   Section        0  pow.o(i.pow)
    i.skip                                   0x08005dd0   Section        0  cjson.o(i.skip)
    skip                                     0x08005dd1   Thumb Code    18  cjson.o(i.skip)
    i.sqrt                                   0x08005de2   Section        0  sqrt.o(i.sqrt)
    .constdata                               0x08005e2e   Section        7  cjson.o(.constdata)
    firstByteMark                            0x08005e2e   Data           7  cjson.o(.constdata)
    .constdata                               0x08005e35   Section     4048  gui.o(.constdata)
    .constdata                               0x08006e08   Section        8  main.o(.constdata)
    .constdata                               0x08006e10   Section      136  pow.o(.constdata)
    bp                                       0x08006e10   Data          16  pow.o(.constdata)
    dp_h                                     0x08006e20   Data          16  pow.o(.constdata)
    dp_l                                     0x08006e30   Data          16  pow.o(.constdata)
    L                                        0x08006e40   Data          48  pow.o(.constdata)
    P                                        0x08006e70   Data          40  pow.o(.constdata)
    .constdata                               0x08006e98   Section        8  qnan.o(.constdata)
    .constdata                               0x08006ea0   Section      129  ctype_o.o(.constdata)
    .constdata                               0x08006f24   Section        4  ctype_o.o(.constdata)
    table                                    0x08006f24   Data           4  ctype_o.o(.constdata)
    .conststring                             0x08006f28   Section       30  main.o(.conststring)
    .data                                    0x20000000   Section       20  system_stm32f10x.o(.data)
    .data                                    0x20000014   Section       20  stm32f10x_rcc.o(.data)
    APBAHBPrescTable                         0x20000014   Data          16  stm32f10x_rcc.o(.data)
    ADCPrescTable                            0x20000024   Data           4  stm32f10x_rcc.o(.data)
    .data                                    0x20000028   Section        4  delay.o(.data)
    fac_us                                   0x20000028   Data           1  delay.o(.data)
    fac_ms                                   0x2000002a   Data           2  delay.o(.data)
    .data                                    0x2000002c   Section        2  serial2.o(.data)
    .data                                    0x2000002e   Section        4  esp8266.o(.data)
    .data                                    0x20000032   Section        2  serial.o(.data)
    .data                                    0x20000034   Section        4  onenet.o(.data)
    pkt_id                                   0x20000036   Data           2  onenet.o(.data)
    .data                                    0x20000038   Section       12  cjson.o(.data)
    ep                                       0x20000038   Data           4  cjson.o(.data)
    cJSON_malloc                             0x2000003c   Data           4  cjson.o(.data)
    cJSON_free                               0x20000040   Data           4  cjson.o(.data)
    .data                                    0x20000044   Section        3  main.o(.data)
    .data                                    0x20000048   Section        4  rand.o(.data)
    _rand_state                              0x20000048   Data           4  rand.o(.data)
    .data                                    0x2000004c   Section        4  stdout.o(.data)
    .data                                    0x20000050   Section        4  mvars.o(.data)
    .data                                    0x20000054   Section        4  mvars.o(.data)
    .data                                    0x20000058   Section        4  errno.o(.data)
    _errno                                   0x20000058   Data           4  errno.o(.data)
    .bss                                     0x2000005c   Section      262  serial2.o(.bss)
    .bss                                     0x20000162   Section      128  esp8266.o(.bss)
    .bss                                     0x200001e2   Section      262  serial3.o(.bss)
    .bss                                     0x200002e8   Section      262  serial.o(.bss)
    .bss                                     0x200003ee   Section     1024  oled.o(.bss)
    OLED_buffer                              0x200003ee   Data        1024  oled.o(.bss)
    HEAP                                     0x200007f0   Section      512  startup_stm32f10x_md.o(HEAP)
    STACK                                    0x200009f0   Section     1024  startup_stm32f10x_md.o(STACK)

    Global Symbols

    Symbol Name                              Value     Ov Type        Size  Object(Section)

    BuildAttributes$$THM_ISAv4$P$D$K$B$S$PE$A:L22UL41UL21$X:L11$S22US41US21$IEEE1$IW$USESV6$~STKCKD$USESV7$~SHL$OTIME$ROPI$IEEEX$EBA8$MICROLIB$REQ8$PRES8$EABIv2 0x00000000   Number         0  anon$$obj.o ABSOLUTE
    __ARM_use_no_argv                        0x00000000   Number         0  main.o ABSOLUTE
    _printf_a                                0x00000000   Number         0  stubs.o ABSOLUTE
    _printf_c                                0x00000000   Number         0  stubs.o ABSOLUTE
    _printf_charcount                        0x00000000   Number         0  stubs.o ABSOLUTE
    _printf_d                                0x00000000   Number         0  stubs.o ABSOLUTE
    _printf_e                                0x00000000   Number         0  stubs.o ABSOLUTE
    _printf_f                                0x00000000   Number         0  stubs.o ABSOLUTE
    _printf_flags                            0x00000000   Number         0  stubs.o ABSOLUTE
    _printf_fp_dec                           0x00000000   Number         0  stubs.o ABSOLUTE
    _printf_fp_hex                           0x00000000   Number         0  stubs.o ABSOLUTE
    _printf_g                                0x00000000   Number         0  stubs.o ABSOLUTE
    _printf_i                                0x00000000   Number         0  stubs.o ABSOLUTE
    _printf_int_dec                          0x00000000   Number         0  stubs.o ABSOLUTE
    _printf_l                                0x00000000   Number         0  stubs.o ABSOLUTE
    _printf_lc                               0x00000000   Number         0  stubs.o ABSOLUTE
    _printf_ll                               0x00000000   Number         0  stubs.o ABSOLUTE
    _printf_lld                              0x00000000   Number         0  stubs.o ABSOLUTE
    _printf_lli                              0x00000000   Number         0  stubs.o ABSOLUTE
    _printf_llo                              0x00000000   Number         0  stubs.o ABSOLUTE
    _printf_llu                              0x00000000   Number         0  stubs.o ABSOLUTE
    _printf_llx                              0x00000000   Number         0  stubs.o ABSOLUTE
    _printf_longlong_dec                     0x00000000   Number         0  stubs.o ABSOLUTE
    _printf_longlong_hex                     0x00000000   Number         0  stubs.o ABSOLUTE
    _printf_longlong_oct                     0x00000000   Number         0  stubs.o ABSOLUTE
    _printf_ls                               0x00000000   Number         0  stubs.o ABSOLUTE
    _printf_mbtowc                           0x00000000   Number         0  stubs.o ABSOLUTE
    _printf_n                                0x00000000   Number         0  stubs.o ABSOLUTE
    _printf_o                                0x00000000   Number         0  stubs.o ABSOLUTE
    _printf_p                                0x00000000   Number         0  stubs.o ABSOLUTE
    _printf_percent                          0x00000000   Number         0  stubs.o ABSOLUTE
    _printf_pre_padding                      0x00000000   Number         0  stubs.o ABSOLUTE
    _printf_return_value                     0x00000000   Number         0  stubs.o ABSOLUTE
    _printf_s                                0x00000000   Number         0  stubs.o ABSOLUTE
    _printf_sizespec                         0x00000000   Number         0  stubs.o ABSOLUTE
    _printf_str                              0x00000000   Number         0  stubs.o ABSOLUTE
    _printf_truncate_signed                  0x00000000   Number         0  stubs.o ABSOLUTE
    _printf_truncate_unsigned                0x00000000   Number         0  stubs.o ABSOLUTE
    _printf_u                                0x00000000   Number         0  stubs.o ABSOLUTE
    _printf_wc                               0x00000000   Number         0  stubs.o ABSOLUTE
    _printf_wctomb                           0x00000000   Number         0  stubs.o ABSOLUTE
    _printf_widthprec                        0x00000000   Number         0  stubs.o ABSOLUTE
    _printf_x                                0x00000000   Number         0  stubs.o ABSOLUTE
    __cpp_initialize__aeabi_                  - Undefined Weak Reference
    __cxa_finalize                            - Undefined Weak Reference
    __decompress                              - Undefined Weak Reference
    _clock_init                               - Undefined Weak Reference
    _microlib_exit                            - Undefined Weak Reference
    __Vectors_Size                           0x000000ec   Number         0  startup_stm32f10x_md.o ABSOLUTE
    __Vectors                                0x08000000   Data           4  startup_stm32f10x_md.o(RESET)
    __Vectors_End                            0x080000ec   Data           0  startup_stm32f10x_md.o(RESET)
    __main                                   0x080000ed   Thumb Code     0  entry.o(.ARM.Collect$$$$00000000)
    _main_stk                                0x080000ed   Thumb Code     0  entry2.o(.ARM.Collect$$$$00000001)
    _main_scatterload                        0x080000f1   Thumb Code     0  entry5.o(.ARM.Collect$$$$00000004)
    __main_after_scatterload                 0x080000f5   Thumb Code     0  entry5.o(.ARM.Collect$$$$00000004)
    _main_clock                              0x080000f5   Thumb Code     0  entry7b.o(.ARM.Collect$$$$00000008)
    _main_cpp_init                           0x080000f5   Thumb Code     0  entry8b.o(.ARM.Collect$$$$0000000A)
    _main_init                               0x080000f5   Thumb Code     0  entry9a.o(.ARM.Collect$$$$0000000B)
    __rt_final_cpp                           0x080000fd   Thumb Code     0  entry10a.o(.ARM.Collect$$$$0000000D)
    __rt_final_exit                          0x080000fd   Thumb Code     0  entry11a.o(.ARM.Collect$$$$0000000F)
    Reset_Handler                            0x08000101   Thumb Code     8  startup_stm32f10x_md.o(.text)
    ADC1_2_IRQHandler                        0x0800011b   Thumb Code     0  startup_stm32f10x_md.o(.text)
    CAN1_RX1_IRQHandler                      0x0800011b   Thumb Code     0  startup_stm32f10x_md.o(.text)
    CAN1_SCE_IRQHandler                      0x0800011b   Thumb Code     0  startup_stm32f10x_md.o(.text)
    DMA1_Channel1_IRQHandler                 0x0800011b   Thumb Code     0  startup_stm32f10x_md.o(.text)
    DMA1_Channel2_IRQHandler                 0x0800011b   Thumb Code     0  startup_stm32f10x_md.o(.text)
    DMA1_Channel3_IRQHandler                 0x0800011b   Thumb Code     0  startup_stm32f10x_md.o(.text)
    DMA1_Channel4_IRQHandler                 0x0800011b   Thumb Code     0  startup_stm32f10x_md.o(.text)
    DMA1_Channel5_IRQHandler                 0x0800011b   Thumb Code     0  startup_stm32f10x_md.o(.text)
    DMA1_Channel6_IRQHandler                 0x0800011b   Thumb Code     0  startup_stm32f10x_md.o(.text)
    DMA1_Channel7_IRQHandler                 0x0800011b   Thumb Code     0  startup_stm32f10x_md.o(.text)
    EXTI0_IRQHandler                         0x0800011b   Thumb Code     0  startup_stm32f10x_md.o(.text)
    EXTI1_IRQHandler                         0x0800011b   Thumb Code     0  startup_stm32f10x_md.o(.text)
    EXTI2_IRQHandler                         0x0800011b   Thumb Code     0  startup_stm32f10x_md.o(.text)
    EXTI3_IRQHandler                         0x0800011b   Thumb Code     0  startup_stm32f10x_md.o(.text)
    FLASH_IRQHandler                         0x0800011b   Thumb Code     0  startup_stm32f10x_md.o(.text)
    I2C1_ER_IRQHandler                       0x0800011b   Thumb Code     0  startup_stm32f10x_md.o(.text)
    I2C1_EV_IRQHandler                       0x0800011b   Thumb Code     0  startup_stm32f10x_md.o(.text)
    I2C2_ER_IRQHandler                       0x0800011b   Thumb Code     0  startup_stm32f10x_md.o(.text)
    I2C2_EV_IRQHandler                       0x0800011b   Thumb Code     0  startup_stm32f10x_md.o(.text)
    PVD_IRQHandler                           0x0800011b   Thumb Code     0  startup_stm32f10x_md.o(.text)
    RCC_IRQHandler                           0x0800011b   Thumb Code     0  startup_stm32f10x_md.o(.text)
    RTCAlarm_IRQHandler                      0x0800011b   Thumb Code     0  startup_stm32f10x_md.o(.text)
    RTC_IRQHandler                           0x0800011b   Thumb Code     0  startup_stm32f10x_md.o(.text)
    SPI1_IRQHandler                          0x0800011b   Thumb Code     0  startup_stm32f10x_md.o(.text)
    SPI2_IRQHandler                          0x0800011b   Thumb Code     0  startup_stm32f10x_md.o(.text)
    TAMPER_IRQHandler                        0x0800011b   Thumb Code     0  startup_stm32f10x_md.o(.text)
    TIM1_BRK_IRQHandler                      0x0800011b   Thumb Code     0  startup_stm32f10x_md.o(.text)
    TIM1_CC_IRQHandler                       0x0800011b   Thumb Code     0  startup_stm32f10x_md.o(.text)
    TIM1_TRG_COM_IRQHandler                  0x0800011b   Thumb Code     0  startup_stm32f10x_md.o(.text)
    TIM1_UP_IRQHandler                       0x0800011b   Thumb Code     0  startup_stm32f10x_md.o(.text)
    TIM2_IRQHandler                          0x0800011b   Thumb Code     0  startup_stm32f10x_md.o(.text)
    TIM3_IRQHandler                          0x0800011b   Thumb Code     0  startup_stm32f10x_md.o(.text)
    TIM4_IRQHandler                          0x0800011b   Thumb Code     0  startup_stm32f10x_md.o(.text)
    USBWakeUp_IRQHandler                     0x0800011b   Thumb Code     0  startup_stm32f10x_md.o(.text)
    USB_HP_CAN1_TX_IRQHandler                0x0800011b   Thumb Code     0  startup_stm32f10x_md.o(.text)
    USB_LP_CAN1_RX0_IRQHandler               0x0800011b   Thumb Code     0  startup_stm32f10x_md.o(.text)
    WWDG_IRQHandler                          0x0800011b   Thumb Code     0  startup_stm32f10x_md.o(.text)
    tolower                                  0x08000125   Thumb Code    12  tolower.o(.text)
    rand                                     0x08000131   Thumb Code    20  rand.o(.text)
    srand                                    0x08000145   Thumb Code     6  rand.o(.text)
    __aeabi_memcpy                           0x08000155   Thumb Code    36  memcpya.o(.text)
    __aeabi_memcpy4                          0x08000155   Thumb Code     0  memcpya.o(.text)
    __aeabi_memcpy8                          0x08000155   Thumb Code     0  memcpya.o(.text)
    __aeabi_memset                           0x08000179   Thumb Code    14  memseta.o(.text)
    __aeabi_memset4                          0x08000179   Thumb Code     0  memseta.o(.text)
    __aeabi_memset8                          0x08000179   Thumb Code     0  memseta.o(.text)
    __aeabi_memclr                           0x08000187   Thumb Code     4  memseta.o(.text)
    __aeabi_memclr4                          0x08000187   Thumb Code     0  memseta.o(.text)
    __aeabi_memclr8                          0x08000187   Thumb Code     0  memseta.o(.text)
    _memset$wrapper                          0x0800018b   Thumb Code    18  memseta.o(.text)
    strstr                                   0x0800019d   Thumb Code    36  strstr.o(.text)
    strchr                                   0x080001c1   Thumb Code    20  strchr.o(.text)
    strlen                                   0x080001d5   Thumb Code    14  strlen.o(.text)
    strcmp                                   0x080001e3   Thumb Code    28  strcmp.o(.text)
    strncat                                  0x080001ff   Thumb Code    40  strncat.o(.text)
    strncmp                                  0x08000227   Thumb Code    30  strncmp.o(.text)
    atoi                                     0x08000245   Thumb Code    26  atoi.o(.text)
    __aeabi_dadd                             0x0800025f   Thumb Code   322  dadd.o(.text)
    __aeabi_dsub                             0x080003a1   Thumb Code     6  dadd.o(.text)
    __aeabi_drsub                            0x080003a7   Thumb Code     6  dadd.o(.text)
    __aeabi_dmul                             0x080003ad   Thumb Code   228  dmul.o(.text)
    __aeabi_i2d                              0x08000491   Thumb Code    34  dflti.o(.text)
    __aeabi_d2iz                             0x080004b3   Thumb Code    62  dfixi.o(.text)
    __aeabi_cdrcmple                         0x080004f1   Thumb Code    48  cdrcmple.o(.text)
    __aeabi_uidiv                            0x08000521   Thumb Code     0  uidiv.o(.text)
    __aeabi_uidivmod                         0x08000521   Thumb Code    44  uidiv.o(.text)
    __aeabi_uldivmod                         0x0800054d   Thumb Code    98  uldiv.o(.text)
    __aeabi_llsl                             0x080005af   Thumb Code    30  llshl.o(.text)
    _ll_shift_l                              0x080005af   Thumb Code     0  llshl.o(.text)
    __aeabi_llsr                             0x080005cd   Thumb Code    32  llushr.o(.text)
    _ll_ushift_r                             0x080005cd   Thumb Code     0  llushr.o(.text)
    __aeabi_lasr                             0x080005ed   Thumb Code    36  llsshr.o(.text)
    _ll_sshift_r                             0x080005ed   Thumb Code     0  llsshr.o(.text)
    strtol                                   0x08000611   Thumb Code   112  strtol.o(.text)
    __I$use$fp                               0x08000681   Thumb Code     0  iusefp.o(.text)
    _double_round                            0x08000681   Thumb Code    30  depilogue.o(.text)
    _double_epilogue                         0x0800069f   Thumb Code   156  depilogue.o(.text)
    __aeabi_ddiv                             0x0800073b   Thumb Code   222  ddiv.o(.text)
    __ARM_scalbn                             0x08000819   Thumb Code    46  dscalb.o(.text)
    scalbn                                   0x08000819   Thumb Code     0  dscalb.o(.text)
    __aeabi_d2ulz                            0x08000847   Thumb Code    48  dfixul.o(.text)
    __scatterload                            0x08000879   Thumb Code    28  init.o(.text)
    __scatterload_rt2                        0x08000879   Thumb Code     0  init.o(.text)
    __rt_ctype_table                         0x0800089d   Thumb Code     4  ctype_o.o(.text)
    _strtoul                                 0x080008a5   Thumb Code   158  _strtoul.o(.text)
    _dsqrt                                   0x08000943   Thumb Code   162  dsqrt.o(.text)
    _chval                                   0x080009e5   Thumb Code    28  _chval.o(.text)
    BusFault_Handler                         0x08000a01   Thumb Code     4  stm32f10x_it.o(i.BusFault_Handler)
    DHT11_Check                              0x08000a05   Thumb Code    86  dht11.o(i.DHT11_Check)
    DHT11_Init                               0x08000a61   Thumb Code    38  dht11.o(i.DHT11_Init)
    DHT11_Pin_Mode                           0x08000a8d   Thumb Code    30  dht11.o(i.DHT11_Pin_Mode)
    DHT11_RecBit                             0x08000ab1   Thumb Code    84  dht11.o(i.DHT11_RecBit)
    DHT11_RecByte                            0x08000b09   Thumb Code    30  dht11.o(i.DHT11_RecByte)
    DHT11_RecData                            0x08000b27   Thumb Code   110  dht11.o(i.DHT11_RecData)
    DHT11_Start                              0x08000b95   Thumb Code    38  dht11.o(i.DHT11_Start)
    DebugMon_Handler                         0x08000bc1   Thumb Code     2  stm32f10x_it.o(i.DebugMon_Handler)
    ESP8266_Clear                            0x08000bc5   Thumb Code    18  esp8266.o(i.ESP8266_Clear)
    ESP8266_GetIPD                           0x08000be1   Thumb Code    84  esp8266.o(i.ESP8266_GetIPD)
    ESP8266_Init                             0x08000c71   Thumb Code   210  esp8266.o(i.ESP8266_Init)
    ESP8266_SendCmd                          0x08000e55   Thumb Code    60  esp8266.o(i.ESP8266_SendCmd)
    ESP8266_SendData                         0x08000e95   Thumb Code    44  esp8266.o(i.ESP8266_SendData)
    ESP8266_WaitRecive                       0x08000ed5   Thumb Code    42  esp8266.o(i.ESP8266_WaitRecive)
    EXTI15_10_IRQHandler                     0x08000f09   Thumb Code    88  key.o(i.EXTI15_10_IRQHandler)
    EXTI4_IRQHandler                         0x08000f6d   Thumb Code    52  key.o(i.EXTI4_IRQHandler)
    EXTI9_5_IRQHandler                       0x08000fa5   Thumb Code    74  key.o(i.EXTI9_5_IRQHandler)
    EXTI_ClearITPendingBit                   0x08000ffd   Thumb Code     6  stm32f10x_exti.o(i.EXTI_ClearITPendingBit)
    EXTI_GetITStatus                         0x08001009   Thumb Code    34  stm32f10x_exti.o(i.EXTI_GetITStatus)
    EXTI_Init                                0x08001031   Thumb Code   142  stm32f10x_exti.o(i.EXTI_Init)
    EXTIx_Init                               0x080010c5   Thumb Code   240  key.o(i.EXTIx_Init)
    Fan_Init                                 0x080011b5   Thumb Code    46  fan.o(i.Fan_Init)
    GPIO_EXTILineConfig                      0x080011e9   Thumb Code    60  stm32f10x_gpio.o(i.GPIO_EXTILineConfig)
    GPIO_Init                                0x08001229   Thumb Code   278  stm32f10x_gpio.o(i.GPIO_Init)
    GPIO_PinRemapConfig                      0x08001341   Thumb Code   138  stm32f10x_gpio.o(i.GPIO_PinRemapConfig)
    GPIO_ReadInputDataBit                    0x080013d1   Thumb Code    18  stm32f10x_gpio.o(i.GPIO_ReadInputDataBit)
    GPIO_ResetBits                           0x080013e3   Thumb Code     4  stm32f10x_gpio.o(i.GPIO_ResetBits)
    GPIO_SetBits                             0x080013e7   Thumb Code     4  stm32f10x_gpio.o(i.GPIO_SetBits)
    GUI_ShowChar                             0x080013ed   Thumb Code   262  gui.o(i.GUI_ShowChar)
    GUI_ShowNum                              0x080014fd   Thumb Code   170  gui.o(i.GUI_ShowNum)
    GUI_ShowString                           0x080015a7   Thumb Code   110  gui.o(i.GUI_ShowString)
    HardFault_Handler                        0x08001615   Thumb Code     4  stm32f10x_it.o(i.HardFault_Handler)
    Key_Init                                 0x08001619   Thumb Code    92  key.o(i.Key_Init)
    LED2_OFF                                 0x08001681   Thumb Code    14  led.o(i.LED2_OFF)
    LED2_ON                                  0x08001695   Thumb Code    14  led.o(i.LED2_ON)
    LED_Init                                 0x080016a9   Thumb Code    40  led.o(i.LED_Init)
    MQTT_DeleteBuffer                        0x080016d5   Thumb Code    28  mqttkit.o(i.MQTT_DeleteBuffer)
    MQTT_DumpLength                          0x080016f1   Thumb Code    46  mqttkit.o(i.MQTT_DumpLength)
    MQTT_NewBuffer                           0x0800171f   Thumb Code    88  mqttkit.o(i.MQTT_NewBuffer)
    MQTT_PacketCmdResp                       0x08001779   Thumb Code   132  mqttkit.o(i.MQTT_PacketCmdResp)
    MQTT_PacketConnect                       0x08001805   Thumb Code   666  mqttkit.o(i.MQTT_PacketConnect)
    MQTT_PacketPublish                       0x08001aa5   Thumb Code   440  mqttkit.o(i.MQTT_PacketPublish)
    MQTT_PacketPublishComp                   0x08001c5d   Thumb Code    72  mqttkit.o(i.MQTT_PacketPublishComp)
    MQTT_PacketPublishRel                    0x08001ca5   Thumb Code    72  mqttkit.o(i.MQTT_PacketPublishRel)
    MQTT_PacketSubscribe                     0x08001ced   Thumb Code   254  mqttkit.o(i.MQTT_PacketSubscribe)
    MQTT_ReadLength                          0x08001deb   Thumb Code    70  mqttkit.o(i.MQTT_ReadLength)
    MQTT_UnPacketCmd                         0x08001e31   Thumb Code   140  mqttkit.o(i.MQTT_UnPacketCmd)
    MQTT_UnPacketConnectAck                  0x08001ebd   Thumb Code    30  mqttkit.o(i.MQTT_UnPacketConnectAck)
    MQTT_UnPacketPublish                     0x08001edd   Thumb Code   438  mqttkit.o(i.MQTT_UnPacketPublish)
    MQTT_UnPacketPublishAck                  0x0800209d   Thumb Code    30  mqttkit.o(i.MQTT_UnPacketPublishAck)
    MQTT_UnPacketPublishComp                 0x080020bb   Thumb Code    30  mqttkit.o(i.MQTT_UnPacketPublishComp)
    MQTT_UnPacketPublishRec                  0x080020d9   Thumb Code    30  mqttkit.o(i.MQTT_UnPacketPublishRec)
    MQTT_UnPacketPublishRel                  0x080020f7   Thumb Code    36  mqttkit.o(i.MQTT_UnPacketPublishRel)
    MQTT_UnPacketRecv                        0x0800211d   Thumb Code   106  mqttkit.o(i.MQTT_UnPacketRecv)
    MQTT_UnPacketSubscribe                   0x08002191   Thumb Code    52  mqttkit.o(i.MQTT_UnPacketSubscribe)
    MQTT_UnPacketUnSubscribe                 0x080021c5   Thumb Code    18  mqttkit.o(i.MQTT_UnPacketUnSubscribe)
    MemManage_Handler                        0x080021d7   Thumb Code     4  stm32f10x_it.o(i.MemManage_Handler)
    NMI_Handler                              0x080021db   Thumb Code     2  stm32f10x_it.o(i.NMI_Handler)
    NVIC_Init                                0x080021dd   Thumb Code   100  misc.o(i.NVIC_Init)
    NVIC_PriorityGroupConfig                 0x0800224d   Thumb Code    10  misc.o(i.NVIC_PriorityGroupConfig)
    OLED_Clear                               0x08002261   Thumb Code    36  oled.o(i.OLED_Clear)
    OLED_Display                             0x08002289   Thumb Code    68  oled.o(i.OLED_Display)
    OLED_Init                                0x080022d1   Thumb Code   218  oled.o(i.OLED_Init)
    OLED_Init_GPIO                           0x080023ad   Thumb Code    84  oled.o(i.OLED_Init_GPIO)
    OLED_Set_Pixel                           0x08002405   Thumb Code   122  oled.o(i.OLED_Set_Pixel)
    OLED_WR_Byte                             0x08002485   Thumb Code    56  oled.o(i.OLED_WR_Byte)
    OneNet_DevLink                           0x080024c5   Thumb Code   208  onenet.o(i.OneNet_DevLink)
    OneNet_Publish                           0x080026fd   Thumb Code    86  onenet.o(i.OneNet_Publish)
    OneNet_RevPro                            0x08002779   Thumb Code   696  onenet.o(i.OneNet_RevPro)
    OneNet_Subscribe                         0x08002c35   Thumb Code    80  onenet.o(i.OneNet_Subscribe)
    PendSV_Handler                           0x08002ca1   Thumb Code     2  stm32f10x_it.o(i.PendSV_Handler)
    Queue_IfFull                             0x08002ca3   Thumb Code    18  ring_queue.o(i.Queue_IfFull)
    Queue_Init                               0x08002cb5   Thumb Code    34  ring_queue.o(i.Queue_Init)
    Queue_Put                                0x08002cd7   Thumb Code    54  ring_queue.o(i.Queue_Put)
    RCC_APB1PeriphClockCmd                   0x08002d0d   Thumb Code    26  stm32f10x_rcc.o(i.RCC_APB1PeriphClockCmd)
    RCC_APB1PeriphResetCmd                   0x08002d2d   Thumb Code    26  stm32f10x_rcc.o(i.RCC_APB1PeriphResetCmd)
    RCC_APB2PeriphClockCmd                   0x08002d4d   Thumb Code    26  stm32f10x_rcc.o(i.RCC_APB2PeriphClockCmd)
    RCC_APB2PeriphResetCmd                   0x08002d6d   Thumb Code    26  stm32f10x_rcc.o(i.RCC_APB2PeriphResetCmd)
    RCC_GetClocksFreq                        0x08002d8d   Thumb Code   192  stm32f10x_rcc.o(i.RCC_GetClocksFreq)
    SDA_IN                                   0x08002e61   Thumb Code    30  sgp30.o(i.SDA_IN)
    SDA_OUT                                  0x08002e85   Thumb Code    30  sgp30.o(i.SDA_OUT)
    SGP30_GPIO_Init                          0x08002ea9   Thumb Code    52  sgp30.o(i.SGP30_GPIO_Init)
    SGP30_IIC_Ack                            0x08002ee1   Thumb Code    48  sgp30.o(i.SGP30_IIC_Ack)
    SGP30_IIC_NAck                           0x08002f19   Thumb Code    48  sgp30.o(i.SGP30_IIC_NAck)
    SGP30_IIC_Read_Byte                      0x08002f51   Thumb Code    86  sgp30.o(i.SGP30_IIC_Read_Byte)
    SGP30_IIC_Send_Byte                      0x08002fb5   Thumb Code    92  sgp30.o(i.SGP30_IIC_Send_Byte)
    SGP30_IIC_Start                          0x08003019   Thumb Code    46  sgp30.o(i.SGP30_IIC_Start)
    SGP30_IIC_Stop                           0x08003051   Thumb Code    44  sgp30.o(i.SGP30_IIC_Stop)
    SGP30_IIC_Wait_Ack                       0x08003085   Thumb Code    74  sgp30.o(i.SGP30_IIC_Wait_Ack)
    SGP30_Init                               0x080030dd   Thumb Code    16  sgp30.o(i.SGP30_Init)
    SGP30_Read                               0x080030ed   Thumb Code    72  sgp30.o(i.SGP30_Read)
    SGP30_Write                              0x08003135   Thumb Code    52  sgp30.o(i.SGP30_Write)
    SPI1_Init                                0x08003169   Thumb Code   122  spi.o(i.SPI1_Init)
    SPI_Cmd                                  0x080031ed   Thumb Code    24  stm32f10x_spi.o(i.SPI_Cmd)
    SPI_Init                                 0x08003205   Thumb Code    60  stm32f10x_spi.o(i.SPI_Init)
    SPI_WriteByte                            0x08003241   Thumb Code    34  spi.o(i.SPI_WriteByte)
    SVC_Handler                              0x08003263   Thumb Code     2  stm32f10x_it.o(i.SVC_Handler)
    Serial2_Init                             0x08003265   Thumb Code   182  serial2.o(i.Serial2_Init)
    Serial3_Init                             0x0800332d   Thumb Code   186  serial3.o(i.Serial3_Init)
    Serial3_SendByte                         0x080033f5   Thumb Code    28  serial3.o(i.Serial3_SendByte)
    Serial3_SendString                       0x08003415   Thumb Code    26  serial3.o(i.Serial3_SendString)
    Serial_Init                              0x08003431   Thumb Code   186  serial.o(i.Serial_Init)
    SysTick_CLKSourceConfig                  0x080035e5   Thumb Code    40  misc.o(i.SysTick_CLKSourceConfig)
    SysTick_Handler                          0x0800360d   Thumb Code     2  stm32f10x_it.o(i.SysTick_Handler)
    SystemInit                               0x08003611   Thumb Code    78  system_stm32f10x.o(i.SystemInit)
    TIM4_PWM_Init                            0x08003671   Thumb Code   138  sg90.o(i.TIM4_PWM_Init)
    TIM_Cmd                                  0x08003705   Thumb Code    24  stm32f10x_tim.o(i.TIM_Cmd)
    TIM_OC4Init                              0x0800371d   Thumb Code   114  stm32f10x_tim.o(i.TIM_OC4Init)
    TIM_OC4PreloadConfig                     0x08003799   Thumb Code    26  stm32f10x_tim.o(i.TIM_OC4PreloadConfig)
    TIM_SetCompare4                          0x080037b3   Thumb Code     6  stm32f10x_tim.o(i.TIM_SetCompare4)
    TIM_TimeBaseInit                         0x080037b9   Thumb Code   122  stm32f10x_tim.o(i.TIM_TimeBaseInit)
    USART1_IRQHandler                        0x0800385d   Thumb Code    54  serial.o(i.USART1_IRQHandler)
    USART2_IRQHandler                        0x080038a5   Thumb Code    54  serial2.o(i.USART2_IRQHandler)
    USART3_IRQHandler                        0x080038ed   Thumb Code    62  esp8266.o(i.USART3_IRQHandler)
    USART_ClearFlag                          0x08003939   Thumb Code    18  stm32f10x_usart.o(i.USART_ClearFlag)
    USART_ClearITPendingBit                  0x0800394b   Thumb Code    30  stm32f10x_usart.o(i.USART_ClearITPendingBit)
    USART_Cmd                                0x08003969   Thumb Code    24  stm32f10x_usart.o(i.USART_Cmd)
    USART_DeInit                             0x08003981   Thumb Code   134  stm32f10x_usart.o(i.USART_DeInit)
    USART_GetFlagStatus                      0x08003a1d   Thumb Code    26  stm32f10x_usart.o(i.USART_GetFlagStatus)
    USART_GetITStatus                        0x08003a37   Thumb Code    84  stm32f10x_usart.o(i.USART_GetITStatus)
    USART_ITConfig                           0x08003a8b   Thumb Code    74  stm32f10x_usart.o(i.USART_ITConfig)
    USART_Init                               0x08003ad5   Thumb Code   210  stm32f10x_usart.o(i.USART_Init)
    USART_ReceiveData                        0x08003bad   Thumb Code    10  stm32f10x_usart.o(i.USART_ReceiveData)
    USART_SendData                           0x08003bb7   Thumb Code     8  stm32f10x_usart.o(i.USART_SendData)
    UsageFault_Handler                       0x08003bbf   Thumb Code     4  stm32f10x_it.o(i.UsageFault_Handler)
    Usart3_SendString                        0x08003bc5   Thumb Code    44  serial3.o(i.Usart3_SendString)
    UsartPrintf                              0x08003bf5   Thumb Code    72  serial2.o(i.UsartPrintf)
    __0printf                                0x08003c3d   Thumb Code    22  printfa.o(i.__0printf)
    __1printf                                0x08003c3d   Thumb Code     0  printfa.o(i.__0printf)
    __2printf                                0x08003c3d   Thumb Code     0  printfa.o(i.__0printf)
    __c89printf                              0x08003c3d   Thumb Code     0  printfa.o(i.__0printf)
    printf                                   0x08003c3d   Thumb Code     0  printfa.o(i.__0printf)
    __0sprintf                               0x08003c5d   Thumb Code    34  printfa.o(i.__0sprintf)
    __1sprintf                               0x08003c5d   Thumb Code     0  printfa.o(i.__0sprintf)
    __2sprintf                               0x08003c5d   Thumb Code     0  printfa.o(i.__0sprintf)
    __c89sprintf                             0x08003c5d   Thumb Code     0  printfa.o(i.__0sprintf)
    sprintf                                  0x08003c5d   Thumb Code     0  printfa.o(i.__0sprintf)
    __0vsnprintf                             0x08003c85   Thumb Code    32  printfa.o(i.__0vsnprintf)
    __1vsnprintf                             0x08003c85   Thumb Code     0  printfa.o(i.__0vsnprintf)
    __2vsnprintf                             0x08003c85   Thumb Code     0  printfa.o(i.__0vsnprintf)
    __c89vsnprintf                           0x08003c85   Thumb Code     0  printfa.o(i.__0vsnprintf)
    vsnprintf                                0x08003c85   Thumb Code     0  printfa.o(i.__0vsnprintf)
    __ARM_fpclassify                         0x08003ca9   Thumb Code    40  fpclassify.o(i.__ARM_fpclassify)
    __aeabi_errno_addr                       0x08003cd1   Thumb Code     4  errno.o(i.__aeabi_errno_addr)
    __rt_errno_addr                          0x08003cd1   Thumb Code     0  errno.o(i.__aeabi_errno_addr)
    __kernel_poly                            0x08003cd9   Thumb Code   170  poly.o(i.__kernel_poly)
    __mathlib_dbl_divzero                    0x08003d85   Thumb Code    12  dunder.o(i.__mathlib_dbl_divzero)
    __mathlib_dbl_infnan2                    0x08003d95   Thumb Code     4  dunder.o(i.__mathlib_dbl_infnan2)
    __mathlib_dbl_invalid                    0x08003d99   Thumb Code    12  dunder.o(i.__mathlib_dbl_invalid)
    __mathlib_dbl_overflow                   0x08003da5   Thumb Code    14  dunder.o(i.__mathlib_dbl_overflow)
    __mathlib_dbl_underflow                  0x08003db5   Thumb Code    10  dunder.o(i.__mathlib_dbl_underflow)
    __scatterload_copy                       0x08003dc5   Thumb Code    14  handlers.o(i.__scatterload_copy)
    __scatterload_null                       0x08003dd3   Thumb Code     2  handlers.o(i.__scatterload_null)
    __scatterload_zeroinit                   0x08003dd5   Thumb Code    14  handlers.o(i.__scatterload_zeroinit)
    __set_errno                              0x08003de5   Thumb Code     6  errno.o(i.__set_errno)
    cJSON_Delete                             0x080046a5   Thumb Code    82  cjson.o(i.cJSON_Delete)
    cJSON_GetErrorPtr                        0x080046fd   Thumb Code     6  cjson.o(i.cJSON_GetErrorPtr)
    cJSON_GetObjectItem                      0x08004709   Thumb Code    30  cjson.o(i.cJSON_GetObjectItem)
    cJSON_Parse                              0x08004749   Thumb Code    16  cjson.o(i.cJSON_Parse)
    cJSON_ParseWithOpts                      0x08004759   Thumb Code    96  cjson.o(i.cJSON_ParseWithOpts)
    delay_init                               0x08004809   Thumb Code    50  delay.o(i.delay_init)
    delay_ms                                 0x0800484d   Thumb Code    72  delay.o(i.delay_ms)
    delay_us                                 0x08004899   Thumb Code    72  delay.o(i.delay_us)
    fputc                                    0x080048e5   Thumb Code    24  serial2.o(i.fputc)
    free                                     0x08004901   Thumb Code    76  malloc.o(i.free)
    main                                     0x08004951   Thumb Code   654  main.o(i.main)
    malloc                                   0x08004c7d   Thumb Code    92  malloc.o(i.malloc)
    pow                                      0x08005419   Thumb Code  2478  pow.o(i.pow)
    sqrt                                     0x08005de3   Thumb Code    76  sqrt.o(i.sqrt)
    F6x8                                     0x08005e35   Data         760  gui.o(.constdata)
    F8X16                                    0x0800612d   Data        1520  gui.o(.constdata)
    cfont16                                  0x0800671d   Data         544  gui.o(.constdata)
    cfont24                                  0x0800693d   Data         444  gui.o(.constdata)
    cfont32                                  0x08006af9   Data         780  gui.o(.constdata)
    __mathlib_zero                           0x08006e98   Data           8  qnan.o(.constdata)
    __ctype_table                            0x08006ea0   Data         129  ctype_o.o(.constdata)
    Region$$Table$$Base                      0x08006f48   Number         0  anon$$obj.o(Region$$Table)
    Region$$Table$$Limit                     0x08006f68   Number         0  anon$$obj.o(Region$$Table)
    SystemCoreClock                          0x20000000   Data           4  system_stm32f10x.o(.data)
    AHBPrescTable                            0x20000004   Data          16  system_stm32f10x.o(.data)
    Serial2_RxData                           0x2000002c   Data           1  serial2.o(.data)
    Serial2_RxFlag                           0x2000002d   Data           1  serial2.o(.data)
    esp8266_cnt                              0x2000002e   Data           2  esp8266.o(.data)
    esp8266_cntPre                           0x20000030   Data           2  esp8266.o(.data)
    Serial_RxData                            0x20000032   Data           1  serial.o(.data)
    Serial_RxFlag                            0x20000033   Data           1  serial.o(.data)
    task_switch                              0x20000034   Data           1  onenet.o(.data)
    led_switch                               0x20000035   Data           1  onenet.o(.data)
    led_state                                0x20000044   Data           1  main.o(.data)
    fan_state                                0x20000045   Data           1  main.o(.data)
    feed_state                               0x20000046   Data           1  main.o(.data)
    __stdout                                 0x2000004c   Data           4  stdout.o(.data)
    __microlib_freelist                      0x20000050   Data           4  mvars.o(.data)
    __microlib_freelist_initialised          0x20000054   Data           4  mvars.o(.data)
    ring_Queue                               0x2000005c   Data         262  serial2.o(.bss)
    esp8266_buf                              0x20000162   Data         128  esp8266.o(.bss)
    WiFibuff                                 0x200001e2   Data         262  serial3.o(.bss)
    zigbee_Buff                              0x200002e8   Data         262  serial.o(.bss)
    __heap_base                              0x200007f0   Data           0  startup_stm32f10x_md.o(HEAP)
    __heap_limit                             0x200009f0   Data           0  startup_stm32f10x_md.o(HEAP)
    __initial_sp                             0x20000df0   Data           0  startup_stm32f10x_md.o(STACK)



==============================================================================

Memory Map of the image

  Image Entry point : 0x08000101

  Load Region LR_1 (Base: 0x08000000, Size: 0x00006fc4, Max: 0xffffffff, ABSOLUTE)

    Execution Region ER_RO (Base: 0x08000000, Size: 0x00006f68, Max: 0xffffffff, ABSOLUTE)

    Base Addr    Size         Type   Attr      Idx    E Section Name        Object

    0x08000000   0x000000ec   Data   RO          132    RESET               startup_stm32f10x_md.o
    0x080000ec   0x00000000   Code   RO         4858  * .ARM.Collect$$$$00000000  mc_w.l(entry.o)
    0x080000ec   0x00000004   Code   RO         5218    .ARM.Collect$$$$00000001  mc_w.l(entry2.o)
    0x080000f0   0x00000004   Code   RO         5221    .ARM.Collect$$$$00000004  mc_w.l(entry5.o)
    0x080000f4   0x00000000   Code   RO         5223    .ARM.Collect$$$$00000008  mc_w.l(entry7b.o)
    0x080000f4   0x00000000   Code   RO         5225    .ARM.Collect$$$$0000000A  mc_w.l(entry8b.o)
    0x080000f4   0x00000008   Code   RO         5226    .ARM.Collect$$$$0000000B  mc_w.l(entry9a.o)
    0x080000fc   0x00000000   Code   RO         5228    .ARM.Collect$$$$0000000D  mc_w.l(entry10a.o)
    0x080000fc   0x00000000   Code   RO         5230    .ARM.Collect$$$$0000000F  mc_w.l(entry11a.o)
    0x080000fc   0x00000004   Code   RO         5219    .ARM.Collect$$$$00002712  mc_w.l(entry2.o)
    0x08000100   0x00000024   Code   RO          133  * .text               startup_stm32f10x_md.o
    0x08000124   0x0000000c   Code   RO         4861    .text               mc_w.l(tolower.o)
    0x08000130   0x00000024   Code   RO         4863    .text               mc_w.l(rand.o)
    0x08000154   0x00000024   Code   RO         4866    .text               mc_w.l(memcpya.o)
    0x08000178   0x00000024   Code   RO         4868    .text               mc_w.l(memseta.o)
    0x0800019c   0x00000024   Code   RO         4870    .text               mc_w.l(strstr.o)
    0x080001c0   0x00000014   Code   RO         4872    .text               mc_w.l(strchr.o)
    0x080001d4   0x0000000e   Code   RO         4874    .text               mc_w.l(strlen.o)
    0x080001e2   0x0000001c   Code   RO         4876    .text               mc_w.l(strcmp.o)
    0x080001fe   0x00000028   Code   RO         4878    .text               mc_w.l(strncat.o)
    0x08000226   0x0000001e   Code   RO         4882    .text               mc_w.l(strncmp.o)
    0x08000244   0x0000001a   Code   RO         5175    .text               mc_w.l(atoi.o)
    0x0800025e   0x0000014e   Code   RO         5177    .text               mf_w.l(dadd.o)
    0x080003ac   0x000000e4   Code   RO         5179    .text               mf_w.l(dmul.o)
    0x08000490   0x00000022   Code   RO         5181    .text               mf_w.l(dflti.o)
    0x080004b2   0x0000003e   Code   RO         5183    .text               mf_w.l(dfixi.o)
    0x080004f0   0x00000030   Code   RO         5189    .text               mf_w.l(cdrcmple.o)
    0x08000520   0x0000002c   Code   RO         5233    .text               mc_w.l(uidiv.o)
    0x0800054c   0x00000062   Code   RO         5235    .text               mc_w.l(uldiv.o)
    0x080005ae   0x0000001e   Code   RO         5237    .text               mc_w.l(llshl.o)
    0x080005cc   0x00000020   Code   RO         5239    .text               mc_w.l(llushr.o)
    0x080005ec   0x00000024   Code   RO         5241    .text               mc_w.l(llsshr.o)
    0x08000610   0x00000070   Code   RO         5252    .text               mc_w.l(strtol.o)
    0x08000680   0x00000000   Code   RO         5254    .text               mc_w.l(iusefp.o)
    0x08000680   0x000000ba   Code   RO         5255    .text               mf_w.l(depilogue.o)
    0x0800073a   0x000000de   Code   RO         5257    .text               mf_w.l(ddiv.o)
    0x08000818   0x0000002e   Code   RO         5259    .text               mf_w.l(dscalb.o)
    0x08000846   0x00000030   Code   RO         5261    .text               mf_w.l(dfixul.o)
    0x08000876   0x00000002   PAD
    0x08000878   0x00000024   Code   RO         5263    .text               mc_w.l(init.o)
    0x0800089c   0x00000008   Code   RO         5265    .text               mc_w.l(ctype_o.o)
    0x080008a4   0x0000009e   Code   RO         5293    .text               mc_w.l(_strtoul.o)
    0x08000942   0x000000a2   Code   RO         5295    .text               mf_w.l(dsqrt.o)
    0x080009e4   0x0000001c   Code   RO         5297    .text               mc_w.l(_chval.o)
    0x08000a00   0x00000004   Code   RO         4781    i.BusFault_Handler  stm32f10x_it.o
    0x08000a04   0x0000005c   Code   RO         3338    i.DHT11_Check       dht11.o
    0x08000a60   0x0000002c   Code   RO         3339    i.DHT11_Init        dht11.o
    0x08000a8c   0x00000024   Code   RO         3340    i.DHT11_Pin_Mode    dht11.o
    0x08000ab0   0x00000058   Code   RO         3341    i.DHT11_RecBit      dht11.o
    0x08000b08   0x0000001e   Code   RO         3342    i.DHT11_RecByte     dht11.o
    0x08000b26   0x0000006e   Code   RO         3343    i.DHT11_RecData     dht11.o
    0x08000b94   0x0000002c   Code   RO         3344    i.DHT11_Start       dht11.o
    0x08000bc0   0x00000002   Code   RO         4782    i.DebugMon_Handler  stm32f10x_it.o
    0x08000bc2   0x00000002   PAD
    0x08000bc4   0x0000001c   Code   RO         3496    i.ESP8266_Clear     esp8266.o
    0x08000be0   0x00000090   Code   RO         3497    i.ESP8266_GetIPD    esp8266.o
    0x08000c70   0x000001e4   Code   RO         3498    i.ESP8266_Init      esp8266.o
    0x08000e54   0x00000040   Code   RO         3499    i.ESP8266_SendCmd   esp8266.o
    0x08000e94   0x00000040   Code   RO         3500    i.ESP8266_SendData  esp8266.o
    0x08000ed4   0x00000034   Code   RO         3501    i.ESP8266_WaitRecive  esp8266.o
    0x08000f08   0x00000064   Code   RO         3256    i.EXTI15_10_IRQHandler  key.o
    0x08000f6c   0x00000038   Code   RO         3257    i.EXTI4_IRQHandler  key.o
    0x08000fa4   0x00000058   Code   RO         3258    i.EXTI9_5_IRQHandler  key.o
    0x08000ffc   0x0000000c   Code   RO          985    i.EXTI_ClearITPendingBit  stm32f10x_exti.o
    0x08001008   0x00000028   Code   RO          989    i.EXTI_GetITStatus  stm32f10x_exti.o
    0x08001030   0x00000094   Code   RO          990    i.EXTI_Init         stm32f10x_exti.o
    0x080010c4   0x000000f0   Code   RO         3259    i.EXTIx_Init        key.o
    0x080011b4   0x00000034   Code   RO         4712    i.Fan_Init          fan.o
    0x080011e8   0x00000040   Code   RO         1344    i.GPIO_EXTILineConfig  stm32f10x_gpio.o
    0x08001228   0x00000116   Code   RO         1347    i.GPIO_Init         stm32f10x_gpio.o
    0x0800133e   0x00000002   PAD
    0x08001340   0x00000090   Code   RO         1349    i.GPIO_PinRemapConfig  stm32f10x_gpio.o
    0x080013d0   0x00000012   Code   RO         1351    i.GPIO_ReadInputDataBit  stm32f10x_gpio.o
    0x080013e2   0x00000004   Code   RO         1354    i.GPIO_ResetBits    stm32f10x_gpio.o
    0x080013e6   0x00000004   Code   RO         1355    i.GPIO_SetBits      stm32f10x_gpio.o
    0x080013ea   0x00000002   PAD
    0x080013ec   0x00000110   Code   RO         4469    i.GUI_ShowChar      gui.o
    0x080014fc   0x000000aa   Code   RO         4473    i.GUI_ShowNum       gui.o
    0x080015a6   0x0000006e   Code   RO         4474    i.GUI_ShowString    gui.o
    0x08001614   0x00000004   Code   RO         4783    i.HardFault_Handler  stm32f10x_it.o
    0x08001618   0x00000068   Code   RO         3260    i.Key_Init          key.o
    0x08001680   0x00000014   Code   RO         3308    i.LED2_OFF          led.o
    0x08001694   0x00000014   Code   RO         3309    i.LED2_ON           led.o
    0x080016a8   0x0000002c   Code   RO         3311    i.LED_Init          led.o
    0x080016d4   0x0000001c   Code   RO         3863    i.MQTT_DeleteBuffer  mqttkit.o
    0x080016f0   0x0000002e   Code   RO         3864    i.MQTT_DumpLength   mqttkit.o
    0x0800171e   0x00000058   Code   RO         3865    i.MQTT_NewBuffer    mqttkit.o
    0x08001776   0x00000002   PAD
    0x08001778   0x0000008c   Code   RO         3866    i.MQTT_PacketCmdResp  mqttkit.o
    0x08001804   0x000002a0   Code   RO         3867    i.MQTT_PacketConnect  mqttkit.o
    0x08001aa4   0x000001b8   Code   RO         3870    i.MQTT_PacketPublish  mqttkit.o
    0x08001c5c   0x00000048   Code   RO         3872    i.MQTT_PacketPublishComp  mqttkit.o
    0x08001ca4   0x00000048   Code   RO         3874    i.MQTT_PacketPublishRel  mqttkit.o
    0x08001cec   0x000000fe   Code   RO         3877    i.MQTT_PacketSubscribe  mqttkit.o
    0x08001dea   0x00000046   Code   RO         3879    i.MQTT_ReadLength   mqttkit.o
    0x08001e30   0x0000008c   Code   RO         3880    i.MQTT_UnPacketCmd  mqttkit.o
    0x08001ebc   0x0000001e   Code   RO         3881    i.MQTT_UnPacketConnectAck  mqttkit.o
    0x08001eda   0x00000002   PAD
    0x08001edc   0x000001c0   Code   RO         3882    i.MQTT_UnPacketPublish  mqttkit.o
    0x0800209c   0x0000001e   Code   RO         3883    i.MQTT_UnPacketPublishAck  mqttkit.o
    0x080020ba   0x0000001e   Code   RO         3884    i.MQTT_UnPacketPublishComp  mqttkit.o
    0x080020d8   0x0000001e   Code   RO         3885    i.MQTT_UnPacketPublishRec  mqttkit.o
    0x080020f6   0x00000024   Code   RO         3886    i.MQTT_UnPacketPublishRel  mqttkit.o
    0x0800211a   0x00000002   PAD
    0x0800211c   0x00000074   Code   RO         3887    i.MQTT_UnPacketRecv  mqttkit.o
    0x08002190   0x00000034   Code   RO         3888    i.MQTT_UnPacketSubscribe  mqttkit.o
    0x080021c4   0x00000012   Code   RO         3889    i.MQTT_UnPacketUnSubscribe  mqttkit.o
    0x080021d6   0x00000004   Code   RO         4784    i.MemManage_Handler  stm32f10x_it.o
    0x080021da   0x00000002   Code   RO         4785    i.NMI_Handler       stm32f10x_it.o
    0x080021dc   0x00000070   Code   RO          137    i.NVIC_Init         misc.o
    0x0800224c   0x00000014   Code   RO          138    i.NVIC_PriorityGroupConfig  misc.o
    0x08002260   0x00000028   Code   RO         4595    i.OLED_Clear        oled.o
    0x08002288   0x00000048   Code   RO         4596    i.OLED_Display      oled.o
    0x080022d0   0x000000da   Code   RO         4599    i.OLED_Init         oled.o
    0x080023aa   0x00000002   PAD
    0x080023ac   0x00000058   Code   RO         4600    i.OLED_Init_GPIO    oled.o
    0x08002404   0x00000080   Code   RO         4602    i.OLED_Set_Pixel    oled.o
    0x08002484   0x00000040   Code   RO         4604    i.OLED_WR_Byte      oled.o
    0x080024c4   0x00000238   Code   RO         4047    i.OneNet_DevLink    onenet.o
    0x080026fc   0x0000007c   Code   RO         4048    i.OneNet_Publish    onenet.o
    0x08002778   0x000004bc   Code   RO         4049    i.OneNet_RevPro     onenet.o
    0x08002c34   0x0000006c   Code   RO         4050    i.OneNet_Subscribe  onenet.o
    0x08002ca0   0x00000002   Code   RO         4786    i.PendSV_Handler    stm32f10x_it.o
    0x08002ca2   0x00000012   Code   RO         3587    i.Queue_IfFull      ring_queue.o
    0x08002cb4   0x00000022   Code   RO         3588    i.Queue_Init        ring_queue.o
    0x08002cd6   0x00000036   Code   RO         3590    i.Queue_Put         ring_queue.o
    0x08002d0c   0x00000020   Code   RO         1775    i.RCC_APB1PeriphClockCmd  stm32f10x_rcc.o
    0x08002d2c   0x00000020   Code   RO         1776    i.RCC_APB1PeriphResetCmd  stm32f10x_rcc.o
    0x08002d4c   0x00000020   Code   RO         1777    i.RCC_APB2PeriphClockCmd  stm32f10x_rcc.o
    0x08002d6c   0x00000020   Code   RO         1778    i.RCC_APB2PeriphResetCmd  stm32f10x_rcc.o
    0x08002d8c   0x000000d4   Code   RO         1785    i.RCC_GetClocksFreq  stm32f10x_rcc.o
    0x08002e60   0x00000024   Code   RO         3773    i.SDA_IN            sgp30.o
    0x08002e84   0x00000024   Code   RO         3774    i.SDA_OUT           sgp30.o
    0x08002ea8   0x00000038   Code   RO         3775    i.SGP30_GPIO_Init   sgp30.o
    0x08002ee0   0x00000038   Code   RO         3776    i.SGP30_IIC_Ack     sgp30.o
    0x08002f18   0x00000038   Code   RO         3777    i.SGP30_IIC_NAck    sgp30.o
    0x08002f50   0x00000064   Code   RO         3778    i.SGP30_IIC_Read_Byte  sgp30.o
    0x08002fb4   0x00000064   Code   RO         3779    i.SGP30_IIC_Send_Byte  sgp30.o
    0x08003018   0x00000038   Code   RO         3780    i.SGP30_IIC_Start   sgp30.o
    0x08003050   0x00000034   Code   RO         3781    i.SGP30_IIC_Stop    sgp30.o
    0x08003084   0x00000058   Code   RO         3782    i.SGP30_IIC_Wait_Ack  sgp30.o
    0x080030dc   0x00000010   Code   RO         3783    i.SGP30_Init        sgp30.o
    0x080030ec   0x00000048   Code   RO         3784    i.SGP30_Read        sgp30.o
    0x08003134   0x00000034   Code   RO         3785    i.SGP30_Write       sgp30.o
    0x08003168   0x00000084   Code   RO         4676    i.SPI1_Init         spi.o
    0x080031ec   0x00000018   Code   RO         2263    i.SPI_Cmd           stm32f10x_spi.o
    0x08003204   0x0000003c   Code   RO         2276    i.SPI_Init          stm32f10x_spi.o
    0x08003240   0x00000022   Code   RO         4678    i.SPI_WriteByte     spi.o
    0x08003262   0x00000002   Code   RO         4787    i.SVC_Handler       stm32f10x_it.o
    0x08003264   0x000000c8   Code   RO         3388    i.Serial2_Init      serial2.o
    0x0800332c   0x000000c8   Code   RO         3639    i.Serial3_Init      serial3.o
    0x080033f4   0x00000020   Code   RO         3642    i.Serial3_SendByte  serial3.o
    0x08003414   0x0000001a   Code   RO         3644    i.Serial3_SendString  serial3.o
    0x0800342e   0x00000002   PAD
    0x08003430   0x000000cc   Code   RO         3708    i.Serial_Init       serial.o
    0x080034fc   0x00000008   Code   RO           17    i.SetSysClock       system_stm32f10x.o
    0x08003504   0x000000e0   Code   RO           18    i.SetSysClockTo72   system_stm32f10x.o
    0x080035e4   0x00000028   Code   RO          141    i.SysTick_CLKSourceConfig  misc.o
    0x0800360c   0x00000002   Code   RO         4788    i.SysTick_Handler   stm32f10x_it.o
    0x0800360e   0x00000002   PAD
    0x08003610   0x00000060   Code   RO           20    i.SystemInit        system_stm32f10x.o
    0x08003670   0x00000094   Code   RO         4700    i.TIM4_PWM_Init     sg90.o
    0x08003704   0x00000018   Code   RO         2421    i.TIM_Cmd           stm32f10x_tim.o
    0x0800371c   0x0000007c   Code   RO         2465    i.TIM_OC4Init       stm32f10x_tim.o
    0x08003798   0x0000001a   Code   RO         2467    i.TIM_OC4PreloadConfig  stm32f10x_tim.o
    0x080037b2   0x00000006   Code   RO         2485    i.TIM_SetCompare4   stm32f10x_tim.o
    0x080037b8   0x000000a4   Code   RO         2492    i.TIM_TimeBaseInit  stm32f10x_tim.o
    0x0800385c   0x00000048   Code   RO         3714    i.USART1_IRQHandler  serial.o
    0x080038a4   0x00000048   Code   RO         3394    i.USART2_IRQHandler  serial2.o
    0x080038ec   0x0000004c   Code   RO         3502    i.USART3_IRQHandler  esp8266.o
    0x08003938   0x00000012   Code   RO         2956    i.USART_ClearFlag   stm32f10x_usart.o
    0x0800394a   0x0000001e   Code   RO         2957    i.USART_ClearITPendingBit  stm32f10x_usart.o
    0x08003968   0x00000018   Code   RO         2960    i.USART_Cmd         stm32f10x_usart.o
    0x08003980   0x0000009c   Code   RO         2962    i.USART_DeInit      stm32f10x_usart.o
    0x08003a1c   0x0000001a   Code   RO         2963    i.USART_GetFlagStatus  stm32f10x_usart.o
    0x08003a36   0x00000054   Code   RO         2964    i.USART_GetITStatus  stm32f10x_usart.o
    0x08003a8a   0x0000004a   Code   RO         2966    i.USART_ITConfig    stm32f10x_usart.o
    0x08003ad4   0x000000d8   Code   RO         2967    i.USART_Init        stm32f10x_usart.o
    0x08003bac   0x0000000a   Code   RO         2974    i.USART_ReceiveData  stm32f10x_usart.o
    0x08003bb6   0x00000008   Code   RO         2977    i.USART_SendData    stm32f10x_usart.o
    0x08003bbe   0x00000004   Code   RO         4789    i.UsageFault_Handler  stm32f10x_it.o
    0x08003bc2   0x00000002   PAD
    0x08003bc4   0x00000030   Code   RO         3645    i.Usart3_SendString  serial3.o
    0x08003bf4   0x00000048   Code   RO         3396    i.UsartPrintf       serial2.o
    0x08003c3c   0x00000020   Code   RO         5119    i.__0printf         mc_w.l(printfa.o)
    0x08003c5c   0x00000028   Code   RO         5121    i.__0sprintf        mc_w.l(printfa.o)
    0x08003c84   0x00000024   Code   RO         5124    i.__0vsnprintf      mc_w.l(printfa.o)
    0x08003ca8   0x00000028   Code   RO         5205    i.__ARM_fpclassify  m_ws.l(fpclassify.o)
    0x08003cd0   0x00000008   Code   RO         5245    i.__aeabi_errno_addr  mc_w.l(errno.o)
    0x08003cd8   0x000000aa   Code   RO         5207    i.__kernel_poly     m_ws.l(poly.o)
    0x08003d82   0x00000002   PAD
    0x08003d84   0x00000010   Code   RO         5191    i.__mathlib_dbl_divzero  m_ws.l(dunder.o)
    0x08003d94   0x00000004   Code   RO         5193    i.__mathlib_dbl_infnan2  m_ws.l(dunder.o)
    0x08003d98   0x0000000c   Code   RO         5194    i.__mathlib_dbl_invalid  m_ws.l(dunder.o)
    0x08003da4   0x0000000e   Code   RO         5195    i.__mathlib_dbl_overflow  m_ws.l(dunder.o)
    0x08003db2   0x00000002   PAD
    0x08003db4   0x00000010   Code   RO         5197    i.__mathlib_dbl_underflow  m_ws.l(dunder.o)
    0x08003dc4   0x0000000e   Code   RO         5301    i.__scatterload_copy  mc_w.l(handlers.o)
    0x08003dd2   0x00000002   Code   RO         5302    i.__scatterload_null  mc_w.l(handlers.o)
    0x08003dd4   0x0000000e   Code   RO         5303    i.__scatterload_zeroinit  mc_w.l(handlers.o)
    0x08003de2   0x00000002   PAD
    0x08003de4   0x0000000c   Code   RO         5247    i.__set_errno       mc_w.l(errno.o)
    0x08003df0   0x00000164   Code   RO         5126    i._fp_digits        mc_w.l(printfa.o)
    0x08003f54   0x000006dc   Code   RO         5127    i._printf_core      mc_w.l(printfa.o)
    0x08004630   0x00000024   Code   RO         5128    i._printf_post_padding  mc_w.l(printfa.o)
    0x08004654   0x0000002e   Code   RO         5129    i._printf_pre_padding  mc_w.l(printfa.o)
    0x08004682   0x00000016   Code   RO         5130    i._snputc           mc_w.l(printfa.o)
    0x08004698   0x0000000a   Code   RO         5131    i._sputc            mc_w.l(printfa.o)
    0x080046a2   0x00000002   PAD
    0x080046a4   0x00000058   Code   RO         4113    i.cJSON_Delete      cjson.o
    0x080046fc   0x0000000c   Code   RO         4121    i.cJSON_GetErrorPtr  cjson.o
    0x08004708   0x0000001e   Code   RO         4122    i.cJSON_GetObjectItem  cjson.o
    0x08004726   0x00000002   PAD
    0x08004728   0x00000020   Code   RO         4126    i.cJSON_New_Item    cjson.o
    0x08004748   0x00000010   Code   RO         4127    i.cJSON_Parse       cjson.o
    0x08004758   0x00000064   Code   RO         4128    i.cJSON_ParseWithOpts  cjson.o
    0x080047bc   0x0000004c   Code   RO         4134    i.cJSON_strcasecmp  cjson.o
    0x08004808   0x00000044   Code   RO         3196    i.delay_init        delay.o
    0x0800484c   0x0000004c   Code   RO         3197    i.delay_ms          delay.o
    0x08004898   0x0000004c   Code   RO         3198    i.delay_us          delay.o
    0x080048e4   0x0000001c   Code   RO         3397    i.fputc             serial2.o
    0x08004900   0x00000050   Code   RO         5147    i.free              mc_w.l(malloc.o)
    0x08004950   0x0000032c   Code   RO         4724    i.main              main.o
    0x08004c7c   0x0000006c   Code   RO         5148    i.malloc            mc_w.l(malloc.o)
    0x08004ce8   0x00000016   Code   RO         4478    i.mypow             gui.o
    0x08004cfe   0x00000002   PAD
    0x08004d00   0x000000ac   Code   RO         4138    i.parse_array       cjson.o
    0x08004dac   0x00000114   Code   RO         4139    i.parse_hex4        cjson.o
    0x08004ec0   0x000001bc   Code   RO         4140    i.parse_number      cjson.o
    0x0800507c   0x00000114   Code   RO         4141    i.parse_object      cjson.o
    0x08005190   0x000001cc   Code   RO         4142    i.parse_string      cjson.o
    0x0800535c   0x000000bc   Code   RO         4143    i.parse_value       cjson.o
    0x08005418   0x000009b8   Code   RO         4849    i.pow               m_ws.l(pow.o)
    0x08005dd0   0x00000012   Code   RO         4151    i.skip              cjson.o
    0x08005de2   0x0000004c   Code   RO         5211    i.sqrt              m_ws.l(sqrt.o)
    0x08005e2e   0x00000007   Data   RO         4154    .constdata          cjson.o
    0x08005e35   0x00000fd0   Data   RO         4479    .constdata          gui.o
    0x08006e05   0x00000003   PAD
    0x08006e08   0x00000008   Data   RO         4725    .constdata          main.o
    0x08006e10   0x00000088   Data   RO         4850    .constdata          m_ws.l(pow.o)
    0x08006e98   0x00000008   Data   RO         5209    .constdata          m_ws.l(qnan.o)
    0x08006ea0   0x00000081   Data   RO         5266    .constdata          mc_w.l(ctype_o.o)
    0x08006f21   0x00000003   PAD
    0x08006f24   0x00000004   Data   RO         5267    .constdata          mc_w.l(ctype_o.o)
    0x08006f28   0x0000001e   Data   RO         4726    .conststring        main.o
    0x08006f46   0x00000002   PAD
    0x08006f48   0x00000020   Data   RO         5299    Region$$Table       anon$$obj.o


    Execution Region ER_RW (Base: 0x20000000, Size: 0x0000005c, Max: 0xffffffff, ABSOLUTE)

    Base Addr    Size         Type   Attr      Idx    E Section Name        Object

    0x20000000   0x00000014   Data   RW           21    .data               system_stm32f10x.o
    0x20000014   0x00000014   Data   RW         1805    .data               stm32f10x_rcc.o
    0x20000028   0x00000004   Data   RW         3199    .data               delay.o
    0x2000002c   0x00000002   Data   RW         3401    .data               serial2.o
    0x2000002e   0x00000004   Data   RW         3504    .data               esp8266.o
    0x20000032   0x00000002   Data   RW         3716    .data               serial.o
    0x20000034   0x00000004   Data   RW         4051    .data               onenet.o
    0x20000038   0x0000000c   Data   RW         4155    .data               cjson.o
    0x20000044   0x00000003   Data   RW         4727    .data               main.o
    0x20000047   0x00000001   PAD
    0x20000048   0x00000004   Data   RW         4864    .data               mc_w.l(rand.o)
    0x2000004c   0x00000004   Data   RW         5232    .data               mc_w.l(stdout.o)
    0x20000050   0x00000004   Data   RW         5243    .data               mc_w.l(mvars.o)
    0x20000054   0x00000004   Data   RW         5244    .data               mc_w.l(mvars.o)
    0x20000058   0x00000004   Data   RW         5248    .data               mc_w.l(errno.o)


    Execution Region ER_ZI (Base: 0x2000005c, Size: 0x00000d94, Max: 0xffffffff, ABSOLUTE)

    Base Addr    Size         Type   Attr      Idx    E Section Name        Object

    0x2000005c   0x00000106   Zero   RW         3400    .bss                serial2.o
    0x20000162   0x00000080   Zero   RW         3503    .bss                esp8266.o
    0x200001e2   0x00000106   Zero   RW         3646    .bss                serial3.o
    0x200002e8   0x00000106   Zero   RW         3715    .bss                serial.o
    0x200003ee   0x00000400   Zero   RW         4605    .bss                oled.o
    0x200007ee   0x00000002   PAD
    0x200007f0   0x00000200   Zero   RW          131    HEAP                startup_stm32f10x_md.o
    0x200009f0   0x00000400   Zero   RW          130    STACK               startup_stm32f10x_md.o


==============================================================================

Image component sizes


      Code (inc. data)   RO Data    RW Data    ZI Data      Debug   Object Name

      2188         88          7         12          0      12069   cjson.o
         0          0          0          0          0       4536   core_cm3.o
       220         26          0          4          0       1563   delay.o
       444         28          0          0          0       4125   dht11.o
       912        392          0          4        128       4903   esp8266.o
        52          6          0          0          0        459   fan.o
       574         10       4048          0          0       4399   gui.o
       588         42          0          0          0       2543   key.o
        84         16          0          0          0       1268   led.o
       812        158         38          3          0       1392   main.o
       172         22          0          0          0     207345   misc.o
      2812         34          0          0          0      17353   mqttkit.o
       610         26          0          0       1024       3697   oled.o
      2012        962          0          4          0       7316   onenet.o
       106          0          0          0          0       1876   ring_queue.o
       276         36          0          2        262       1404   serial.o
       372         40          0          2        262       5264   serial2.o
       306         22          0          0        262       3019   serial3.o
       148         10          0          0          0        608   sg90.o
       776         86          0          0          0       6402   sgp30.o
       166         10          0          0          0       1352   spi.o
        36          8        236          0       1536        764   startup_stm32f10x_md.o
         0          0          0          0          0       1652   stm32f10x_adc.o
       200         18          0          0          0       4056   stm32f10x_exti.o
       512         10          0          0          0      13104   stm32f10x_gpio.o
        26          0          0          0          0       3658   stm32f10x_it.o
       340         44          0         20          0      13992   stm32f10x_rcc.o
        84          0          0          0          0       8873   stm32f10x_spi.o
       344         52          0          0          0      23608   stm32f10x_tim.o
       646         28          0          0          0      13448   stm32f10x_usart.o
       328         28          0         20          0      52317   system_stm32f10x.o

    ----------------------------------------------------------------------
     16170       2202       4366         72       3476     428365   Object Totals
         0          0         32          0          0          0   (incl. Generated)
        24          0          5          1          2          0   (incl. Padding)

    ----------------------------------------------------------------------

      Code (inc. data)   RO Data    RW Data    ZI Data      Debug   Library Member Name

        62         10          0          0          0        340   dunder.o
        40          0          0          0          0         68   fpclassify.o
       170          0          0          0          0         96   poly.o
      2488        190        136          0          0        300   pow.o
         0          0          8          0          0          0   qnan.o
        76          0          0          0          0         84   sqrt.o
        28          0          0          0          0         68   _chval.o
       158          0          0          0          0         92   _strtoul.o
        26          0          0          0          0         80   atoi.o
         8          4        133          0          0         68   ctype_o.o
         0          0          0          0          0          0   entry.o
         0          0          0          0          0          0   entry10a.o
         0          0          0          0          0          0   entry11a.o
         8          4          0          0          0          0   entry2.o
         4          0          0          0          0          0   entry5.o
         0          0          0          0          0          0   entry7b.o
         0          0          0          0          0          0   entry8b.o
         8          4          0          0          0          0   entry9a.o
        20         10          0          4          0        136   errno.o
        30          0          0          0          0          0   handlers.o
        36          8          0          0          0         68   init.o
         0          0          0          0          0          0   iusefp.o
        30          0          0          0          0         68   llshl.o
        36          0          0          0          0         68   llsshr.o
        32          0          0          0          0         68   llushr.o
       188         20          0          0          0        160   malloc.o
        36          0          0          0          0         68   memcpya.o
        36          0          0          0          0        108   memseta.o
         0          0          0          8          0          0   mvars.o
      2334        100          0          0          0        744   printfa.o
        36         10          0          4          0        136   rand.o
         0          0          0          4          0          0   stdout.o
        20          0          0          0          0         68   strchr.o
        28          0          0          0          0         76   strcmp.o
        14          0          0          0          0         68   strlen.o
        40          0          0          0          0         76   strncat.o
        30          0          0          0          0         80   strncmp.o
        36          0          0          0          0         80   strstr.o
       112          0          0          0          0         88   strtol.o
        12          0          0          0          0         68   tolower.o
        44          0          0          0          0         80   uidiv.o
        98          0          0          0          0         92   uldiv.o
        48          0          0          0          0         68   cdrcmple.o
       334          0          0          0          0        148   dadd.o
       222          0          0          0          0        100   ddiv.o
       186          0          0          0          0        176   depilogue.o
        62          0          0          0          0         80   dfixi.o
        48          0          0          0          0         68   dfixul.o
        34          0          0          0          0         76   dflti.o
       228          0          0          0          0         96   dmul.o
        46          0          0          0          0         80   dscalb.o
       162          0          0          0          0        100   dsqrt.o

    ----------------------------------------------------------------------
      7704        360        280         20          0       4588   Library Totals
        10          0          3          0          0          0   (incl. Padding)

    ----------------------------------------------------------------------

      Code (inc. data)   RO Data    RW Data    ZI Data      Debug   Library Name

      2836        200        144          0          0        888   m_ws.l
      3488        160        133         20          0       2708   mc_w.l
      1370          0          0          0          0        992   mf_w.l

    ----------------------------------------------------------------------
      7704        360        280         20          0       4588   Library Totals

    ----------------------------------------------------------------------

==============================================================================


      Code (inc. data)   RO Data    RW Data    ZI Data      Debug   

     23874       2562       4646         92       3476     422965   Grand Totals
     23874       2562       4646         92       3476     422965   ELF Image Totals
     23874       2562       4646         92          0          0   ROM Totals

==============================================================================

    Total RO  Size (Code + RO Data)                28520 (  27.85kB)
    Total RW  Size (RW Data + ZI Data)              3568 (   3.48kB)
    Total ROM Size (Code + RO Data + RW Data)      28612 (  27.94kB)

==============================================================================

