Component: ARM Compiler 5.05 update 1 (build 106) Tool: armlink [4d0efa]

==============================================================================

Section Cross References

    system_stm32f10x.o(i.SetSysClock) refers to system_stm32f10x.o(i.SetSysClockTo72) for SetSysClockTo72
    system_stm32f10x.o(i.SystemCoreClockUpdate) refers to system_stm32f10x.o(.data) for SystemCoreClock
    system_stm32f10x.o(i.SystemInit) refers to system_stm32f10x.o(i.SetSysClock) for SetSysClock
    startup_stm32f10x_hd.o(RESET) refers to startup_stm32f10x_hd.o(STACK) for __initial_sp
    startup_stm32f10x_hd.o(RESET) refers to startup_stm32f10x_hd.o(.text) for Reset_Handler
    startup_stm32f10x_hd.o(RESET) refers to stm32f10x_it.o(i.NMI_Handler) for NMI_Handler
    startup_stm32f10x_hd.o(RESET) refers to stm32f10x_it.o(i.HardFault_Handler) for HardFault_Handler
    startup_stm32f10x_hd.o(RESET) refers to stm32f10x_it.o(i.MemManage_Handler) for MemManage_Handler
    startup_stm32f10x_hd.o(RESET) refers to stm32f10x_it.o(i.BusFault_Handler) for BusFault_Handler
    startup_stm32f10x_hd.o(RESET) refers to stm32f10x_it.o(i.UsageFault_Handler) for UsageFault_Handler
    startup_stm32f10x_hd.o(RESET) refers to stm32f10x_it.o(i.SVC_Handler) for SVC_Handler
    startup_stm32f10x_hd.o(RESET) refers to stm32f10x_it.o(i.DebugMon_Handler) for DebugMon_Handler
    startup_stm32f10x_hd.o(RESET) refers to stm32f10x_it.o(i.PendSV_Handler) for PendSV_Handler
    startup_stm32f10x_hd.o(RESET) refers to stm32f10x_it.o(i.SysTick_Handler) for SysTick_Handler
    startup_stm32f10x_hd.o(RESET) refers to serial.o(i.USART1_IRQHandler) for USART1_IRQHandler
    startup_stm32f10x_hd.o(RESET) refers to serial2.o(i.USART2_IRQHandler) for USART2_IRQHandler
    startup_stm32f10x_hd.o(RESET) refers to esp8266.o(i.USART3_IRQHandler) for USART3_IRQHandler
    startup_stm32f10x_hd.o(.text) refers to system_stm32f10x.o(i.SystemInit) for SystemInit
    startup_stm32f10x_hd.o(.text) refers to entry.o(.ARM.Collect$$$$00000000) for __main
    stm32f10x_adc.o(i.ADC_DeInit) refers to stm32f10x_rcc.o(i.RCC_APB2PeriphResetCmd) for RCC_APB2PeriphResetCmd
    stm32f10x_bkp.o(i.BKP_DeInit) refers to stm32f10x_rcc.o(i.RCC_BackupResetCmd) for RCC_BackupResetCmd
    stm32f10x_can.o(i.CAN_DeInit) refers to stm32f10x_rcc.o(i.RCC_APB1PeriphResetCmd) for RCC_APB1PeriphResetCmd
    stm32f10x_can.o(i.CAN_GetITStatus) refers to stm32f10x_can.o(i.CheckITStatus) for CheckITStatus
    stm32f10x_cec.o(i.CEC_DeInit) refers to stm32f10x_rcc.o(i.RCC_APB1PeriphResetCmd) for RCC_APB1PeriphResetCmd
    stm32f10x_dac.o(i.DAC_DeInit) refers to stm32f10x_rcc.o(i.RCC_APB1PeriphResetCmd) for RCC_APB1PeriphResetCmd
    stm32f10x_flash.o(i.FLASH_EnableWriteProtection) refers to stm32f10x_flash.o(i.FLASH_WaitForLastOperation) for FLASH_WaitForLastOperation
    stm32f10x_flash.o(i.FLASH_EraseAllBank1Pages) refers to stm32f10x_flash.o(i.FLASH_WaitForLastBank1Operation) for FLASH_WaitForLastBank1Operation
    stm32f10x_flash.o(i.FLASH_EraseAllPages) refers to stm32f10x_flash.o(i.FLASH_WaitForLastOperation) for FLASH_WaitForLastOperation
    stm32f10x_flash.o(i.FLASH_EraseOptionBytes) refers to stm32f10x_flash.o(i.FLASH_GetReadOutProtectionStatus) for FLASH_GetReadOutProtectionStatus
    stm32f10x_flash.o(i.FLASH_EraseOptionBytes) refers to stm32f10x_flash.o(i.FLASH_WaitForLastOperation) for FLASH_WaitForLastOperation
    stm32f10x_flash.o(i.FLASH_ErasePage) refers to stm32f10x_flash.o(i.FLASH_WaitForLastOperation) for FLASH_WaitForLastOperation
    stm32f10x_flash.o(i.FLASH_ProgramHalfWord) refers to stm32f10x_flash.o(i.FLASH_WaitForLastOperation) for FLASH_WaitForLastOperation
    stm32f10x_flash.o(i.FLASH_ProgramOptionByteData) refers to stm32f10x_flash.o(i.FLASH_WaitForLastOperation) for FLASH_WaitForLastOperation
    stm32f10x_flash.o(i.FLASH_ProgramWord) refers to stm32f10x_flash.o(i.FLASH_WaitForLastOperation) for FLASH_WaitForLastOperation
    stm32f10x_flash.o(i.FLASH_ReadOutProtection) refers to stm32f10x_flash.o(i.FLASH_WaitForLastOperation) for FLASH_WaitForLastOperation
    stm32f10x_flash.o(i.FLASH_UserOptionByteConfig) refers to stm32f10x_flash.o(i.FLASH_WaitForLastOperation) for FLASH_WaitForLastOperation
    stm32f10x_flash.o(i.FLASH_WaitForLastBank1Operation) refers to stm32f10x_flash.o(i.FLASH_GetBank1Status) for FLASH_GetBank1Status
    stm32f10x_flash.o(i.FLASH_WaitForLastOperation) refers to stm32f10x_flash.o(i.FLASH_GetBank1Status) for FLASH_GetBank1Status
    stm32f10x_gpio.o(i.GPIO_AFIODeInit) refers to stm32f10x_rcc.o(i.RCC_APB2PeriphResetCmd) for RCC_APB2PeriphResetCmd
    stm32f10x_gpio.o(i.GPIO_DeInit) refers to stm32f10x_rcc.o(i.RCC_APB2PeriphResetCmd) for RCC_APB2PeriphResetCmd
    stm32f10x_i2c.o(i.I2C_DeInit) refers to stm32f10x_rcc.o(i.RCC_APB1PeriphResetCmd) for RCC_APB1PeriphResetCmd
    stm32f10x_i2c.o(i.I2C_Init) refers to stm32f10x_rcc.o(i.RCC_GetClocksFreq) for RCC_GetClocksFreq
[...]
    Removing stm32f10x_spi.o(i.SPI_I2S_ClearITPendingBit), (20 bytes).
    Removing stm32f10x_spi.o(i.SPI_I2S_DMACmd), (18 bytes).
    Removing stm32f10x_spi.o(i.SPI_I2S_DeInit), (88 bytes).
    Removing stm32f10x_spi.o(i.SPI_I2S_GetFlagStatus), (18 bytes).
    Removing stm32f10x_spi.o(i.SPI_I2S_GetITStatus), (52 bytes).
    Removing stm32f10x_spi.o(i.SPI_I2S_ITConfig), (32 bytes).
    Removing stm32f10x_spi.o(i.SPI_I2S_ReceiveData), (6 bytes).
    Removing stm32f10x_spi.o(i.SPI_I2S_SendData), (4 bytes).
    Removing stm32f10x_spi.o(i.SPI_Init), (60 bytes).
    Removing stm32f10x_spi.o(i.SPI_NSSInternalSoftwareConfig), (30 bytes).
    Removing stm32f10x_spi.o(i.SPI_SSOutputCmd), (24 bytes).
    Removing stm32f10x_spi.o(i.SPI_StructInit), (24 bytes).
    Removing stm32f10x_spi.o(i.SPI_TransmitCRC), (10 bytes).
    Removing stm32f10x_tim.o(i.TI1_Config), (128 bytes).
    Removing stm32f10x_tim.o(i.TI2_Config), (152 bytes).
    Removing stm32f10x_tim.o(i.TI3_Config), (144 bytes).
    Removing stm32f10x_tim.o(i.TI4_Config), (152 bytes).
    Removing stm32f10x_tim.o(i.TIM_ARRPreloadConfig), (24 bytes).
    Removing stm32f10x_tim.o(i.TIM_BDTRConfig), (32 bytes).
    Removing stm32f10x_tim.o(i.TIM_BDTRStructInit), (18 bytes).
    Removing stm32f10x_tim.o(i.TIM_CCPreloadControl), (24 bytes).
    Removing stm32f10x_tim.o(i.TIM_CCxCmd), (30 bytes).
    Removing stm32f10x_tim.o(i.TIM_CCxNCmd), (30 bytes).
    Removing stm32f10x_tim.o(i.TIM_ClearFlag), (6 bytes).
    Removing stm32f10x_tim.o(i.TIM_ClearITPendingBit), (6 bytes).
    Removing stm32f10x_tim.o(i.TIM_ClearOC1Ref), (18 bytes).
    Removing stm32f10x_tim.o(i.TIM_ClearOC2Ref), (24 bytes).
    Removing stm32f10x_tim.o(i.TIM_ClearOC3Ref), (18 bytes).
    Removing stm32f10x_tim.o(i.TIM_ClearOC4Ref), (24 bytes).
    Removing stm32f10x_tim.o(i.TIM_Cmd), (24 bytes).
    Removing stm32f10x_tim.o(i.TIM_CounterModeConfig), (18 bytes).
    Removing stm32f10x_tim.o(i.TIM_CtrlPWMOutputs), (30 bytes).
    Removing stm32f10x_tim.o(i.TIM_DMACmd), (18 bytes).
    Removing stm32f10x_tim.o(i.TIM_DMAConfig), (10 bytes).
    Removing stm32f10x_tim.o(i.TIM_DeInit), (488 bytes).
    Removing stm32f10x_tim.o(i.TIM_ETRClockMode1Config), (54 bytes).
    Removing stm32f10x_tim.o(i.TIM_ETRClockMode2Config), (32 bytes).
    Removing stm32f10x_tim.o(i.TIM_ETRConfig), (28 bytes).
    Removing stm32f10x_tim.o(i.TIM_EncoderInterfaceConfig), (66 bytes).
    Removing stm32f10x_tim.o(i.TIM_ForcedOC1Config), (18 bytes).
    Removing stm32f10x_tim.o(i.TIM_ForcedOC2Config), (26 bytes).
    Removing stm32f10x_tim.o(i.TIM_ForcedOC3Config), (18 bytes).
    Removing stm32f10x_tim.o(i.TIM_ForcedOC4Config), (26 bytes).
    Removing stm32f10x_tim.o(i.TIM_GenerateEvent), (4 bytes).
    Removing stm32f10x_tim.o(i.TIM_GetCapture1), (6 bytes).
    Removing stm32f10x_tim.o(i.TIM_GetCapture2), (6 bytes).
    Removing stm32f10x_tim.o(i.TIM_GetCapture3), (6 bytes).
    Removing stm32f10x_tim.o(i.TIM_GetCapture4), (8 bytes).
    Removing stm32f10x_tim.o(i.TIM_GetCounter), (6 bytes).
    Removing stm32f10x_tim.o(i.TIM_GetFlagStatus), (18 bytes).
    Removing stm32f10x_tim.o(i.TIM_GetITStatus), (34 bytes).
    Removing stm32f10x_tim.o(i.TIM_GetPrescaler), (6 bytes).
    Removing stm32f10x_tim.o(i.TIM_ICInit), (172 bytes).
    Removing stm32f10x_tim.o(i.TIM_ICStructInit), (18 bytes).
    Removing stm32f10x_tim.o(i.TIM_ITConfig), (18 bytes).
    Removing stm32f10x_tim.o(i.TIM_ITRxExternalClockConfig), (24 bytes).
    Removing stm32f10x_tim.o(i.TIM_InternalClockConfig), (12 bytes).
    Removing stm32f10x_tim.o(i.TIM_OC1FastConfig), (18 bytes).
    Removing stm32f10x_tim.o(i.TIM_OC1Init), (152 bytes).
    Removing stm32f10x_tim.o(i.TIM_OC1NPolarityConfig), (18 bytes).
    Removing stm32f10x_tim.o(i.TIM_OC1PolarityConfig), (18 bytes).
    Removing stm32f10x_tim.o(i.TIM_OC1PreloadConfig), (18 bytes).
    Removing stm32f10x_tim.o(i.TIM_OC2FastConfig), (26 bytes).
    Removing stm32f10x_tim.o(i.TIM_OC2Init), (164 bytes).
    Removing stm32f10x_tim.o(i.TIM_OC2NPolarityConfig), (26 bytes).
    Removing stm32f10x_tim.o(i.TIM_OC2PolarityConfig), (26 bytes).
    Removing stm32f10x_tim.o(i.TIM_OC2PreloadConfig), (26 bytes).
    Removing stm32f10x_tim.o(i.TIM_OC3FastConfig), (18 bytes).
    Removing stm32f10x_tim.o(i.TIM_OC3Init), (160 bytes).
    Removing stm32f10x_tim.o(i.TIM_OC3NPolarityConfig), (26 bytes).
    Removing stm32f10x_tim.o(i.TIM_OC3PolarityConfig), (26 bytes).
    Removing stm32f10x_tim.o(i.TIM_OC3PreloadConfig), (18 bytes).
    Removing stm32f10x_tim.o(i.TIM_OC4FastConfig), (26 bytes).
    Removing stm32f10x_tim.o(i.TIM_OC4Init), (124 bytes).
    Removing stm32f10x_tim.o(i.TIM_OC4PolarityConfig), (26 bytes).
    Removing stm32f10x_tim.o(i.TIM_OC4PreloadConfig), (26 bytes).
    Removing stm32f10x_tim.o(i.TIM_OCStructInit), (20 bytes).
    Removing stm32f10x_tim.o(i.TIM_PWMIConfig), (124 bytes).
    Removing stm32f10x_tim.o(i.TIM_PrescalerConfig), (6 bytes).
    Removing stm32f10x_tim.o(i.TIM_SelectCCDMA), (24 bytes).
    Removing stm32f10x_tim.o(i.TIM_SelectCOM), (24 bytes).
    Removing stm32f10x_tim.o(i.TIM_SelectHallSensor), (24 bytes).
    Removing stm32f10x_tim.o(i.TIM_SelectInputTrigger), (18 bytes).
    Removing stm32f10x_tim.o(i.TIM_SelectMasterSlaveMode), (18 bytes).
    Removing stm32f10x_tim.o(i.TIM_SelectOCxM), (82 bytes).
    Removing stm32f10x_tim.o(i.TIM_SelectOnePulseMode), (18 bytes).
    Removing stm32f10x_tim.o(i.TIM_SelectOutputTrigger), (18 bytes).
    Removing stm32f10x_tim.o(i.TIM_SelectSlaveMode), (18 bytes).
    Removing stm32f10x_tim.o(i.TIM_SetAutoreload), (4 bytes).
    Removing stm32f10x_tim.o(i.TIM_SetClockDivision), (18 bytes).
    Removing stm32f10x_tim.o(i.TIM_SetCompare1), (4 bytes).
    Removing stm32f10x_tim.o(i.TIM_SetCompare2), (4 bytes).
    Removing stm32f10x_tim.o(i.TIM_SetCompare3), (4 bytes).
    Removing stm32f10x_tim.o(i.TIM_SetCompare4), (6 bytes).
    Removing stm32f10x_tim.o(i.TIM_SetCounter), (4 bytes).
    Removing stm32f10x_tim.o(i.TIM_SetIC1Prescaler), (18 bytes).
    Removing stm32f10x_tim.o(i.TIM_SetIC2Prescaler), (26 bytes).
    Removing stm32f10x_tim.o(i.TIM_SetIC3Prescaler), (18 bytes).
    Removing stm32f10x_tim.o(i.TIM_SetIC4Prescaler), (26 bytes).
    Removing stm32f10x_tim.o(i.TIM_TIxExternalClockConfig), (62 bytes).
    Removing stm32f10x_tim.o(i.TIM_TimeBaseInit), (164 bytes).
    Removing stm32f10x_tim.o(i.TIM_TimeBaseStructInit), (18 bytes).
    Removing stm32f10x_tim.o(i.TIM_UpdateDisableConfig), (24 bytes).
    Removing stm32f10x_tim.o(i.TIM_UpdateRequestConfig), (24 bytes).
    Removing stm32f10x_usart.o(i.USART_ClockInit), (34 bytes).
    Removing stm32f10x_usart.o(i.USART_ClockStructInit), (12 bytes).
    Removing stm32f10x_usart.o(i.USART_DMACmd), (18 bytes).
    Removing stm32f10x_usart.o(i.USART_HalfDuplexCmd), (24 bytes).
    Removing stm32f10x_usart.o(i.USART_IrDACmd), (24 bytes).
    Removing stm32f10x_usart.o(i.USART_IrDAConfig), (18 bytes).
    Removing stm32f10x_usart.o(i.USART_LINBreakDetectLengthConfig), (18 bytes).
    Removing stm32f10x_usart.o(i.USART_LINCmd), (24 bytes).
    Removing stm32f10x_usart.o(i.USART_OneBitMethodCmd), (24 bytes).
    Removing stm32f10x_usart.o(i.USART_OverSampling8Cmd), (22 bytes).
    Removing stm32f10x_usart.o(i.USART_ReceiverWakeUpCmd), (24 bytes).
    Removing stm32f10x_usart.o(i.USART_SendBreak), (10 bytes).
    Removing stm32f10x_usart.o(i.USART_SetAddress), (18 bytes).
    Removing stm32f10x_usart.o(i.USART_SetGuardTime), (16 bytes).
    Removing stm32f10x_usart.o(i.USART_SetPrescaler), (16 bytes).
    Removing stm32f10x_usart.o(i.USART_SmartCardCmd), (24 bytes).
    Removing stm32f10x_usart.o(i.USART_SmartCardNACKCmd), (24 bytes).
    Removing stm32f10x_usart.o(i.USART_StructInit), (24 bytes).
    Removing stm32f10x_usart.o(i.USART_WakeUpConfig), (18 bytes).
    Removing stm32f10x_wwdg.o(i.WWDG_ClearFlag), (12 bytes).
    Removing stm32f10x_wwdg.o(i.WWDG_DeInit), (22 bytes).
    Removing stm32f10x_wwdg.o(i.WWDG_Enable), (16 bytes).
    Removing stm32f10x_wwdg.o(i.WWDG_EnableIT), (12 bytes).
    Removing stm32f10x_wwdg.o(i.WWDG_GetFlagStatus), (12 bytes).
    Removing stm32f10x_wwdg.o(i.WWDG_SetCounter), (16 bytes).
    Removing stm32f10x_wwdg.o(i.WWDG_SetPrescaler), (24 bytes).
    Removing stm32f10x_wwdg.o(i.WWDG_SetWindowValue), (40 bytes).
    Removing sys.o(.emb_text), (6 bytes).
    Removing sys.o(i.INTX_DISABLE), (4 bytes).
    Removing sys.o(i.INTX_ENABLE), (4 bytes).
    Removing sys.o(i.WFI_SET), (4 bytes).
    Removing key.o(i.Key_Init), (60 bytes).
    Removing key.o(i.Key_scan), (152 bytes).
    Removing key.o(.data), (1 bytes).
    Removing led.o(i.LED2_Turn), (44 bytes).
    Removing ring_queue_1.o(i.Queue_Clear), (14 bytes).
    Removing ring_queue_1.o(i.Queue_Get), (56 bytes).
    Removing ring_queue_1.o(i.Queue_IfEmpty), (14 bytes).
    Removing ring_queue_1.o(i.Queue_Length), (6 bytes).
    Removing ring_queue_1.o(i.Queue_QueryHead), (22 bytes).
    Removing serial3.o(i.Get_Byte_WiFi), (20 bytes).
    Removing serial3.o(i.Serial3_Pow), (20 bytes).
    Removing serial3.o(i.Serial3_SendArray), (26 bytes).
    Removing serial3.o(i.Serial3_SendByte), (32 bytes).
    Removing serial3.o(i.Serial3_SendNumber), (58 bytes).
    Removing serial3.o(i.Serial3_SendString), (26 bytes).
    Removing serial3.o(.data), (4 bytes).
    Removing serial2.o(i.Serial2_GetData), (12 bytes).
    Removing serial2.o(i.Serial2_GetRxFlag), (28 bytes).
    Removing serial2.o(i.Serial2_Pow), (20 bytes).
    Removing serial2.o(i.Serial2_SendArray), (26 bytes).
    Removing serial2.o(i.Serial2_SendNumber), (58 bytes).
    Removing serial2.o(i.Usart2_SendString), (48 bytes).
    Removing serial2.o(i.fputc), (28 bytes).
    Removing serial2.o(i.strtou32), (54 bytes).
    Removing serial2.o(i.u32tostr), (88 bytes).
    Removing serial.o(i.Serial_GetData), (12 bytes).
    Removing serial.o(i.Serial_GetRxFlag), (28 bytes).
    Removing serial.o(i.Serial_Pow), (20 bytes).
    Removing serial.o(i.Serial_SendArray), (26 bytes).
    Removing serial.o(i.Serial_SendByte), (32 bytes).
    Removing serial.o(i.Serial_SendNumber), (58 bytes).
    Removing serial.o(i.Serial_SendString), (26 bytes).
    Removing mqttkit.o(i.MQTT_PacketDisConnect), (48 bytes).
    Removing mqttkit.o(i.MQTT_PacketPing), (48 bytes).
    Removing mqttkit.o(i.MQTT_PacketSaveBinData), (212 bytes).
    Removing mqttkit.o(i.MQTT_PacketSaveData), (92 bytes).
    Removing mqttkit.o(i.MQTT_PacketSubscribe), (254 bytes).
    Removing mqttkit.o(i.MQTT_PacketUnSubscribe), (238 bytes).
    Removing onenet.o(i.OneNet_Subscribe), (108 bytes).

495 unused section(s) (total 20047 bytes) removed from the image.

==============================================================================

Image Symbol Table

    Local Symbols

    Symbol Name                              Value     Ov Type        Size  Object(Section)

    ../clib/microlib/ctype/ctype.c           0x00000000   Number         0  isxdigit_o.o ABSOLUTE
    ../clib/microlib/ctype/ctype.c           0x00000000   Number         0  isalnum_o.o ABSOLUTE
    ../clib/microlib/ctype/ctype.c           0x00000000   Number         0  ctype_o.o ABSOLUTE
    ../clib/microlib/ctype/ctype.c           0x00000000   Number         0  isblank_o.o ABSOLUTE
    ../clib/microlib/ctype/ctype.c           0x00000000   Number         0  isalpha_o.o ABSOLUTE
    ../clib/microlib/ctype/ctype.c           0x00000000   Number         0  isupper_o.o ABSOLUTE
    ../clib/microlib/ctype/ctype.c           0x00000000   Number         0  isspace_o.o ABSOLUTE
    ../clib/microlib/ctype/ctype.c           0x00000000   Number         0  ispunct_o.o ABSOLUTE
    ../clib/microlib/ctype/ctype.c           0x00000000   Number         0  isprint_o.o ABSOLUTE
    ../clib/microlib/ctype/ctype.c           0x00000000   Number         0  islower_o.o ABSOLUTE
    ../clib/microlib/ctype/ctype.c           0x00000000   Number         0  isgraph_o.o ABSOLUTE
    ../clib/microlib/ctype/ctype.c           0x00000000   Number         0  isdigit_o.o ABSOLUTE
    ../clib/microlib/ctype/ctype.c           0x00000000   Number         0  iscntrl_o.o ABSOLUTE
    ../clib/microlib/division.c              0x00000000   Number         0  uldiv.o ABSOLUTE
    ../clib/microlib/division.c              0x00000000   Number         0  uidiv.o ABSOLUTE
    ../clib/microlib/errno.c                 0x00000000   Number         0  errno.o ABSOLUTE
    ../clib/microlib/init/entry.s            0x00000000   Number         0  entry9a.o ABSOLUTE
    ../clib/microlib/init/entry.s            0x00000000   Number         0  entry9b.o ABSOLUTE
    ../clib/microlib/init/entry.s            0x00000000   Number         0  entry11a.o ABSOLUTE
    ../clib/microlib/init/entry.s            0x00000000   Number         0  entry10a.o ABSOLUTE
    ../clib/microlib/init/entry.s            0x00000000   Number         0  entry10b.o ABSOLUTE
    ../clib/microlib/init/entry.s            0x00000000   Number         0  entry8b.o ABSOLUTE
    ../clib/microlib/init/entry.s            0x00000000   Number         0  entry2.o ABSOLUTE
    ../clib/microlib/init/entry.s            0x00000000   Number         0  entry5.o ABSOLUTE
    ../clib/microlib/init/entry.s            0x00000000   Number         0  entry7a.o ABSOLUTE
    ../clib/microlib/init/entry.s            0x00000000   Number         0  entry7b.o ABSOLUTE
    ../clib/microlib/init/entry.s            0x00000000   Number         0  entry8a.o ABSOLUTE
    ../clib/microlib/init/entry.s            0x00000000   Number         0  entry.o ABSOLUTE
    ../clib/microlib/init/entry.s            0x00000000   Number         0  entry11b.o ABSOLUTE
    ../clib/microlib/longlong.c              0x00000000   Number         0  llsshr.o ABSOLUTE
    ../clib/microlib/longlong.c              0x00000000   Number         0  llshl.o ABSOLUTE
    ../clib/microlib/longlong.c              0x00000000   Number         0  llushr.o ABSOLUTE
    ../clib/microlib/malloc/malloc.c         0x00000000   Number         0  malloc.o ABSOLUTE
    ../clib/microlib/malloc/malloc.c         0x00000000   Number         0  malloca.o ABSOLUTE
    ../clib/microlib/malloc/malloc.c         0x00000000   Number         0  mallocra.o ABSOLUTE
    ../clib/microlib/malloc/malloc.c         0x00000000   Number         0  mallocr.o ABSOLUTE
    ../clib/microlib/malloc/mvars.c          0x00000000   Number         0  mvars.o ABSOLUTE
    ../clib/microlib/printf/printf.c         0x00000000   Number         0  printfa.o ABSOLUTE
    ../clib/microlib/printf/printf.c         0x00000000   Number         0  printf7.o ABSOLUTE
    ../clib/microlib/printf/printf.c         0x00000000   Number         0  printf5.o ABSOLUTE
    ../clib/microlib/printf/printf.c         0x00000000   Number         0  printf1.o ABSOLUTE
    ../clib/microlib/printf/printf.c         0x00000000   Number         0  printf6.o ABSOLUTE
    ../clib/microlib/printf/printf.c         0x00000000   Number         0  printf8.o ABSOLUTE
    ../clib/microlib/printf/printf.c         0x00000000   Number         0  printf4.o ABSOLUTE
    ../clib/microlib/printf/printf.c         0x00000000   Number         0  printf3.o ABSOLUTE
    ../clib/microlib/printf/printf.c         0x00000000   Number         0  printf2.o ABSOLUTE
    ../clib/microlib/printf/printf.c         0x00000000   Number         0  printf0.o ABSOLUTE
    ../clib/microlib/printf/printf.c         0x00000000   Number         0  printfb.o ABSOLUTE
    ../clib/microlib/printf/stubs.s          0x00000000   Number         0  stubs.o ABSOLUTE
    ../clib/microlib/stdio/streams.c         0x00000000   Number         0  stdout.o ABSOLUTE
    ../clib/microlib/string/memcpy.c         0x00000000   Number         0  memcpya.o ABSOLUTE
    ../clib/microlib/string/memcpy.c         0x00000000   Number         0  memcpyb.o ABSOLUTE
    ../clib/microlib/string/memset.c         0x00000000   Number         0  memseta.o ABSOLUTE
    ../clib/microlib/string/strchr.c         0x00000000   Number         0  strchr.o ABSOLUTE
    ../clib/microlib/string/strlen.c         0x00000000   Number         0  strlen.o ABSOLUTE
    ../clib/microlib/string/strncat.c        0x00000000   Number         0  strncat.o ABSOLUTE
    ../clib/microlib/string/strstr.c         0x00000000   Number         0  strstr.o ABSOLUTE
    ../clib/microlib/stubs.s                 0x00000000   Number         0  iusefp.o ABSOLUTE
    ../clib/scanf.c                          0x00000000   Number         0  atoi.o ABSOLUTE
    ../clib/scanf.c                          0x00000000   Number         0  strtol.o ABSOLUTE
    ../clib/scanf.c                          0x00000000   Number         0  _strtoul.o ABSOLUTE
    ../clib/scanf.c                          0x00000000   Number         0  _chval.o ABSOLUTE
    ../fplib/microlib/fpadd.c                0x00000000   Number         0  dadd.o ABSOLUTE
    ../fplib/microlib/fpdiv.c                0x00000000   Number         0  ddiv.o ABSOLUTE
    ../fplib/microlib/fpepilogue.c           0x00000000   Number         0  depilogue.o ABSOLUTE
    ../fplib/microlib/fpfix.c                0x00000000   Number         0  dfixul.o ABSOLUTE
    ../fplib/microlib/fpmul.c                0x00000000   Number         0  dmul.o ABSOLUTE
    Hardware\Dht11.c                         0x00000000   Number         0  dht11.o ABSOLUTE
    Hardware\Key.c                           0x00000000   Number         0  key.o ABSOLUTE
    Hardware\LED.c                           0x00000000   Number         0  led.o ABSOLUTE
    Hardware\MqttKit.c                       0x00000000   Number         0  mqttkit.o ABSOLUTE
    Hardware\Ring_queue.c                    0x00000000   Number         0  ring_queue_1.o ABSOLUTE
    Hardware\Serial.c                        0x00000000   Number         0  serial.o ABSOLUTE
    Hardware\Serial2.c                       0x00000000   Number         0  serial2.o ABSOLUTE
    Hardware\Serial3.c                       0x00000000   Number         0  serial3.o ABSOLUTE
    Hardware\esp8266.c                       0x00000000   Number         0  esp8266.o ABSOLUTE
    Hardware\onenet.c                        0x00000000   Number         0  onenet.o ABSOLUTE
    Hardware\sgp30.c                         0x00000000   Number         0  sgp30.o ABSOLUTE
    Libraries\misc.c                         0x00000000   Number         0  misc.o ABSOLUTE
    Libraries\stm32f10x_adc.c                0x00000000   Number         0  stm32f10x_adc.o ABSOLUTE
    Libraries\stm32f10x_bkp.c                0x00000000   Number         0  stm32f10x_bkp.o ABSOLUTE
    Libraries\stm32f10x_can.c                0x00000000   Number         0  stm32f10x_can.o ABSOLUTE
    Libraries\stm32f10x_cec.c                0x00000000   Number         0  stm32f10x_cec.o ABSOLUTE
    Libraries\stm32f10x_crc.c                0x00000000   Number         0  stm32f10x_crc.o ABSOLUTE
    Libraries\stm32f10x_dac.c                0x00000000   Number         0  stm32f10x_dac.o ABSOLUTE
    Libraries\stm32f10x_dbgmcu.c             0x00000000   Number         0  stm32f10x_dbgmcu.o ABSOLUTE
    Libraries\stm32f10x_dma.c                0x00000000   Number         0  stm32f10x_dma.o ABSOLUTE
    Libraries\stm32f10x_exti.c               0x00000000   Number         0  stm32f10x_exti.o ABSOLUTE
    Libraries\stm32f10x_flash.c              0x00000000   Number         0  stm32f10x_flash.o ABSOLUTE
    Libraries\stm32f10x_fsmc.c               0x00000000   Number         0  stm32f10x_fsmc.o ABSOLUTE
    Libraries\stm32f10x_gpio.c               0x00000000   Number         0  stm32f10x_gpio.o ABSOLUTE
    Libraries\stm32f10x_i2c.c                0x00000000   Number         0  stm32f10x_i2c.o ABSOLUTE
    Libraries\stm32f10x_iwdg.c               0x00000000   Number         0  stm32f10x_iwdg.o ABSOLUTE
    Libraries\stm32f10x_pwr.c                0x00000000   Number         0  stm32f10x_pwr.o ABSOLUTE
    Libraries\stm32f10x_rcc.c                0x00000000   Number         0  stm32f10x_rcc.o ABSOLUTE
    Libraries\stm32f10x_rtc.c                0x00000000   Number         0  stm32f10x_rtc.o ABSOLUTE
    Libraries\stm32f10x_sdio.c               0x00000000   Number         0  stm32f10x_sdio.o ABSOLUTE
    Libraries\stm32f10x_spi.c                0x00000000   Number         0  stm32f10x_spi.o ABSOLUTE
    Libraries\stm32f10x_tim.c                0x00000000   Number         0  stm32f10x_tim.o ABSOLUTE
    Libraries\stm32f10x_usart.c              0x00000000   Number         0  stm32f10x_usart.o ABSOLUTE
    Libraries\stm32f10x_wwdg.c               0x00000000   Number         0  stm32f10x_wwdg.o ABSOLUTE
    Start\\core_cm3.c                        0x00000000   Number         0  core_cm3.o ABSOLUTE
    Start\core_cm3.c                         0x00000000   Number         0  core_cm3.o ABSOLUTE
    Start\startup_stm32f10x_hd.s             0x00000000   Number         0  startup_stm32f10x_hd.o ABSOLUTE
    Start\system_stm32f10x.c                 0x00000000   Number         0  system_stm32f10x.o ABSOLUTE
    System\Delay.c                           0x00000000   Number         0  delay.o ABSOLUTE
    System\\sys.c                            0x00000000   Number         0  sys.o ABSOLUTE
    System\sys.c                             0x00000000   Number         0  sys.o ABSOLUTE
    User\main.c                              0x00000000   Number         0  main.o ABSOLUTE
    User\stm32f10x_it.c                      0x00000000   Number         0  stm32f10x_it.o ABSOLUTE
    cdrcmple.s                               0x00000000   Number         0  cdrcmple.o ABSOLUTE
    dc.s                                     0x00000000   Number         0  dc.o ABSOLUTE
    handlers.s                               0x00000000   Number         0  handlers.o ABSOLUTE
    init.s                                   0x00000000   Number         0  init.o ABSOLUTE
    RESET                                    0x08000000   Section      304  startup_stm32f10x_hd.o(RESET)
    .ARM.Collect$$$$00000000                 0x08000130   Section        0  entry.o(.ARM.Collect$$$$00000000)
    .ARM.Collect$$$$00000001                 0x08000130   Section        4  entry2.o(.ARM.Collect$$$$00000001)
    .ARM.Collect$$$$00000004                 0x08000134   Section        4  entry5.o(.ARM.Collect$$$$00000004)
    .ARM.Collect$$$$00000008                 0x08000138   Section        0  entry7b.o(.ARM.Collect$$$$00000008)
    .ARM.Collect$$$$0000000A                 0x08000138   Section        0  entry8b.o(.ARM.Collect$$$$0000000A)
    .ARM.Collect$$$$0000000B                 0x08000138   Section        8  entry9a.o(.ARM.Collect$$$$0000000B)
    .ARM.Collect$$$$0000000D                 0x08000140   Section        0  entry10a.o(.ARM.Collect$$$$0000000D)
    .ARM.Collect$$$$0000000F                 0x08000140   Section        0  entry11a.o(.ARM.Collect$$$$0000000F)
    .ARM.Collect$$$$00002712                 0x08000140   Section        4  entry2.o(.ARM.Collect$$$$00002712)
    __lit__00000000                          0x08000140   Data           4  entry2.o(.ARM.Collect$$$$00002712)
    .text                                    0x08000144   Section       36  startup_stm32f10x_hd.o(.text)
    .text                                    0x08000168   Section        0  memcpya.o(.text)
    .text                                    0x0800018c   Section        0  memseta.o(.text)
    .text                                    0x080001b0   Section        0  strstr.o(.text)
    .text                                    0x080001d4   Section        0  strchr.o(.text)
    .text                                    0x080001e8   Section        0  strlen.o(.text)
    .text                                    0x080001f6   Section        0  strncat.o(.text)
    .text                                    0x0800021e   Section        0  atoi.o(.text)
    .text                                    0x08000238   Section        0  uidiv.o(.text)
    .text                                    0x08000264   Section        0  uldiv.o(.text)
    .text                                    0x080002c6   Section        0  strtol.o(.text)
    .text                                    0x08000336   Section        0  dadd.o(.text)
    .text                                    0x08000336   Section        0  iusefp.o(.text)
    .text                                    0x08000484   Section        0  dmul.o(.text)
    .text                                    0x08000568   Section        0  ddiv.o(.text)
    .text                                    0x08000646   Section        0  dfixul.o(.text)
    .text                                    0x08000678   Section       48  cdrcmple.o(.text)
    .text                                    0x080006a8   Section       36  init.o(.text)
    .text                                    0x080006cc   Section        0  llshl.o(.text)
    .text                                    0x080006ea   Section        0  llushr.o(.text)
    .text                                    0x0800070a   Section        0  llsshr.o(.text)
    .text                                    0x08000730   Section        0  ctype_o.o(.text)
    .text                                    0x08000738   Section        0  _strtoul.o(.text)
    .text                                    0x080007d6   Section        0  depilogue.o(.text)
    .text                                    0x08000890   Section        0  _chval.o(.text)
    i.BusFault_Handler                       0x080008ac   Section        0  stm32f10x_it.o(i.BusFault_Handler)
    i.DHT11_Check                            0x080008b0   Section        0  dht11.o(i.DHT11_Check)
    i.DHT11_Init                             0x0800090c   Section        0  dht11.o(i.DHT11_Init)
    i.DHT11_Pin_Mode                         0x08000938   Section        0  dht11.o(i.DHT11_Pin_Mode)
    i.DHT11_RecBit                           0x0800095c   Section        0  dht11.o(i.DHT11_RecBit)
    i.DHT11_RecByte                          0x080009b4   Section        0  dht11.o(i.DHT11_RecByte)
    i.DHT11_RecData                          0x080009d2   Section        0  dht11.o(i.DHT11_RecData)
    i.DHT11_Start                            0x08000a40   Section        0  dht11.o(i.DHT11_Start)
    i.DebugMon_Handler                       0x08000a6c   Section        0  stm32f10x_it.o(i.DebugMon_Handler)
    i.ESP8266_Clear                          0x08000a70   Section        0  esp8266.o(i.ESP8266_Clear)
    i.ESP8266_GetIPD                         0x08000a8c   Section        0  esp8266.o(i.ESP8266_GetIPD)
    i.ESP8266_Init                           0x08000adc   Section        0  esp8266.o(i.ESP8266_Init)
    i.ESP8266_SendCmd                        0x08000cc4   Section        0  esp8266.o(i.ESP8266_SendCmd)
    i.ESP8266_SendData                       0x08000d14   Section        0  esp8266.o(i.ESP8266_SendData)
    i.ESP8266_WaitRecive                     0x08000d54   Section        0  esp8266.o(i.ESP8266_WaitRecive)
    i.GPIO_Init                              0x08000d88   Section        0  stm32f10x_gpio.o(i.GPIO_Init)
    i.GPIO_ReadInputDataBit                  0x08000e9e   Section        0  stm32f10x_gpio.o(i.GPIO_ReadInputDataBit)
    i.GPIO_ResetBits                         0x08000eb0   Section        0  stm32f10x_gpio.o(i.GPIO_ResetBits)
    i.GPIO_SetBits                           0x08000eb4   Section        0  stm32f10x_gpio.o(i.GPIO_SetBits)
    i.HardFault_Handler                      0x08000eb8   Section        0  stm32f10x_it.o(i.HardFault_Handler)
    i.LED2_OFF                               0x08000ebc   Section        0  led.o(i.LED2_OFF)
    i.LED2_ON                                0x08000ed0   Section        0  led.o(i.LED2_ON)
    i.LED_Init                               0x08000ee4   Section        0  led.o(i.LED_Init)
    i.MQTT_DeleteBuffer                      0x08000f1c   Section        0  mqttkit.o(i.MQTT_DeleteBuffer)
    i.MQTT_DumpLength                        0x08000f38   Section        0  mqttkit.o(i.MQTT_DumpLength)
    i.MQTT_NewBuffer                         0x08000f66   Section        0  mqttkit.o(i.MQTT_NewBuffer)
    i.MQTT_PacketCmdResp                     0x08000fc0   Section        0  mqttkit.o(i.MQTT_PacketCmdResp)
    i.MQTT_PacketConnect                     0x0800104c   Section        0  mqttkit.o(i.MQTT_PacketConnect)
    i.MQTT_PacketPublish                     0x080012ec   Section        0  mqttkit.o(i.MQTT_PacketPublish)
    i.MQTT_PacketPublishAck                  0x080014a4   Section        0  mqttkit.o(i.MQTT_PacketPublishAck)
    i.MQTT_PacketPublishComp                 0x080014ec   Section        0  mqttkit.o(i.MQTT_PacketPublishComp)
    i.MQTT_PacketPublishRec                  0x08001534   Section        0  mqttkit.o(i.MQTT_PacketPublishRec)
    i.MQTT_PacketPublishRel                  0x0800157c   Section        0  mqttkit.o(i.MQTT_PacketPublishRel)
    i.MQTT_ReadLength                        0x080015c4   Section        0  mqttkit.o(i.MQTT_ReadLength)
    i.MQTT_UnPacketCmd                       0x0800160a   Section        0  mqttkit.o(i.MQTT_UnPacketCmd)
    i.MQTT_UnPacketConnectAck                0x08001696   Section        0  mqttkit.o(i.MQTT_UnPacketConnectAck)
    i.MQTT_UnPacketPublish                   0x080016b4   Section        0  mqttkit.o(i.MQTT_UnPacketPublish)
    i.MQTT_UnPacketPublishAck                0x08001874   Section        0  mqttkit.o(i.MQTT_UnPacketPublishAck)
    i.MQTT_UnPacketPublishComp               0x08001892   Section        0  mqttkit.o(i.MQTT_UnPacketPublishComp)
    i.MQTT_UnPacketPublishRec                0x080018b0   Section        0  mqttkit.o(i.MQTT_UnPacketPublishRec)
    i.MQTT_UnPacketPublishRel                0x080018ce   Section        0  mqttkit.o(i.MQTT_UnPacketPublishRel)
    i.MQTT_UnPacketRecv                      0x080018f4   Section        0  mqttkit.o(i.MQTT_UnPacketRecv)
    i.MQTT_UnPacketSubscribe                 0x08001968   Section        0  mqttkit.o(i.MQTT_UnPacketSubscribe)
    i.MQTT_UnPacketUnSubscribe               0x0800199c   Section        0  mqttkit.o(i.MQTT_UnPacketUnSubscribe)
    i.MemManage_Handler                      0x080019ae   Section        0  stm32f10x_it.o(i.MemManage_Handler)
    i.NMI_Handler                            0x080019b2   Section        0  stm32f10x_it.o(i.NMI_Handler)
    i.NVIC_Init                              0x080019b4   Section        0  misc.o(i.NVIC_Init)
    i.NVIC_PriorityGroupConfig               0x08001a24   Section        0  misc.o(i.NVIC_PriorityGroupConfig)
    i.OneNet_DevLink                         0x08001a38   Section        0  onenet.o(i.OneNet_DevLink)
    i.OneNet_Publish                         0x08001c98   Section        0  onenet.o(i.OneNet_Publish)
    i.OneNet_RevPro                          0x08001d14   Section        0  onenet.o(i.OneNet_RevPro)
    i.PendSV_Handler                         0x08002124   Section        0  stm32f10x_it.o(i.PendSV_Handler)
    i.Queue_IfFull                           0x08002126   Section        0  ring_queue_1.o(i.Queue_IfFull)
    i.Queue_Init                             0x08002138   Section        0  ring_queue_1.o(i.Queue_Init)
    i.Queue_Put                              0x0800215a   Section        0  ring_queue_1.o(i.Queue_Put)
    i.RCC_APB1PeriphClockCmd                 0x08002190   Section        0  stm32f10x_rcc.o(i.RCC_APB1PeriphClockCmd)
    i.RCC_APB1PeriphResetCmd                 0x080021b0   Section        0  stm32f10x_rcc.o(i.RCC_APB1PeriphResetCmd)
    i.RCC_APB2PeriphClockCmd                 0x080021d0   Section        0  stm32f10x_rcc.o(i.RCC_APB2PeriphClockCmd)
    i.RCC_APB2PeriphResetCmd                 0x080021f0   Section        0  stm32f10x_rcc.o(i.RCC_APB2PeriphResetCmd)
    i.RCC_GetClocksFreq                      0x08002210   Section        0  stm32f10x_rcc.o(i.RCC_GetClocksFreq)
    i.SDA_IN                                 0x080022e4   Section        0  sgp30.o(i.SDA_IN)
    i.SDA_OUT                                0x08002308   Section        0  sgp30.o(i.SDA_OUT)
    i.SGP30_GPIO_Init                        0x0800232c   Section        0  sgp30.o(i.SGP30_GPIO_Init)
    i.SGP30_IIC_Ack                          0x08002364   Section        0  sgp30.o(i.SGP30_IIC_Ack)
    i.SGP30_IIC_NAck                         0x0800239c   Section        0  sgp30.o(i.SGP30_IIC_NAck)
    i.SGP30_IIC_Read_Byte                    0x080023d4   Section        0  sgp30.o(i.SGP30_IIC_Read_Byte)
    i.SGP30_IIC_Send_Byte                    0x08002438   Section        0  sgp30.o(i.SGP30_IIC_Send_Byte)
    i.SGP30_IIC_Start                        0x0800249c   Section        0  sgp30.o(i.SGP30_IIC_Start)
    i.SGP30_IIC_Stop                         0x080024d4   Section        0  sgp30.o(i.SGP30_IIC_Stop)
    i.SGP30_IIC_Wait_Ack                     0x08002508   Section        0  sgp30.o(i.SGP30_IIC_Wait_Ack)
    i.SGP30_Init                             0x08002560   Section        0  sgp30.o(i.SGP30_Init)
    i.SGP30_Read                             0x08002570   Section        0  sgp30.o(i.SGP30_Read)
    i.SGP30_Write                            0x080025b8   Section        0  sgp30.o(i.SGP30_Write)
    i.SVC_Handler                            0x080025ec   Section        0  stm32f10x_it.o(i.SVC_Handler)
    i.Serial2_Init                           0x080025f0   Section        0  serial2.o(i.Serial2_Init)
    i.Serial2_SendByte                       0x080026b8   Section        0  serial2.o(i.Serial2_SendByte)
    i.Serial2_SendString                     0x080026d8   Section        0  serial2.o(i.Serial2_SendString)
    i.Serial3_Init                           0x080026f4   Section        0  serial3.o(i.Serial3_Init)
    i.Serial_Init                            0x080027e0   Section        0  serial.o(i.Serial_Init)
    i.SetSysClock                            0x080028ac   Section        0  system_stm32f10x.o(i.SetSysClock)
    SetSysClock                              0x080028ad   Thumb Code     8  system_stm32f10x.o(i.SetSysClock)
    i.SetSysClockTo72                        0x080028b4   Section        0  system_stm32f10x.o(i.SetSysClockTo72)
    SetSysClockTo72                          0x080028b5   Thumb Code   214  system_stm32f10x.o(i.SetSysClockTo72)
    i.SysTick_CLKSourceConfig                0x08002994   Section        0  misc.o(i.SysTick_CLKSourceConfig)
    i.SysTick_Handler                        0x080029bc   Section        0  stm32f10x_it.o(i.SysTick_Handler)
    i.SystemInit                             0x080029c0   Section        0  system_stm32f10x.o(i.SystemInit)
    i.USART1_IRQHandler                      0x08002a20   Section        0  serial.o(i.USART1_IRQHandler)
    i.USART2_IRQHandler                      0x08002a68   Section        0  serial2.o(i.USART2_IRQHandler)
    i.USART3_IRQHandler                      0x08002ab0   Section        0  esp8266.o(i.USART3_IRQHandler)
    i.USART_ClearFlag                        0x08002afc   Section        0  stm32f10x_usart.o(i.USART_ClearFlag)
    i.USART_ClearITPendingBit                0x08002b0e   Section        0  stm32f10x_usart.o(i.USART_ClearITPendingBit)
    i.USART_Cmd                              0x08002b2c   Section        0  stm32f10x_usart.o(i.USART_Cmd)
    i.USART_DeInit                           0x08002b44   Section        0  stm32f10x_usart.o(i.USART_DeInit)
    i.USART_GetFlagStatus                    0x08002be0   Section        0  stm32f10x_usart.o(i.USART_GetFlagStatus)
    i.USART_GetITStatus                      0x08002bfa   Section        0  stm32f10x_usart.o(i.USART_GetITStatus)
    i.USART_ITConfig                         0x08002c4e   Section        0  stm32f10x_usart.o(i.USART_ITConfig)
    i.USART_Init                             0x08002c98   Section        0  stm32f10x_usart.o(i.USART_Init)
    i.USART_ReceiveData                      0x08002d70   Section        0  stm32f10x_usart.o(i.USART_ReceiveData)
    i.USART_SendData                         0x08002d7a   Section        0  stm32f10x_usart.o(i.USART_SendData)
    i.UsageFault_Handler                     0x08002d82   Section        0  stm32f10x_it.o(i.UsageFault_Handler)
    i.Usart3_SendString                      0x08002d88   Section        0  serial3.o(i.Usart3_SendString)
    i.UsartPrintf                            0x08002db8   Section        0  serial2.o(i.UsartPrintf)
    i.__0sprintf                             0x08002e00   Section        0  printfa.o(i.__0sprintf)
    i.__0vsnprintf                           0x08002e28   Section        0  printfa.o(i.__0vsnprintf)
    i.__aeabi_errno_addr                     0x08002e4c   Section        0  errno.o(i.__aeabi_errno_addr)
    i.__scatterload_copy                     0x08002e54   Section       14  handlers.o(i.__scatterload_copy)
    i.__scatterload_null                     0x08002e62   Section        2  handlers.o(i.__scatterload_null)
    i.__scatterload_zeroinit                 0x08002e64   Section       14  handlers.o(i.__scatterload_zeroinit)
    i._fp_digits                             0x08002e74   Section        0  printfa.o(i._fp_digits)
    _fp_digits                               0x08002e75   Thumb Code   334  printfa.o(i._fp_digits)
    i._printf_core                           0x08002fd8   Section        0  printfa.o(i._printf_core)
    _printf_core                             0x08002fd9   Thumb Code  1744  printfa.o(i._printf_core)
    i._printf_post_padding                   0x080036b4   Section        0  printfa.o(i._printf_post_padding)
    _printf_post_padding                     0x080036b5   Thumb Code    36  printfa.o(i._printf_post_padding)
    i._printf_pre_padding                    0x080036d8   Section        0  printfa.o(i._printf_pre_padding)
    _printf_pre_padding                      0x080036d9   Thumb Code    46  printfa.o(i._printf_pre_padding)
    i._snputc                                0x08003706   Section        0  printfa.o(i._snputc)
    _snputc                                  0x08003707   Thumb Code    22  printfa.o(i._snputc)
    i._sputc                                 0x0800371c   Section        0  printfa.o(i._sputc)
    _sputc                                   0x0800371d   Thumb Code    10  printfa.o(i._sputc)
    i.delay_init                             0x08003728   Section        0  delay.o(i.delay_init)
    i.delay_ms                               0x0800376c   Section        0  delay.o(i.delay_ms)
    i.delay_us                               0x080037b8   Section        0  delay.o(i.delay_us)
    i.free                                   0x08003804   Section        0  malloc.o(i.free)
    i.main                                   0x08003854   Section        0  main.o(i.main)
    i.malloc                                 0x080039b8   Section        0  malloc.o(i.malloc)
    .constdata                               0x08003a24   Section      129  ctype_o.o(.constdata)
    .constdata                               0x08003aa8   Section        4  ctype_o.o(.constdata)
    table                                    0x08003aa8   Data           4  ctype_o.o(.constdata)
    .data                                    0x20000000   Section       20  system_stm32f10x.o(.data)
    .data                                    0x20000014   Section       20  stm32f10x_rcc.o(.data)
    APBAHBPrescTable                         0x20000014   Data          16  stm32f10x_rcc.o(.data)
    ADCPrescTable                            0x20000024   Data           4  stm32f10x_rcc.o(.data)
    .data                                    0x20000028   Section        4  delay.o(.data)
    fac_us                                   0x20000028   Data           1  delay.o(.data)
    fac_ms                                   0x2000002a   Data           2  delay.o(.data)
    .data                                    0x2000002c   Section        4  esp8266.o(.data)
    .data                                    0x20000030   Section        2  serial2.o(.data)
    .data                                    0x20000032   Section        2  serial.o(.data)
    .data                                    0x20000034   Section        2  onenet.o(.data)
    pkt_id                                   0x20000034   Data           2  onenet.o(.data)
    .data                                    0x20000038   Section        4  mvars.o(.data)
    .data                                    0x2000003c   Section        4  mvars.o(.data)
    .data                                    0x20000040   Section        4  errno.o(.data)
    _errno                                   0x20000040   Data           4  errno.o(.data)
    .bss                                     0x20000044   Section      128  esp8266.o(.bss)
    .bss                                     0x200000c4   Section      262  serial3.o(.bss)
    .bss                                     0x200001ca   Section      262  serial2.o(.bss)
    .bss                                     0x200002d0   Section      262  serial.o(.bss)
    HEAP                                     0x200003d8   Section      512  startup_stm32f10x_hd.o(HEAP)
    STACK                                    0x200005d8   Section     1024  startup_stm32f10x_hd.o(STACK)

    Global Symbols

    Symbol Name                              Value     Ov Type        Size  Object(Section)

    BuildAttributes$$THM_ISAv4$P$D$K$B$S$PE$A:L22UL41UL21$X:L11$S22US41US21$IEEE1$IW$USESV6$~STKCKD$USESV7$~SHL$OSPACE$ROPI$EBA8$MICROLIB$REQ8$PRES8$EABIv2 0x00000000   Number         0  anon$$obj.o ABSOLUTE
    __ARM_use_no_argv                        0x00000000   Number         0  main.o ABSOLUTE
    _printf_a                                0x00000000   Number         0  stubs.o ABSOLUTE
    _printf_c                                0x00000000   Number         0  stubs.o ABSOLUTE
    _printf_charcount                        0x00000000   Number         0  stubs.o ABSOLUTE
    _printf_d                                0x00000000   Number         0  stubs.o ABSOLUTE
    _printf_e                                0x00000000   Number         0  stubs.o ABSOLUTE
    _printf_f                                0x00000000   Number         0  stubs.o ABSOLUTE
    _printf_flags                            0x00000000   Number         0  stubs.o ABSOLUTE
    _printf_fp_dec                           0x00000000   Number         0  stubs.o ABSOLUTE
    _printf_fp_hex                           0x00000000   Number         0  stubs.o ABSOLUTE
    _printf_g                                0x00000000   Number         0  stubs.o ABSOLUTE
    _printf_i                                0x00000000   Number         0  stubs.o ABSOLUTE
    _printf_int_dec                          0x00000000   Number         0  stubs.o ABSOLUTE
    _printf_l                                0x00000000   Number         0  stubs.o ABSOLUTE
    _printf_lc                               0x00000000   Number         0  stubs.o ABSOLUTE
    _printf_ll                               0x00000000   Number         0  stubs.o ABSOLUTE
    _printf_lld                              0x00000000   Number         0  stubs.o ABSOLUTE
    _printf_lli                              0x00000000   Number         0  stubs.o ABSOLUTE
    _printf_llo                              0x00000000   Number         0  stubs.o ABSOLUTE
    _printf_llu                              0x00000000   Number         0  stubs.o ABSOLUTE
    _printf_llx                              0x00000000   Number         0  stubs.o ABSOLUTE
    _printf_longlong_dec                     0x00000000   Number         0  stubs.o ABSOLUTE
    _printf_longlong_hex                     0x00000000   Number         0  stubs.o ABSOLUTE
    _printf_longlong_oct                     0x00000000   Number         0  stubs.o ABSOLUTE
    _printf_ls                               0x00000000   Number         0  stubs.o ABSOLUTE
    _printf_mbtowc                           0x00000000   Number         0  stubs.o ABSOLUTE
    _printf_n                                0x00000000   Number         0  stubs.o ABSOLUTE
    _printf_o                                0x00000000   Number         0  stubs.o ABSOLUTE
    _printf_p                                0x00000000   Number         0  stubs.o ABSOLUTE
    _printf_percent                          0x00000000   Number         0  stubs.o ABSOLUTE
    _printf_pre_padding                      0x00000000   Number         0  stubs.o ABSOLUTE
    _printf_return_value                     0x00000000   Number         0  stubs.o ABSOLUTE
    _printf_s                                0x00000000   Number         0  stubs.o ABSOLUTE
    _printf_sizespec                         0x00000000   Number         0  stubs.o ABSOLUTE
    _printf_str                              0x00000000   Number         0  stubs.o ABSOLUTE
    _printf_truncate_signed                  0x00000000   Number         0  stubs.o ABSOLUTE
    _printf_truncate_unsigned                0x00000000   Number         0  stubs.o ABSOLUTE
    _printf_u                                0x00000000   Number         0  stubs.o ABSOLUTE
    _printf_wc                               0x00000000   Number         0  stubs.o ABSOLUTE
    _printf_wctomb                           0x00000000   Number         0  stubs.o ABSOLUTE
    _printf_widthprec                        0x00000000   Number         0  stubs.o ABSOLUTE
    _printf_x                                0x00000000   Number         0  stubs.o ABSOLUTE
    __cpp_initialize__aeabi_                  - Undefined Weak Reference
    __cxa_finalize                            - Undefined Weak Reference
    __decompress                              - Undefined Weak Reference
    _clock_init                               - Undefined Weak Reference
    _microlib_exit                            - Undefined Weak Reference
    __Vectors_Size                           0x00000130   Number         0  startup_stm32f10x_hd.o ABSOLUTE
    __Vectors                                0x08000000   Data           4  startup_stm32f10x_hd.o(RESET)
    __Vectors_End                            0x08000130   Data           0  startup_stm32f10x_hd.o(RESET)
    __main                                   0x08000131   Thumb Code     0  entry.o(.ARM.Collect$$$$00000000)
    _main_stk                                0x08000131   Thumb Code     0  entry2.o(.ARM.Collect$$$$00000001)
    _main_scatterload                        0x08000135   Thumb Code     0  entry5.o(.ARM.Collect$$$$00000004)
    __main_after_scatterload                 0x08000139   Thumb Code     0  entry5.o(.ARM.Collect$$$$00000004)
    _main_clock                              0x08000139   Thumb Code     0  entry7b.o(.ARM.Collect$$$$00000008)
    _main_cpp_init                           0x08000139   Thumb Code     0  entry8b.o(.ARM.Collect$$$$0000000A)
    _main_init                               0x08000139   Thumb Code     0  entry9a.o(.ARM.Collect$$$$0000000B)
    __rt_final_cpp                           0x08000141   Thumb Code     0  entry10a.o(.ARM.Collect$$$$0000000D)
    __rt_final_exit                          0x08000141   Thumb Code     0  entry11a.o(.ARM.Collect$$$$0000000F)
    Reset_Handler                            0x08000145   Thumb Code     8  startup_stm32f10x_hd.o(.text)
    ADC1_2_IRQHandler                        0x0800015f   Thumb Code     0  startup_stm32f10x_hd.o(.text)
    ADC3_IRQHandler                          0x0800015f   Thumb Code     0  startup_stm32f10x_hd.o(.text)
    CAN1_RX1_IRQHandler                      0x0800015f   Thumb Code     0  startup_stm32f10x_hd.o(.text)
    CAN1_SCE_IRQHandler                      0x0800015f   Thumb Code     0  startup_stm32f10x_hd.o(.text)
    DMA1_Channel1_IRQHandler                 0x0800015f   Thumb Code     0  startup_stm32f10x_hd.o(.text)
    DMA1_Channel2_IRQHandler                 0x0800015f   Thumb Code     0  startup_stm32f10x_hd.o(.text)
    DMA1_Channel3_IRQHandler                 0x0800015f   Thumb Code     0  startup_stm32f10x_hd.o(.text)
    DMA1_Channel4_IRQHandler                 0x0800015f   Thumb Code     0  startup_stm32f10x_hd.o(.text)
    DMA1_Channel5_IRQHandler                 0x0800015f   Thumb Code     0  startup_stm32f10x_hd.o(.text)
    DMA1_Channel6_IRQHandler                 0x0800015f   Thumb Code     0  startup_stm32f10x_hd.o(.text)
    DMA1_Channel7_IRQHandler                 0x0800015f   Thumb Code     0  startup_stm32f10x_hd.o(.text)
    DMA2_Channel1_IRQHandler                 0x0800015f   Thumb Code     0  startup_stm32f10x_hd.o(.text)
    DMA2_Channel2_IRQHandler                 0x0800015f   Thumb Code     0  startup_stm32f10x_hd.o(.text)
    DMA2_Channel3_IRQHandler                 0x0800015f   Thumb Code     0  startup_stm32f10x_hd.o(.text)
    DMA2_Channel4_5_IRQHandler               0x0800015f   Thumb Code     0  startup_stm32f10x_hd.o(.text)
    EXTI0_IRQHandler                         0x0800015f   Thumb Code     0  startup_stm32f10x_hd.o(.text)
    EXTI15_10_IRQHandler                     0x0800015f   Thumb Code     0  startup_stm32f10x_hd.o(.text)
    EXTI1_IRQHandler                         0x0800015f   Thumb Code     0  startup_stm32f10x_hd.o(.text)
    EXTI2_IRQHandler                         0x0800015f   Thumb Code     0  startup_stm32f10x_hd.o(.text)
    EXTI3_IRQHandler                         0x0800015f   Thumb Code     0  startup_stm32f10x_hd.o(.text)
    EXTI4_IRQHandler                         0x0800015f   Thumb Code     0  startup_stm32f10x_hd.o(.text)
    EXTI9_5_IRQHandler                       0x0800015f   Thumb Code     0  startup_stm32f10x_hd.o(.text)
    FLASH_IRQHandler                         0x0800015f   Thumb Code     0  startup_stm32f10x_hd.o(.text)
    FSMC_IRQHandler                          0x0800015f   Thumb Code     0  startup_stm32f10x_hd.o(.text)
    I2C1_ER_IRQHandler                       0x0800015f   Thumb Code     0  startup_stm32f10x_hd.o(.text)
    I2C1_EV_IRQHandler                       0x0800015f   Thumb Code     0  startup_stm32f10x_hd.o(.text)
    I2C2_ER_IRQHandler                       0x0800015f   Thumb Code     0  startup_stm32f10x_hd.o(.text)
    I2C2_EV_IRQHandler                       0x0800015f   Thumb Code     0  startup_stm32f10x_hd.o(.text)
    PVD_IRQHandler                           0x0800015f   Thumb Code     0  startup_stm32f10x_hd.o(.text)
    RCC_IRQHandler                           0x0800015f   Thumb Code     0  startup_stm32f10x_hd.o(.text)
    RTCAlarm_IRQHandler                      0x0800015f   Thumb Code     0  startup_stm32f10x_hd.o(.text)
    RTC_IRQHandler                           0x0800015f   Thumb Code     0  startup_stm32f10x_hd.o(.text)
    SDIO_IRQHandler                          0x0800015f   Thumb Code     0  startup_stm32f10x_hd.o(.text)
    SPI1_IRQHandler                          0x0800015f   Thumb Code     0  startup_stm32f10x_hd.o(.text)
    SPI2_IRQHandler                          0x0800015f   Thumb Code     0  startup_stm32f10x_hd.o(.text)
    SPI3_IRQHandler                          0x0800015f   Thumb Code     0  startup_stm32f10x_hd.o(.text)
    TAMPER_IRQHandler                        0x0800015f   Thumb Code     0  startup_stm32f10x_hd.o(.text)
    TIM1_BRK_IRQHandler                      0x0800015f   Thumb Code     0  startup_stm32f10x_hd.o(.text)
    TIM1_CC_IRQHandler                       0x0800015f   Thumb Code     0  startup_stm32f10x_hd.o(.text)
    TIM1_TRG_COM_IRQHandler                  0x0800015f   Thumb Code     0  startup_stm32f10x_hd.o(.text)
    TIM1_UP_IRQHandler                       0x0800015f   Thumb Code     0  startup_stm32f10x_hd.o(.text)
    TIM2_IRQHandler                          0x0800015f   Thumb Code     0  startup_stm32f10x_hd.o(.text)
    TIM3_IRQHandler                          0x0800015f   Thumb Code     0  startup_stm32f10x_hd.o(.text)
    TIM4_IRQHandler                          0x0800015f   Thumb Code     0  startup_stm32f10x_hd.o(.text)
    TIM5_IRQHandler                          0x0800015f   Thumb Code     0  startup_stm32f10x_hd.o(.text)
    TIM6_IRQHandler                          0x0800015f   Thumb Code     0  startup_stm32f10x_hd.o(.text)
    TIM7_IRQHandler                          0x0800015f   Thumb Code     0  startup_stm32f10x_hd.o(.text)
    TIM8_BRK_IRQHandler                      0x0800015f   Thumb Code     0  startup_stm32f10x_hd.o(.text)
    TIM8_CC_IRQHandler                       0x0800015f   Thumb Code     0  startup_stm32f10x_hd.o(.text)
    TIM8_TRG_COM_IRQHandler                  0x0800015f   Thumb Code     0  startup_stm32f10x_hd.o(.text)
    TIM8_UP_IRQHandler                       0x0800015f   Thumb Code     0  startup_stm32f10x_hd.o(.text)
    UART4_IRQHandler                         0x0800015f   Thumb Code     0  startup_stm32f10x_hd.o(.text)
    UART5_IRQHandler                         0x0800015f   Thumb Code     0  startup_stm32f10x_hd.o(.text)
    USBWakeUp_IRQHandler                     0x0800015f   Thumb Code     0  startup_stm32f10x_hd.o(.text)
    USB_HP_CAN1_TX_IRQHandler                0x0800015f   Thumb Code     0  startup_stm32f10x_hd.o(.text)
    USB_LP_CAN1_RX0_IRQHandler               0x0800015f   Thumb Code     0  startup_stm32f10x_hd.o(.text)
    WWDG_IRQHandler                          0x0800015f   Thumb Code     0  startup_stm32f10x_hd.o(.text)
    __aeabi_memcpy                           0x08000169   Thumb Code    36  memcpya.o(.text)
    __aeabi_memcpy4                          0x08000169   Thumb Code     0  memcpya.o(.text)
    __aeabi_memcpy8                          0x08000169   Thumb Code     0  memcpya.o(.text)
    __aeabi_memset                           0x0800018d   Thumb Code    14  memseta.o(.text)
    __aeabi_memset4                          0x0800018d   Thumb Code     0  memseta.o(.text)
    __aeabi_memset8                          0x0800018d   Thumb Code     0  memseta.o(.text)
    __aeabi_memclr                           0x0800019b   Thumb Code     4  memseta.o(.text)
    __aeabi_memclr4                          0x0800019b   Thumb Code     0  memseta.o(.text)
    __aeabi_memclr8                          0x0800019b   Thumb Code     0  memseta.o(.text)
    _memset$wrapper                          0x0800019f   Thumb Code    18  memseta.o(.text)
    strstr                                   0x080001b1   Thumb Code    36  strstr.o(.text)
    strchr                                   0x080001d5   Thumb Code    20  strchr.o(.text)
    strlen                                   0x080001e9   Thumb Code    14  strlen.o(.text)
    strncat                                  0x080001f7   Thumb Code    40  strncat.o(.text)
    atoi                                     0x0800021f   Thumb Code    26  atoi.o(.text)
    __aeabi_uidiv                            0x08000239   Thumb Code     0  uidiv.o(.text)
    __aeabi_uidivmod                         0x08000239   Thumb Code    44  uidiv.o(.text)
    __aeabi_uldivmod                         0x08000265   Thumb Code    98  uldiv.o(.text)
    strtol                                   0x080002c7   Thumb Code   112  strtol.o(.text)
    __I$use$fp                               0x08000337   Thumb Code     0  iusefp.o(.text)
    __aeabi_dadd                             0x08000337   Thumb Code   322  dadd.o(.text)
    __aeabi_dsub                             0x08000479   Thumb Code     6  dadd.o(.text)
    __aeabi_drsub                            0x0800047f   Thumb Code     6  dadd.o(.text)
    __aeabi_dmul                             0x08000485   Thumb Code   228  dmul.o(.text)
    __aeabi_ddiv                             0x08000569   Thumb Code   222  ddiv.o(.text)
    __aeabi_d2ulz                            0x08000647   Thumb Code    48  dfixul.o(.text)
    __aeabi_cdrcmple                         0x08000679   Thumb Code    48  cdrcmple.o(.text)
    __scatterload                            0x080006a9   Thumb Code    28  init.o(.text)
    __scatterload_rt2                        0x080006a9   Thumb Code     0  init.o(.text)
    __aeabi_llsl                             0x080006cd   Thumb Code    30  llshl.o(.text)
    _ll_shift_l                              0x080006cd   Thumb Code     0  llshl.o(.text)
    __aeabi_llsr                             0x080006eb   Thumb Code    32  llushr.o(.text)
    _ll_ushift_r                             0x080006eb   Thumb Code     0  llushr.o(.text)
    __aeabi_lasr                             0x0800070b   Thumb Code    36  llsshr.o(.text)
    _ll_sshift_r                             0x0800070b   Thumb Code     0  llsshr.o(.text)
    __rt_ctype_table                         0x08000731   Thumb Code     4  ctype_o.o(.text)
    _strtoul                                 0x08000739   Thumb Code   158  _strtoul.o(.text)
    _double_round                            0x080007d7   Thumb Code    30  depilogue.o(.text)
    _double_epilogue                         0x080007f5   Thumb Code   156  depilogue.o(.text)
    _chval                                   0x08000891   Thumb Code    28  _chval.o(.text)
    BusFault_Handler                         0x080008ad   Thumb Code     4  stm32f10x_it.o(i.BusFault_Handler)
    DHT11_Check                              0x080008b1   Thumb Code    86  dht11.o(i.DHT11_Check)
    DHT11_Init                               0x0800090d   Thumb Code    38  dht11.o(i.DHT11_Init)
    DHT11_Pin_Mode                           0x08000939   Thumb Code    30  dht11.o(i.DHT11_Pin_Mode)
    DHT11_RecBit                             0x0800095d   Thumb Code    84  dht11.o(i.DHT11_RecBit)
    DHT11_RecByte                            0x080009b5   Thumb Code    30  dht11.o(i.DHT11_RecByte)
    DHT11_RecData                            0x080009d3   Thumb Code   110  dht11.o(i.DHT11_RecData)
    DHT11_Start                              0x08000a41   Thumb Code    38  dht11.o(i.DHT11_Start)
    DebugMon_Handler                         0x08000a6d   Thumb Code     2  stm32f10x_it.o(i.DebugMon_Handler)
    ESP8266_Clear                            0x08000a71   Thumb Code    18  esp8266.o(i.ESP8266_Clear)
    ESP8266_GetIPD                           0x08000a8d   Thumb Code    66  esp8266.o(i.ESP8266_GetIPD)
    ESP8266_Init                             0x08000add   Thumb Code   210  esp8266.o(i.ESP8266_Init)
    ESP8266_SendCmd                          0x08000cc5   Thumb Code    74  esp8266.o(i.ESP8266_SendCmd)
    ESP8266_SendData                         0x08000d15   Thumb Code    44  esp8266.o(i.ESP8266_SendData)
    ESP8266_WaitRecive                       0x08000d55   Thumb Code    42  esp8266.o(i.ESP8266_WaitRecive)
    GPIO_Init                                0x08000d89   Thumb Code   278  stm32f10x_gpio.o(i.GPIO_Init)
    GPIO_ReadInputDataBit                    0x08000e9f   Thumb Code    18  stm32f10x_gpio.o(i.GPIO_ReadInputDataBit)
    GPIO_ResetBits                           0x08000eb1   Thumb Code     4  stm32f10x_gpio.o(i.GPIO_ResetBits)
    GPIO_SetBits                             0x08000eb5   Thumb Code     4  stm32f10x_gpio.o(i.GPIO_SetBits)
    HardFault_Handler                        0x08000eb9   Thumb Code     4  stm32f10x_it.o(i.HardFault_Handler)
    LED2_OFF                                 0x08000ebd   Thumb Code    14  led.o(i.LED2_OFF)
    LED2_ON                                  0x08000ed1   Thumb Code    14  led.o(i.LED2_ON)
    LED_Init                                 0x08000ee5   Thumb Code    50  led.o(i.LED_Init)
    MQTT_DeleteBuffer                        0x08000f1d   Thumb Code    28  mqttkit.o(i.MQTT_DeleteBuffer)
    MQTT_DumpLength                          0x08000f39   Thumb Code    46  mqttkit.o(i.MQTT_DumpLength)
    MQTT_NewBuffer                           0x08000f67   Thumb Code    88  mqttkit.o(i.MQTT_NewBuffer)
    MQTT_PacketCmdResp                       0x08000fc1   Thumb Code   132  mqttkit.o(i.MQTT_PacketCmdResp)
    MQTT_PacketConnect                       0x0800104d   Thumb Code   666  mqttkit.o(i.MQTT_PacketConnect)
    MQTT_PacketPublish                       0x080012ed   Thumb Code   440  mqttkit.o(i.MQTT_PacketPublish)
    MQTT_PacketPublishAck                    0x080014a5   Thumb Code    72  mqttkit.o(i.MQTT_PacketPublishAck)
    MQTT_PacketPublishComp                   0x080014ed   Thumb Code    72  mqttkit.o(i.MQTT_PacketPublishComp)
    MQTT_PacketPublishRec                    0x08001535   Thumb Code    72  mqttkit.o(i.MQTT_PacketPublishRec)
    MQTT_PacketPublishRel                    0x0800157d   Thumb Code    72  mqttkit.o(i.MQTT_PacketPublishRel)
    MQTT_ReadLength                          0x080015c5   Thumb Code    70  mqttkit.o(i.MQTT_ReadLength)
    MQTT_UnPacketCmd                         0x0800160b   Thumb Code   140  mqttkit.o(i.MQTT_UnPacketCmd)
    MQTT_UnPacketConnectAck                  0x08001697   Thumb Code    30  mqttkit.o(i.MQTT_UnPacketConnectAck)
    MQTT_UnPacketPublish                     0x080016b5   Thumb Code   438  mqttkit.o(i.MQTT_UnPacketPublish)
    MQTT_UnPacketPublishAck                  0x08001875   Thumb Code    30  mqttkit.o(i.MQTT_UnPacketPublishAck)
    MQTT_UnPacketPublishComp                 0x08001893   Thumb Code    30  mqttkit.o(i.MQTT_UnPacketPublishComp)
    MQTT_UnPacketPublishRec                  0x080018b1   Thumb Code    30  mqttkit.o(i.MQTT_UnPacketPublishRec)
    MQTT_UnPacketPublishRel                  0x080018cf   Thumb Code    36  mqttkit.o(i.MQTT_UnPacketPublishRel)
    MQTT_UnPacketRecv                        0x080018f5   Thumb Code   106  mqttkit.o(i.MQTT_UnPacketRecv)
    MQTT_UnPacketSubscribe                   0x08001969   Thumb Code    52  mqttkit.o(i.MQTT_UnPacketSubscribe)
    MQTT_UnPacketUnSubscribe                 0x0800199d   Thumb Code    18  mqttkit.o(i.MQTT_UnPacketUnSubscribe)
    MemManage_Handler                        0x080019af   Thumb Code     4  stm32f10x_it.o(i.MemManage_Handler)
    NMI_Handler                              0x080019b3   Thumb Code     2  stm32f10x_it.o(i.NMI_Handler)
    NVIC_Init                                0x080019b5   Thumb Code   100  misc.o(i.NVIC_Init)
    NVIC_PriorityGroupConfig                 0x08001a25   Thumb Code    10  misc.o(i.NVIC_PriorityGroupConfig)
    OneNet_DevLink                           0x08001a39   Thumb Code   212  onenet.o(i.OneNet_DevLink)
    OneNet_Publish                           0x08001c99   Thumb Code    86  onenet.o(i.OneNet_Publish)
    OneNet_RevPro                            0x08001d15   Thumb Code   592  onenet.o(i.OneNet_RevPro)
    PendSV_Handler                           0x08002125   Thumb Code     2  stm32f10x_it.o(i.PendSV_Handler)
    Queue_IfFull                             0x08002127   Thumb Code    18  ring_queue_1.o(i.Queue_IfFull)
    Queue_Init                               0x08002139   Thumb Code    34  ring_queue_1.o(i.Queue_Init)
    Queue_Put                                0x0800215b   Thumb Code    54  ring_queue_1.o(i.Queue_Put)
    RCC_APB1PeriphClockCmd                   0x08002191   Thumb Code    26  stm32f10x_rcc.o(i.RCC_APB1PeriphClockCmd)
    RCC_APB1PeriphResetCmd                   0x080021b1   Thumb Code    26  stm32f10x_rcc.o(i.RCC_APB1PeriphResetCmd)
    RCC_APB2PeriphClockCmd                   0x080021d1   Thumb Code    26  stm32f10x_rcc.o(i.RCC_APB2PeriphClockCmd)
    RCC_APB2PeriphResetCmd                   0x080021f1   Thumb Code    26  stm32f10x_rcc.o(i.RCC_APB2PeriphResetCmd)
    RCC_GetClocksFreq                        0x08002211   Thumb Code   192  stm32f10x_rcc.o(i.RCC_GetClocksFreq)
    SDA_IN                                   0x080022e5   Thumb Code    30  sgp30.o(i.SDA_IN)
    SDA_OUT                                  0x08002309   Thumb Code    30  sgp30.o(i.SDA_OUT)
    SGP30_GPIO_Init                          0x0800232d   Thumb Code    52  sgp30.o(i.SGP30_GPIO_Init)
    SGP30_IIC_Ack                            0x08002365   Thumb Code    48  sgp30.o(i.SGP30_IIC_Ack)
    SGP30_IIC_NAck                           0x0800239d   Thumb Code    48  sgp30.o(i.SGP30_IIC_NAck)
    SGP30_IIC_Read_Byte                      0x080023d5   Thumb Code    86  sgp30.o(i.SGP30_IIC_Read_Byte)
    SGP30_IIC_Send_Byte                      0x08002439   Thumb Code    92  sgp30.o(i.SGP30_IIC_Send_Byte)
    SGP30_IIC_Start                          0x0800249d   Thumb Code    46  sgp30.o(i.SGP30_IIC_Start)
    SGP30_IIC_Stop                           0x080024d5   Thumb Code    44  sgp30.o(i.SGP30_IIC_Stop)
    SGP30_IIC_Wait_Ack                       0x08002509   Thumb Code    74  sgp30.o(i.SGP30_IIC_Wait_Ack)
    SGP30_Init                               0x08002561   Thumb Code    16  sgp30.o(i.SGP30_Init)
    SGP30_Read                               0x08002571   Thumb Code    72  sgp30.o(i.SGP30_Read)
    SGP30_Write                              0x080025b9   Thumb Code    52  sgp30.o(i.SGP30_Write)
    SVC_Handler                              0x080025ed   Thumb Code     2  stm32f10x_it.o(i.SVC_Handler)
    Serial2_Init                             0x080025f1   Thumb Code   182  serial2.o(i.Serial2_Init)
    Serial2_SendByte                         0x080026b9   Thumb Code    28  serial2.o(i.Serial2_SendByte)
    Serial2_SendString                       0x080026d9   Thumb Code    26  serial2.o(i.Serial2_SendString)
    Serial3_Init                             0x080026f5   Thumb Code   220  serial3.o(i.Serial3_Init)
    Serial_Init                              0x080027e1   Thumb Code   186  serial.o(i.Serial_Init)
    SysTick_CLKSourceConfig                  0x08002995   Thumb Code    40  misc.o(i.SysTick_CLKSourceConfig)
    SysTick_Handler                          0x080029bd   Thumb Code     2  stm32f10x_it.o(i.SysTick_Handler)
    SystemInit                               0x080029c1   Thumb Code    78  system_stm32f10x.o(i.SystemInit)
    USART1_IRQHandler                        0x08002a21   Thumb Code    54  serial.o(i.USART1_IRQHandler)
    USART2_IRQHandler                        0x08002a69   Thumb Code    54  serial2.o(i.USART2_IRQHandler)
    USART3_IRQHandler                        0x08002ab1   Thumb Code    62  esp8266.o(i.USART3_IRQHandler)
    USART_ClearFlag                          0x08002afd   Thumb Code    18  stm32f10x_usart.o(i.USART_ClearFlag)
    USART_ClearITPendingBit                  0x08002b0f   Thumb Code    30  stm32f10x_usart.o(i.USART_ClearITPendingBit)
    USART_Cmd                                0x08002b2d   Thumb Code    24  stm32f10x_usart.o(i.USART_Cmd)
    USART_DeInit                             0x08002b45   Thumb Code   134  stm32f10x_usart.o(i.USART_DeInit)
    USART_GetFlagStatus                      0x08002be1   Thumb Code    26  stm32f10x_usart.o(i.USART_GetFlagStatus)
    USART_GetITStatus                        0x08002bfb   Thumb Code    84  stm32f10x_usart.o(i.USART_GetITStatus)
    USART_ITConfig                           0x08002c4f   Thumb Code    74  stm32f10x_usart.o(i.USART_ITConfig)
    USART_Init                               0x08002c99   Thumb Code   210  stm32f10x_usart.o(i.USART_Init)
    USART_ReceiveData                        0x08002d71   Thumb Code    10  stm32f10x_usart.o(i.USART_ReceiveData)
    USART_SendData                           0x08002d7b   Thumb Code     8  stm32f10x_usart.o(i.USART_SendData)
    UsageFault_Handler                       0x08002d83   Thumb Code     4  stm32f10x_it.o(i.UsageFault_Handler)
    Usart3_SendString                        0x08002d89   Thumb Code    44  serial3.o(i.Usart3_SendString)
    UsartPrintf                              0x08002db9   Thumb Code    72  serial2.o(i.UsartPrintf)
    __0sprintf                               0x08002e01   Thumb Code    34  printfa.o(i.__0sprintf)
    __1sprintf                               0x08002e01   Thumb Code     0  printfa.o(i.__0sprintf)
    __2sprintf                               0x08002e01   Thumb Code     0  printfa.o(i.__0sprintf)
    __c89sprintf                             0x08002e01   Thumb Code     0  printfa.o(i.__0sprintf)
    sprintf                                  0x08002e01   Thumb Code     0  printfa.o(i.__0sprintf)
    __0vsnprintf                             0x08002e29   Thumb Code    32  printfa.o(i.__0vsnprintf)
    __1vsnprintf                             0x08002e29   Thumb Code     0  printfa.o(i.__0vsnprintf)
    __2vsnprintf                             0x08002e29   Thumb Code     0  printfa.o(i.__0vsnprintf)
    __c89vsnprintf                           0x08002e29   Thumb Code     0  printfa.o(i.__0vsnprintf)
    vsnprintf                                0x08002e29   Thumb Code     0  printfa.o(i.__0vsnprintf)
    __aeabi_errno_addr                       0x08002e4d   Thumb Code     4  errno.o(i.__aeabi_errno_addr)
    __rt_errno_addr                          0x08002e4d   Thumb Code     0  errno.o(i.__aeabi_errno_addr)
    __scatterload_copy                       0x08002e55   Thumb Code    14  handlers.o(i.__scatterload_copy)
    __scatterload_null                       0x08002e63   Thumb Code     2  handlers.o(i.__scatterload_null)
    __scatterload_zeroinit                   0x08002e65   Thumb Code    14  handlers.o(i.__scatterload_zeroinit)
    delay_init                               0x08003729   Thumb Code    50  delay.o(i.delay_init)
    delay_ms                                 0x0800376d   Thumb Code    72  delay.o(i.delay_ms)
    delay_us                                 0x080037b9   Thumb Code    72  delay.o(i.delay_us)
    free                                     0x08003805   Thumb Code    76  malloc.o(i.free)
    main                                     0x08003855   Thumb Code   274  main.o(i.main)
    malloc                                   0x080039b9   Thumb Code    92  malloc.o(i.malloc)
    __ctype_table                            0x08003a24   Data         129  ctype_o.o(.constdata)
    Region$$Table$$Base                      0x08003aac   Number         0  anon$$obj.o(Region$$Table)
    Region$$Table$$Limit                     0x08003acc   Number         0  anon$$obj.o(Region$$Table)
    SystemCoreClock                          0x20000000   Data           4  system_stm32f10x.o(.data)
    AHBPrescTable                            0x20000004   Data          16  system_stm32f10x.o(.data)
    esp8266_cnt                              0x2000002c   Data           2  esp8266.o(.data)
    esp8266_cntPre                           0x2000002e   Data           2  esp8266.o(.data)
    Serial2_RxData                           0x20000030   Data           1  serial2.o(.data)
    Serial2_RxFlag                           0x20000031   Data           1  serial2.o(.data)
    Serial_RxData                            0x20000032   Data           1  serial.o(.data)
    Serial_RxFlag                            0x20000033   Data           1  serial.o(.data)
    __microlib_freelist                      0x20000038   Data           4  mvars.o(.data)
    __microlib_freelist_initialised          0x2000003c   Data           4  mvars.o(.data)
    esp8266_buf                              0x20000044   Data         128  esp8266.o(.bss)
    WiFibuff                                 0x200000c4   Data         262  serial3.o(.bss)
    ring_Queue                               0x200001ca   Data         262  serial2.o(.bss)
    zigbee_Buff                              0x200002d0   Data         262  serial.o(.bss)
    __heap_base                              0x200003d8   Data           0  startup_stm32f10x_hd.o(HEAP)
    __heap_limit                             0x200005d8   Data           0  startup_stm32f10x_hd.o(HEAP)
    __initial_sp                             0x200009d8   Data           0  startup_stm32f10x_hd.o(STACK)



==============================================================================

Memory Map of the image

  Image Entry point : 0x08000145

  Load Region LR_1 (Base: 0x08000000, Size: 0x00003b10, Max: 0xffffffff, ABSOLUTE)

    Execution Region ER_RO (Base: 0x08000000, Size: 0x00003acc, Max: 0xffffffff, ABSOLUTE)

    Base Addr    Size         Type   Attr      Idx    E Section Name        Object

    0x08000000   0x00000130   Data   RO          132    RESET               startup_stm32f10x_hd.o
    0x08000130   0x00000000   Code   RO         4164  * .ARM.Collect$$$$00000000  mc_w.l(entry.o)
    0x08000130   0x00000004   Code   RO         4472    .ARM.Collect$$$$00000001  mc_w.l(entry2.o)
    0x08000134   0x00000004   Code   RO         4475    .ARM.Collect$$$$00000004  mc_w.l(entry5.o)
    0x08000138   0x00000000   Code   RO         4477    .ARM.Collect$$$$00000008  mc_w.l(entry7b.o)
    0x08000138   0x00000000   Code   RO         4479    .ARM.Collect$$$$0000000A  mc_w.l(entry8b.o)
    0x08000138   0x00000008   Code   RO         4480    .ARM.Collect$$$$0000000B  mc_w.l(entry9a.o)
    0x08000140   0x00000000   Code   RO         4482    .ARM.Collect$$$$0000000D  mc_w.l(entry10a.o)
    0x08000140   0x00000000   Code   RO         4484    .ARM.Collect$$$$0000000F  mc_w.l(entry11a.o)
    0x08000140   0x00000004   Code   RO         4473    .ARM.Collect$$$$00002712  mc_w.l(entry2.o)
    0x08000144   0x00000024   Code   RO          133  * .text               startup_stm32f10x_hd.o
    0x08000168   0x00000024   Code   RO         4167    .text               mc_w.l(memcpya.o)
    0x0800018c   0x00000024   Code   RO         4169    .text               mc_w.l(memseta.o)
    0x080001b0   0x00000024   Code   RO         4171    .text               mc_w.l(strstr.o)
    0x080001d4   0x00000014   Code   RO         4173    .text               mc_w.l(strchr.o)
    0x080001e8   0x0000000e   Code   RO         4175    .text               mc_w.l(strlen.o)
    0x080001f6   0x00000028   Code   RO         4177    .text               mc_w.l(strncat.o)
    0x0800021e   0x0000001a   Code   RO         4470    .text               mc_w.l(atoi.o)
    0x08000238   0x0000002c   Code   RO         4487    .text               mc_w.l(uidiv.o)
    0x08000264   0x00000062   Code   RO         4489    .text               mc_w.l(uldiv.o)
    0x080002c6   0x00000070   Code   RO         4500    .text               mc_w.l(strtol.o)
    0x08000336   0x00000000   Code   RO         4502    .text               mc_w.l(iusefp.o)
    0x08000336   0x0000014e   Code   RO         4503    .text               mf_w.l(dadd.o)
    0x08000484   0x000000e4   Code   RO         4505    .text               mf_w.l(dmul.o)
    0x08000568   0x000000de   Code   RO         4507    .text               mf_w.l(ddiv.o)
    0x08000646   0x00000030   Code   RO         4509    .text               mf_w.l(dfixul.o)
    0x08000676   0x00000002   PAD
    0x08000678   0x00000030   Code   RO         4511    .text               mf_w.l(cdrcmple.o)
    0x080006a8   0x00000024   Code   RO         4513    .text               mc_w.l(init.o)
    0x080006cc   0x0000001e   Code   RO         4515    .text               mc_w.l(llshl.o)
    0x080006ea   0x00000020   Code   RO         4517    .text               mc_w.l(llushr.o)
    0x0800070a   0x00000024   Code   RO         4519    .text               mc_w.l(llsshr.o)
    0x0800072e   0x00000002   PAD
    0x08000730   0x00000008   Code   RO         4521    .text               mc_w.l(ctype_o.o)
    0x08000738   0x0000009e   Code   RO         4549    .text               mc_w.l(_strtoul.o)
    0x080007d6   0x000000ba   Code   RO         4551    .text               mf_w.l(depilogue.o)
    0x08000890   0x0000001c   Code   RO         4553    .text               mc_w.l(_chval.o)
    0x080008ac   0x00000004   Code   RO         4101    i.BusFault_Handler  stm32f10x_it.o
    0x080008b0   0x0000005c   Code   RO         3311    i.DHT11_Check       dht11.o
    0x0800090c   0x0000002c   Code   RO         3312    i.DHT11_Init        dht11.o
    0x08000938   0x00000024   Code   RO         3313    i.DHT11_Pin_Mode    dht11.o
    0x0800095c   0x00000058   Code   RO         3314    i.DHT11_RecBit      dht11.o
    0x080009b4   0x0000001e   Code   RO         3315    i.DHT11_RecByte     dht11.o
    0x080009d2   0x0000006e   Code   RO         3316    i.DHT11_RecData     dht11.o
    0x08000a40   0x0000002c   Code   RO         3317    i.DHT11_Start       dht11.o
    0x08000a6c   0x00000002   Code   RO         4102    i.DebugMon_Handler  stm32f10x_it.o
    0x08000a6e   0x00000002   PAD
    0x08000a70   0x0000001c   Code   RO         3362    i.ESP8266_Clear     esp8266.o
    0x08000a8c   0x00000050   Code   RO         3363    i.ESP8266_GetIPD    esp8266.o
    0x08000adc   0x000001e8   Code   RO         3364    i.ESP8266_Init      esp8266.o
    0x08000cc4   0x00000050   Code   RO         3365    i.ESP8266_SendCmd   esp8266.o
    0x08000d14   0x00000040   Code   RO         3366    i.ESP8266_SendData  esp8266.o
    0x08000d54   0x00000034   Code   RO         3367    i.ESP8266_WaitRecive  esp8266.o
    0x08000d88   0x00000116   Code   RO         1347    i.GPIO_Init         stm32f10x_gpio.o
    0x08000e9e   0x00000012   Code   RO         1351    i.GPIO_ReadInputDataBit  stm32f10x_gpio.o
    0x08000eb0   0x00000004   Code   RO         1354    i.GPIO_ResetBits    stm32f10x_gpio.o
    0x08000eb4   0x00000004   Code   RO         1355    i.GPIO_SetBits      stm32f10x_gpio.o
    0x08000eb8   0x00000004   Code   RO         4103    i.HardFault_Handler  stm32f10x_it.o
    0x08000ebc   0x00000014   Code   RO         3281    i.LED2_OFF          led.o
    0x08000ed0   0x00000014   Code   RO         3282    i.LED2_ON           led.o
    0x08000ee4   0x00000038   Code   RO         3284    i.LED_Init          led.o
    0x08000f1c   0x0000001c   Code   RO         3839    i.MQTT_DeleteBuffer  mqttkit.o
    0x08000f38   0x0000002e   Code   RO         3840    i.MQTT_DumpLength   mqttkit.o
    0x08000f66   0x00000058   Code   RO         3841    i.MQTT_NewBuffer    mqttkit.o
    0x08000fbe   0x00000002   PAD
    0x08000fc0   0x0000008c   Code   RO         3842    i.MQTT_PacketCmdResp  mqttkit.o
    0x0800104c   0x000002a0   Code   RO         3843    i.MQTT_PacketConnect  mqttkit.o
    0x080012ec   0x000001b8   Code   RO         3846    i.MQTT_PacketPublish  mqttkit.o
    0x080014a4   0x00000048   Code   RO         3847    i.MQTT_PacketPublishAck  mqttkit.o
    0x080014ec   0x00000048   Code   RO         3848    i.MQTT_PacketPublishComp  mqttkit.o
    0x08001534   0x00000048   Code   RO         3849    i.MQTT_PacketPublishRec  mqttkit.o
    0x0800157c   0x00000048   Code   RO         3850    i.MQTT_PacketPublishRel  mqttkit.o
    0x080015c4   0x00000046   Code   RO         3855    i.MQTT_ReadLength   mqttkit.o
    0x0800160a   0x0000008c   Code   RO         3856    i.MQTT_UnPacketCmd  mqttkit.o
    0x08001696   0x0000001e   Code   RO         3857    i.MQTT_UnPacketConnectAck  mqttkit.o
    0x080016b4   0x000001c0   Code   RO         3858    i.MQTT_UnPacketPublish  mqttkit.o
    0x08001874   0x0000001e   Code   RO         3859    i.MQTT_UnPacketPublishAck  mqttkit.o
    0x08001892   0x0000001e   Code   RO         3860    i.MQTT_UnPacketPublishComp  mqttkit.o
    0x080018b0   0x0000001e   Code   RO         3861    i.MQTT_UnPacketPublishRec  mqttkit.o
    0x080018ce   0x00000024   Code   RO         3862    i.MQTT_UnPacketPublishRel  mqttkit.o
    0x080018f2   0x00000002   PAD
    0x080018f4   0x00000074   Code   RO         3863    i.MQTT_UnPacketRecv  mqttkit.o
    0x08001968   0x00000034   Code   RO         3864    i.MQTT_UnPacketSubscribe  mqttkit.o
    0x0800199c   0x00000012   Code   RO         3865    i.MQTT_UnPacketUnSubscribe  mqttkit.o
    0x080019ae   0x00000004   Code   RO         4104    i.MemManage_Handler  stm32f10x_it.o
    0x080019b2   0x00000002   Code   RO         4105    i.NMI_Handler       stm32f10x_it.o
    0x080019b4   0x00000070   Code   RO          137    i.NVIC_Init         misc.o
    0x08001a24   0x00000014   Code   RO          138    i.NVIC_PriorityGroupConfig  misc.o
    0x08001a38   0x00000260   Code   RO         4023    i.OneNet_DevLink    onenet.o
    0x08001c98   0x0000007c   Code   RO         4024    i.OneNet_Publish    onenet.o
    0x08001d14   0x00000410   Code   RO         4025    i.OneNet_RevPro     onenet.o
    0x08002124   0x00000002   Code   RO         4106    i.PendSV_Handler    stm32f10x_it.o
    0x08002126   0x00000012   Code   RO         3462    i.Queue_IfFull      ring_queue_1.o
    0x08002138   0x00000022   Code   RO         3463    i.Queue_Init        ring_queue_1.o
    0x0800215a   0x00000036   Code   RO         3465    i.Queue_Put         ring_queue_1.o
    0x08002190   0x00000020   Code   RO         1775    i.RCC_APB1PeriphClockCmd  stm32f10x_rcc.o
    0x080021b0   0x00000020   Code   RO         1776    i.RCC_APB1PeriphResetCmd  stm32f10x_rcc.o
    0x080021d0   0x00000020   Code   RO         1777    i.RCC_APB2PeriphClockCmd  stm32f10x_rcc.o
    0x080021f0   0x00000020   Code   RO         1778    i.RCC_APB2PeriphResetCmd  stm32f10x_rcc.o
    0x08002210   0x000000d4   Code   RO         1785    i.RCC_GetClocksFreq  stm32f10x_rcc.o
    0x080022e4   0x00000024   Code   RO         3749    i.SDA_IN            sgp30.o
    0x08002308   0x00000024   Code   RO         3750    i.SDA_OUT           sgp30.o
    0x0800232c   0x00000038   Code   RO         3751    i.SGP30_GPIO_Init   sgp30.o
    0x08002364   0x00000038   Code   RO         3752    i.SGP30_IIC_Ack     sgp30.o
    0x0800239c   0x00000038   Code   RO         3753    i.SGP30_IIC_NAck    sgp30.o
    0x080023d4   0x00000064   Code   RO         3754    i.SGP30_IIC_Read_Byte  sgp30.o
    0x08002438   0x00000064   Code   RO         3755    i.SGP30_IIC_Send_Byte  sgp30.o
    0x0800249c   0x00000038   Code   RO         3756    i.SGP30_IIC_Start   sgp30.o
    0x080024d4   0x00000034   Code   RO         3757    i.SGP30_IIC_Stop    sgp30.o
    0x08002508   0x00000058   Code   RO         3758    i.SGP30_IIC_Wait_Ack  sgp30.o
    0x08002560   0x00000010   Code   RO         3759    i.SGP30_Init        sgp30.o
    0x08002570   0x00000048   Code   RO         3760    i.SGP30_Read        sgp30.o
    0x080025b8   0x00000034   Code   RO         3761    i.SGP30_Write       sgp30.o
    0x080025ec   0x00000002   Code   RO         4107    i.SVC_Handler       stm32f10x_it.o
    0x080025ee   0x00000002   PAD
    0x080025f0   0x000000c8   Code   RO         3583    i.Serial2_Init      serial2.o
    0x080026b8   0x00000020   Code   RO         3586    i.Serial2_SendByte  serial2.o
    0x080026d8   0x0000001a   Code   RO         3588    i.Serial2_SendString  serial2.o
    0x080026f2   0x00000002   PAD
    0x080026f4   0x000000ec   Code   RO         3514    i.Serial3_Init      serial3.o
    0x080027e0   0x000000cc   Code   RO         3684    i.Serial_Init       serial.o
    0x080028ac   0x00000008   Code   RO           17    i.SetSysClock       system_stm32f10x.o
    0x080028b4   0x000000e0   Code   RO           18    i.SetSysClockTo72   system_stm32f10x.o
    0x08002994   0x00000028   Code   RO          141    i.SysTick_CLKSourceConfig  misc.o
    0x080029bc   0x00000002   Code   RO         4108    i.SysTick_Handler   stm32f10x_it.o
    0x080029be   0x00000002   PAD
    0x080029c0   0x00000060   Code   RO           20    i.SystemInit        system_stm32f10x.o
    0x08002a20   0x00000048   Code   RO         3690    i.USART1_IRQHandler  serial.o
    0x08002a68   0x00000048   Code   RO         3589    i.USART2_IRQHandler  serial2.o
    0x08002ab0   0x0000004c   Code   RO         3368    i.USART3_IRQHandler  esp8266.o
    0x08002afc   0x00000012   Code   RO         2956    i.USART_ClearFlag   stm32f10x_usart.o
    0x08002b0e   0x0000001e   Code   RO         2957    i.USART_ClearITPendingBit  stm32f10x_usart.o
    0x08002b2c   0x00000018   Code   RO         2960    i.USART_Cmd         stm32f10x_usart.o
    0x08002b44   0x0000009c   Code   RO         2962    i.USART_DeInit      stm32f10x_usart.o
    0x08002be0   0x0000001a   Code   RO         2963    i.USART_GetFlagStatus  stm32f10x_usart.o
    0x08002bfa   0x00000054   Code   RO         2964    i.USART_GetITStatus  stm32f10x_usart.o
    0x08002c4e   0x0000004a   Code   RO         2966    i.USART_ITConfig    stm32f10x_usart.o
    0x08002c98   0x000000d8   Code   RO         2967    i.USART_Init        stm32f10x_usart.o
    0x08002d70   0x0000000a   Code   RO         2974    i.USART_ReceiveData  stm32f10x_usart.o
    0x08002d7a   0x00000008   Code   RO         2977    i.USART_SendData    stm32f10x_usart.o
    0x08002d82   0x00000004   Code   RO         4109    i.UsageFault_Handler  stm32f10x_it.o
    0x08002d86   0x00000002   PAD
    0x08002d88   0x00000030   Code   RO         3520    i.Usart3_SendString  serial3.o
    0x08002db8   0x00000048   Code   RO         3591    i.UsartPrintf       serial2.o
    0x08002e00   0x00000028   Code   RO         4416    i.__0sprintf        mc_w.l(printfa.o)
    0x08002e28   0x00000024   Code   RO         4419    i.__0vsnprintf      mc_w.l(printfa.o)
    0x08002e4c   0x00000008   Code   RO         4493    i.__aeabi_errno_addr  mc_w.l(errno.o)
    0x08002e54   0x0000000e   Code   RO         4557    i.__scatterload_copy  mc_w.l(handlers.o)
    0x08002e62   0x00000002   Code   RO         4558    i.__scatterload_null  mc_w.l(handlers.o)
    0x08002e64   0x0000000e   Code   RO         4559    i.__scatterload_zeroinit  mc_w.l(handlers.o)
    0x08002e72   0x00000002   PAD
    0x08002e74   0x00000164   Code   RO         4421    i._fp_digits        mc_w.l(printfa.o)
    0x08002fd8   0x000006dc   Code   RO         4422    i._printf_core      mc_w.l(printfa.o)
    0x080036b4   0x00000024   Code   RO         4423    i._printf_post_padding  mc_w.l(printfa.o)
    0x080036d8   0x0000002e   Code   RO         4424    i._printf_pre_padding  mc_w.l(printfa.o)
    0x08003706   0x00000016   Code   RO         4425    i._snputc           mc_w.l(printfa.o)
    0x0800371c   0x0000000a   Code   RO         4426    i._sputc            mc_w.l(printfa.o)
    0x08003726   0x00000002   PAD
    0x08003728   0x00000044   Code   RO         3196    i.delay_init        delay.o
    0x0800376c   0x0000004c   Code   RO         3197    i.delay_ms          delay.o
    0x080037b8   0x0000004c   Code   RO         3198    i.delay_us          delay.o
    0x08003804   0x00000050   Code   RO         4442    i.free              mc_w.l(malloc.o)
    0x08003854   0x00000164   Code   RO         4061    i.main              main.o
    0x080039b8   0x0000006c   Code   RO         4443    i.malloc            mc_w.l(malloc.o)
    0x08003a24   0x00000081   Data   RO         4522    .constdata          mc_w.l(ctype_o.o)
    0x08003aa5   0x00000003   PAD
    0x08003aa8   0x00000004   Data   RO         4523    .constdata          mc_w.l(ctype_o.o)
    0x08003aac   0x00000020   Data   RO         4555    Region$$Table       anon$$obj.o


    Execution Region ER_RW (Base: 0x20000000, Size: 0x00000044, Max: 0xffffffff, ABSOLUTE)

    Base Addr    Size         Type   Attr      Idx    E Section Name        Object

    0x20000000   0x00000014   Data   RW           21    .data               system_stm32f10x.o
    0x20000014   0x00000014   Data   RW         1805    .data               stm32f10x_rcc.o
    0x20000028   0x00000004   Data   RW         3199    .data               delay.o
    0x2000002c   0x00000004   Data   RW         3370    .data               esp8266.o
    0x20000030   0x00000002   Data   RW         3596    .data               serial2.o
    0x20000032   0x00000002   Data   RW         3692    .data               serial.o
    0x20000034   0x00000002   Data   RW         4027    .data               onenet.o
    0x20000036   0x00000002   PAD
    0x20000038   0x00000004   Data   RW         4491    .data               mc_w.l(mvars.o)
    0x2000003c   0x00000004   Data   RW         4492    .data               mc_w.l(mvars.o)
    0x20000040   0x00000004   Data   RW         4496    .data               mc_w.l(errno.o)


    Execution Region ER_ZI (Base: 0x20000044, Size: 0x00000994, Max: 0xffffffff, ABSOLUTE)

    Base Addr    Size         Type   Attr      Idx    E Section Name        Object

    0x20000044   0x00000080   Zero   RW         3369    .bss                esp8266.o
    0x200000c4   0x00000106   Zero   RW         3521    .bss                serial3.o
    0x200001ca   0x00000106   Zero   RW         3595    .bss                serial2.o
    0x200002d0   0x00000106   Zero   RW         3691    .bss                serial.o
    0x200003d6   0x00000002   PAD
    0x200003d8   0x00000200   Zero   RW          131    HEAP                startup_stm32f10x_hd.o
    0x200005d8   0x00000400   Zero   RW          130    STACK               startup_stm32f10x_hd.o


==============================================================================

Image component sizes


      Code (inc. data)   RO Data    RW Data    ZI Data      Debug   Object Name

         0          0          0          0          0       4536   core_cm3.o
       220         26          0          4          0       1443   delay.o
       444         28          0          0          0       3897   dht11.o
       868        352          0          4        128       5011   esp8266.o
        96         18          0          0          0       1180   led.o
       356         82          0          0          0        799   main.o
       172         22          0          0          0     206433   misc.o
      2702         34          0          0          0      16838   mqttkit.o
      1772        902          0          2          0       3714   onenet.o
       106          0          0          0          0       1764   ring_queue_1.o
       276         36          0          2        262       1320   serial.o
       402         40          0          2        262       3948   serial2.o
       284         20          0          0        262       1471   serial3.o
       776         86          0          0          0       6022   sgp30.o
        36          8        304          0       1536        748   startup_stm32f10x_hd.o
         0          0          0          0          0       1620   stm32f10x_adc.o
       304          0          0          0          0      11564   stm32f10x_gpio.o
        26          0          0          0          0       3398   stm32f10x_it.o
       340         44          0         20          0      13768   stm32f10x_rcc.o
       646         28          0          0          0      13088   stm32f10x_usart.o
       328         28          0         20          0      24893   system_stm32f10x.o

    ----------------------------------------------------------------------
     10168       1754        336         56       2452     327455   Object Totals
         0          0         32          0          0          0   (incl. Generated)
        14          0          0          2          2          0   (incl. Padding)

    ----------------------------------------------------------------------

      Code (inc. data)   RO Data    RW Data    ZI Data      Debug   Library Member Name

        28          0          0          0          0         68   _chval.o
       158          0          0          0          0         92   _strtoul.o
        26          0          0          0          0         80   atoi.o
         8          4        133          0          0         68   ctype_o.o
         0          0          0          0          0          0   entry.o
         0          0          0          0          0          0   entry10a.o
         0          0          0          0          0          0   entry11a.o
         8          4          0          0          0          0   entry2.o
         4          0          0          0          0          0   entry5.o
         0          0          0          0          0          0   entry7b.o
         0          0          0          0          0          0   entry8b.o
         8          4          0          0          0          0   entry9a.o
         8          4          0          4          0         68   errno.o
        30          0          0          0          0          0   handlers.o
        36          8          0          0          0         68   init.o
         0          0          0          0          0          0   iusefp.o
        30          0          0          0          0         68   llshl.o
        36          0          0          0          0         68   llsshr.o
        32          0          0          0          0         68   llushr.o
       188         20          0          0          0        160   malloc.o
        36          0          0          0          0         68   memcpya.o
        36          0          0          0          0        108   memseta.o
         0          0          0          8          0          0   mvars.o
      2302         90          0          0          0        660   printfa.o
        20          0          0          0          0         68   strchr.o
        14          0          0          0          0         68   strlen.o
        40          0          0          0          0         76   strncat.o
        36          0          0          0          0         80   strstr.o
       112          0          0          0          0         88   strtol.o
        44          0          0          0          0         80   uidiv.o
        98          0          0          0          0         92   uldiv.o
        48          0          0          0          0         68   cdrcmple.o
       334          0          0          0          0        148   dadd.o
       222          0          0          0          0        100   ddiv.o
       186          0          0          0          0        176   depilogue.o
        48          0          0          0          0         68   dfixul.o
       228          0          0          0          0         96   dmul.o

    ----------------------------------------------------------------------
      4412        134        136         12          0       2852   Library Totals
         8          0          3          0          0          0   (incl. Padding)

    ----------------------------------------------------------------------

      Code (inc. data)   RO Data    RW Data    ZI Data      Debug   Library Name

      3338        134        133         12          0       2196   mc_w.l
      1066          0          0          0          0        656   mf_w.l

    ----------------------------------------------------------------------
      4412        134        136         12          0       2852   Library Totals

    ----------------------------------------------------------------------

==============================================================================


      Code (inc. data)   RO Data    RW Data    ZI Data      Debug   

     14580       1888        472         68       2452     323647   Grand Totals
     14580       1888        472         68       2452     323647   ELF Image Totals
     14580       1888        472         68          0          0   ROM Totals

==============================================================================

    Total RO  Size (Code + RO Data)                15052 (  14.70kB)
    Total RW  Size (RW Data + ZI Data)              2520 (   2.46kB)
    Total ROM Size (Code + RO Data + RW Data)      15120 (  14.77kB)

==============================================================================

